Component: ARM Compiler 5.06 update 7 (build 960) Tool: armlink [4d3601]

==============================================================================

Section Cross References

    startup_stm32f103xb.o(STACK) refers (Special) to heapauxi.o(.text) for __use_two_region_memory
    startup_stm32f103xb.o(HEAP) refers (Special) to heapauxi.o(.text) for __use_two_region_memory
    startup_stm32f103xb.o(RESET) refers (Special) to heapauxi.o(.text) for __use_two_region_memory
    startup_stm32f103xb.o(RESET) refers to startup_stm32f103xb.o(STACK) for __initial_sp
    startup_stm32f103xb.o(RESET) refers to startup_stm32f103xb.o(.text) for Reset_Handler
    startup_stm32f103xb.o(RESET) refers to stm32f1xx_it.o(i.NMI_Handler) for NMI_Handler
    startup_stm32f103xb.o(RESET) refers to stm32f1xx_it.o(i.HardFault_Handler) for HardFault_Handler
    startup_stm32f103xb.o(RESET) refers to stm32f1xx_it.o(i.MemManage_Handler) for MemManage_Handler
    startup_stm32f103xb.o(RESET) refers to stm32f1xx_it.o(i.BusFault_Handler) for BusFault_Handler
    startup_stm32f103xb.o(RESET) refers to stm32f1xx_it.o(i.UsageFault_Handler) for UsageFault_Handler
    startup_stm32f103xb.o(RESET) refers to port.o(.emb_text) for SVC_Handler
    startup_stm32f103xb.o(RESET) refers to stm32f1xx_it.o(i.DebugMon_Handler) for DebugMon_Handler
    startup_stm32f103xb.o(RESET) refers to port.o(i.SysTick_Handler) for SysTick_Handler
    startup_stm32f103xb.o(RESET) refers to stm32f1xx_it.o(i.DMA1_Channel5_IRQHandler) for DMA1_Channel5_IRQHandler
    startup_stm32f103xb.o(RESET) refers to stm32f1xx_it.o(i.TIM2_IRQHandler) for TIM2_IRQHandler
    startup_stm32f103xb.o(RESET) refers to stm32f1xx_it.o(i.TIM4_IRQHandler) for TIM4_IRQHandler
    startup_stm32f103xb.o(RESET) refers to stm32f1xx_it.o(i.USART2_IRQHandler) for USART2_IRQHandler
    startup_stm32f103xb.o(.text) refers (Special) to heapauxi.o(.text) for __use_two_region_memory
    startup_stm32f103xb.o(.text) refers to system_stm32f1xx.o(i.SystemInit) for SystemInit
    startup_stm32f103xb.o(.text) refers to __main.o(!!!main) for __main
    startup_stm32f103xb.o(.text) refers to startup_stm32f103xb.o(HEAP) for Heap_Mem
    startup_stm32f103xb.o(.text) refers to startup_stm32f103xb.o(STACK) for Stack_Mem
    my_maincode.o(i.MY_MainCode_Init) refers to my_maincode.o(i.MainCode_Thread_Start) for MainCode_Thread_Start
    my_maincode.o(i.MY_MainCode_Init) refers to my_maincode.o(.bss) for .bss
    my_maincode.o(i.MainCode_Thread) refers to my_bluetooth.o(i.Blue_Init) for Blue_Init
    my_maincode.o(i.MainCode_Thread) refers to lcd_api.o(i.LCDapi_init) for LCDapi_init
    my_maincode.o(i.MainCode_Thread) refers to key.o(i.KEY_Init) for KEY_Init
    my_maincode.o(i.MainCode_Thread) refers to my_bluetooth.o(i.ReBlueRx_QueueStruct) for ReBlueRx_QueueStruct
    my_maincode.o(i.MainCode_Thread) refers to my_bluetooth.o(i.ReBlueTx_QueueStruct) for ReBlueTx_QueueStruct
    my_maincode.o(i.MainCode_Thread) refers to lcd_api.o(i.ReLCD_QueueStruct) for ReLCD_QueueStruct
    my_maincode.o(i.MainCode_Thread) refers to key.o(i.ReKEY_QueueStruct) for ReKEY_QueueStruct
    my_maincode.o(i.MainCode_Thread) refers to queue.o(i.xQueueCreateSet) for xQueueCreateSet
    my_maincode.o(i.MainCode_Thread) refers to queue.o(i.xQueueAddToSet) for xQueueAddToSet
    my_maincode.o(i.MainCode_Thread) refers to my_bluetooth.o(i.BlueRx_Thread_Start) for BlueRx_Thread_Start
    my_maincode.o(i.MainCode_Thread) refers to my_bluetooth.o(i.BlueTx_Thread_Start) for BlueTx_Thread_Start
    my_maincode.o(i.MainCode_Thread) refers to lcd_api.o(i.LCD_Thread_Start) for LCD_Thread_Start
    my_maincode.o(i.MainCode_Thread) refers to queue.o(i.xQueueSelectFromSet) for xQueueSelectFromSet
    my_maincode.o(i.MainCode_Thread) refers to my_maincode.o(i.Read_BlueRx_Queue) for Read_BlueRx_Queue
    my_maincode.o(i.MainCode_Thread) refers to my_maincode.o(i.Read_KEYRx_Queue) for Read_KEYRx_Queue
    my_maincode.o(i.MainCode_Thread) refers to my_maincode.o(.data) for .data
    my_maincode.o(i.MainCode_Thread) refers to my_maincode.o(.bss) for .bss
    my_maincode.o(i.MainCode_Thread_Start) refers to tasks.o(i.xTaskCreateStatic) for xTaskCreateStatic
    my_maincode.o(i.MainCode_Thread_Start) refers to my_maincode.o(.bss) for .bss
    my_maincode.o(i.MainCode_Thread_Start) refers to my_maincode.o(i.MainCode_Thread) for MainCode_Thread
    my_maincode.o(i.Read_BlueRx_Queue) refers to queue.o(i.xQueueReceive) for xQueueReceive
    my_maincode.o(i.Read_BlueRx_Queue) refers to fmul.o(x$fpl$fmul) for __aeabi_fmul
    my_maincode.o(i.Read_BlueRx_Queue) refers to f2d.o(x$fpl$f2d) for __aeabi_f2d
    my_maincode.o(i.Read_BlueRx_Queue) refers to ddiv.o(x$fpl$ddiv) for __aeabi_ddiv
    my_maincode.o(i.Read_BlueRx_Queue) refers to dfixu.o(x$fpl$dfixu) for __aeabi_d2uiz
    my_maincode.o(i.Read_BlueRx_Queue) refers to my_maincode.o(.data) for .data
    my_maincode.o(i.Read_KEYRx_Queue) refers to queue.o(i.xQueueReceive) for xQueueReceive
[...]
    SPI1_IRQHandler                          0x08000257   Thumb Code     0  startup_stm32f103xb.o(.text)
    SPI2_IRQHandler                          0x08000257   Thumb Code     0  startup_stm32f103xb.o(.text)
    TAMPER_IRQHandler                        0x08000257   Thumb Code     0  startup_stm32f103xb.o(.text)
    TIM1_BRK_IRQHandler                      0x08000257   Thumb Code     0  startup_stm32f103xb.o(.text)
    TIM1_CC_IRQHandler                       0x08000257   Thumb Code     0  startup_stm32f103xb.o(.text)
    TIM1_TRG_COM_IRQHandler                  0x08000257   Thumb Code     0  startup_stm32f103xb.o(.text)
    TIM1_UP_IRQHandler                       0x08000257   Thumb Code     0  startup_stm32f103xb.o(.text)
    TIM3_IRQHandler                          0x08000257   Thumb Code     0  startup_stm32f103xb.o(.text)
    USART1_IRQHandler                        0x08000257   Thumb Code     0  startup_stm32f103xb.o(.text)
    USART3_IRQHandler                        0x08000257   Thumb Code     0  startup_stm32f103xb.o(.text)
    USBWakeUp_IRQHandler                     0x08000257   Thumb Code     0  startup_stm32f103xb.o(.text)
    USB_HP_CAN1_TX_IRQHandler                0x08000257   Thumb Code     0  startup_stm32f103xb.o(.text)
    USB_LP_CAN1_RX0_IRQHandler               0x08000257   Thumb Code     0  startup_stm32f103xb.o(.text)
    WWDG_IRQHandler                          0x08000257   Thumb Code     0  startup_stm32f103xb.o(.text)
    __user_initial_stackheap                 0x08000259   Thumb Code     0  startup_stm32f103xb.o(.text)
    __0sscanf                                0x0800027d   Thumb Code    52  __0sscanf.o(.text)
    _scanf_int                               0x080002b9   Thumb Code   332  _scanf_int.o(.text)
    strstr                                   0x08000405   Thumb Code    36  strstr.o(.text)
    strlen                                   0x08000429   Thumb Code    62  strlen.o(.text)
    strncmp                                  0x08000467   Thumb Code   150  strncmp.o(.text)
    __aeabi_memcpy                           0x080004fd   Thumb Code     0  rt_memcpy_v6.o(.text)
    __rt_memcpy                              0x080004fd   Thumb Code   138  rt_memcpy_v6.o(.text)
    _memcpy_lastbytes                        0x08000563   Thumb Code     0  rt_memcpy_v6.o(.text)
    __aeabi_memset                           0x08000587   Thumb Code    16  aeabi_memset.o(.text)
    __aeabi_memclr4                          0x08000597   Thumb Code     0  rt_memclr_w.o(.text)
    __aeabi_memclr8                          0x08000597   Thumb Code     0  rt_memclr_w.o(.text)
    __rt_memclr_w                            0x08000597   Thumb Code    78  rt_memclr_w.o(.text)
    _memset_w                                0x0800059b   Thumb Code     0  rt_memclr_w.o(.text)
    strncpy                                  0x080005e5   Thumb Code    86  strncpy.o(.text)
    __use_two_region_memory                  0x0800063b   Thumb Code     2  heapauxi.o(.text)
    __rt_heap_escrow$2region                 0x0800063d   Thumb Code     2  heapauxi.o(.text)
    __rt_heap_expand$2region                 0x0800063f   Thumb Code     2  heapauxi.o(.text)
    _chval                                   0x08000641   Thumb Code    28  _chval.o(.text)
    _scanf_really_real                       0x080008a9   Thumb Code   684  scanf_fp.o(.text)
    __vfscanf_char                           0x08000b61   Thumb Code    24  scanf_char.o(.text)
    _sgetc                                   0x08000b81   Thumb Code    30  _sgetc.o(.text)
    _sbackspace                              0x08000b9f   Thumb Code    34  _sgetc.o(.text)
    __aeabi_memcpy4                          0x08000bc1   Thumb Code     0  rt_memcpy_w.o(.text)
    __aeabi_memcpy8                          0x08000bc1   Thumb Code     0  rt_memcpy_w.o(.text)
    __rt_memcpy_w                            0x08000bc1   Thumb Code   100  rt_memcpy_w.o(.text)
    _memcpy_lastbytes_aligned                0x08000c09   Thumb Code     0  rt_memcpy_w.o(.text)
    __aeabi_memclr                           0x08000c25   Thumb Code     0  rt_memclr.o(.text)
    __rt_memclr                              0x08000c25   Thumb Code    68  rt_memclr.o(.text)
    _memset                                  0x08000c29   Thumb Code     0  rt_memclr.o(.text)
    __rt_locale                              0x08000c69   Thumb Code     8  rt_locale_intlibspace.o(.text)
    __aeabi_errno_addr                       0x08000c71   Thumb Code     8  rt_errno_addr_intlibspace.o(.text)
    __errno$intlibspace                      0x08000c71   Thumb Code     0  rt_errno_addr_intlibspace.o(.text)
    __rt_errno_addr$intlibspace              0x08000c71   Thumb Code     0  rt_errno_addr_intlibspace.o(.text)
    isspace                                  0x08000c79   Thumb Code    18  isspace.o(.text)
    __vfscanf                                0x08000c8d   Thumb Code   880  _scanf.o(.text)
    _btod_etento                             0x08001001   Thumb Code   224  bigflt0.o(.text)
    __user_libspace                          0x080010e5   Thumb Code     8  libspace.o(.text)
    __user_perproc_libspace                  0x080010e5   Thumb Code     0  libspace.o(.text)
    __user_perthread_libspace                0x080010e5   Thumb Code     0  libspace.o(.text)
    __user_setup_stackheap                   0x080010ed   Thumb Code    74  sys_stackheap_outer.o(.text)
    __rt_ctype_table                         0x08001139   Thumb Code    16  rt_ctype_table.o(.text)
    __read_errno                             0x08001149   Thumb Code    10  _rserrno.o(.text)
    __set_errno                              0x08001153   Thumb Code    12  _rserrno.o(.text)
    _scanf_really_hex_real                   0x08001161   Thumb Code   786  scanf_hexfp.o(.text)
    _scanf_really_infnan                     0x08001481   Thumb Code   292  scanf_infnan.o(.text)
    exit                                     0x080015b5   Thumb Code    18  exit.o(.text)
    strcmp                                   0x080015c9   Thumb Code   128  strcmpv7m.o(.text)
    __aeabi_llsl                             0x08001649   Thumb Code     0  llshl.o(.text)
    _ll_shift_l                              0x08001649   Thumb Code    38  llshl.o(.text)
    _sys_exit                                0x08001671   Thumb Code     8  sys_exit.o(.text)
    __I$use$semihosting                      0x0800167d   Thumb Code     0  use_no_semi.o(.text)
    __use_no_semihosting_swi                 0x0800167d   Thumb Code     2  use_no_semi.o(.text)
    __btod_div_common                        0x0800167f   Thumb Code   696  btod.o(CL$$btod_div_common)
    __semihosting_library_function           0x0800167f   Thumb Code     0  indicate_semi.o(.text)
    _e2d                                     0x080019b9   Thumb Code   122  btod.o(CL$$btod_e2d)
    _e2e                                     0x08001a3d   Thumb Code   220  btod.o(CL$$btod_e2e)
    _btod_ediv                               0x08001b19   Thumb Code    42  btod.o(CL$$btod_ediv)
    _btod_edivd                              0x08001b43   Thumb Code    42  btod.o(CL$$btod_edivd)
    _btod_emul                               0x08001b6d   Thumb Code    42  btod.o(CL$$btod_emul)
    _btod_emuld                              0x08001b97   Thumb Code    42  btod.o(CL$$btod_emuld)
    __btod_mult_common                       0x08001bc1   Thumb Code   580  btod.o(CL$$btod_mult_common)
    ADC_ConversionStop_Disable               0x08001e05   Thumb Code    86  stm32f1xx_hal_adc.o(i.ADC_ConversionStop_Disable)
    BlueRx_Thread                            0x08001e5d   Thumb Code   152  my_bluetooth.o(i.BlueRx_Thread)
    BlueRx_Thread_Start                      0x08001f39   Thumb Code    26  my_bluetooth.o(i.BlueRx_Thread_Start)
    BlueTx_Thread                            0x08001f65   Thumb Code    74  my_bluetooth.o(i.BlueTx_Thread)
    BlueTx_Thread_Start                      0x08001fb5   Thumb Code    26  my_bluetooth.o(i.BlueTx_Thread_Start)
    Blue_Init                                0x08001fe1   Thumb Code    34  my_bluetooth.o(i.Blue_Init)
    BusFault_Handler                         0x08002009   Thumb Code     2  stm32f1xx_it.o(i.BusFault_Handler)
    DMA1_Channel5_IRQHandler                 0x0800200d   Thumb Code     6  stm32f1xx_it.o(i.DMA1_Channel5_IRQHandler)
    DebugMon_Handler                         0x08002043   Thumb Code     2  stm32f1xx_it.o(i.DebugMon_Handler)
    Error_Handler                            0x08002045   Thumb Code     4  main.o(i.Error_Handler)
    GameSoundTimer_Func                      0x08002049   Thumb Code    84  my_usart.o(i.GameSoundTimer_Func)
    HAL_ADC_ConfigChannel                    0x080020a5   Thumb Code   240  stm32f1xx_hal_adc.o(i.HAL_ADC_ConfigChannel)
    HAL_ADC_Init                             0x080021a1   Thumb Code   272  stm32f1xx_hal_adc.o(i.HAL_ADC_Init)
    HAL_ADC_MspInit                          0x080022bd   Thumb Code    76  adc.o(i.HAL_ADC_MspInit)
    HAL_DMA_Abort                            0x08002315   Thumb Code    70  stm32f1xx_hal_dma.o(i.HAL_DMA_Abort)
    HAL_DMA_Abort_IT                         0x0800235d   Thumb Code   148  stm32f1xx_hal_dma.o(i.HAL_DMA_Abort_IT)
    HAL_DMA_IRQHandler                       0x080023f5   Thumb Code   316  stm32f1xx_hal_dma.o(i.HAL_DMA_IRQHandler)
    HAL_DMA_Init                             0x08002549   Thumb Code    84  stm32f1xx_hal_dma.o(i.HAL_DMA_Init)
    HAL_DMA_Start_IT                         0x080025a5   Thumb Code   112  stm32f1xx_hal_dma.o(i.HAL_DMA_Start_IT)
    HAL_GPIO_Init                            0x08002615   Thumb Code   446  stm32f1xx_hal_gpio.o(i.HAL_GPIO_Init)
    HAL_GPIO_ReadPin                         0x080027f5   Thumb Code    10  stm32f1xx_hal_gpio.o(i.HAL_GPIO_ReadPin)
    HAL_GPIO_WritePin                        0x080027ff   Thumb Code    10  stm32f1xx_hal_gpio.o(i.HAL_GPIO_WritePin)
    HAL_GetTick                              0x08002809   Thumb Code     6  stm32f1xx_hal.o(i.HAL_GetTick)
    HAL_IncTick                              0x08002815   Thumb Code    12  stm32f1xx_hal.o(i.HAL_IncTick)
    HAL_Init                                 0x08002825   Thumb Code    32  stm32f1xx_hal.o(i.HAL_Init)
    HAL_InitTick                             0x08002849   Thumb Code   132  stm32f1xx_hal_timebase_tim.o(i.HAL_InitTick)
    HAL_MspInit                              0x080028e1   Thumb Code    62  stm32f1xx_hal_msp.o(i.HAL_MspInit)
    HAL_NVIC_EnableIRQ                       0x08002929   Thumb Code    26  stm32f1xx_hal_cortex.o(i.HAL_NVIC_EnableIRQ)
    HAL_NVIC_SetPriority                     0x08002945   Thumb Code    60  stm32f1xx_hal_cortex.o(i.HAL_NVIC_SetPriority)
    HAL_NVIC_SetPriorityGrouping             0x08002985   Thumb Code    26  stm32f1xx_hal_cortex.o(i.HAL_NVIC_SetPriorityGrouping)
    HAL_RCCEx_PeriphCLKConfig                0x080029a9   Thumb Code   224  stm32f1xx_hal_rcc_ex.o(i.HAL_RCCEx_PeriphCLKConfig)
    HAL_RCC_ClockConfig                      0x08002a95   Thumb Code   280  stm32f1xx_hal_rcc.o(i.HAL_RCC_ClockConfig)
    HAL_RCC_GetClockConfig                   0x08002bc1   Thumb Code    54  stm32f1xx_hal_rcc.o(i.HAL_RCC_GetClockConfig)
    HAL_RCC_GetPCLK1Freq                     0x08002c01   Thumb Code    20  stm32f1xx_hal_rcc.o(i.HAL_RCC_GetPCLK1Freq)
    HAL_RCC_GetPCLK2Freq                     0x08002c21   Thumb Code    20  stm32f1xx_hal_rcc.o(i.HAL_RCC_GetPCLK2Freq)
    HAL_RCC_GetSysClockFreq                  0x08002c41   Thumb Code    58  stm32f1xx_hal_rcc.o(i.HAL_RCC_GetSysClockFreq)
    HAL_RCC_OscConfig                        0x08002c8d   Thumb Code   778  stm32f1xx_hal_rcc.o(i.HAL_RCC_OscConfig)
    HAL_SPI_ErrorCallback                    0x08002fad   Thumb Code     2  stm32f1xx_hal_spi.o(i.HAL_SPI_ErrorCallback)
    HAL_SPI_Init                             0x08002faf   Thumb Code   178  stm32f1xx_hal_spi.o(i.HAL_SPI_Init)
    HAL_SPI_MspInit                          0x08003061   Thumb Code   144  spi.o(i.HAL_SPI_MspInit)
    HAL_SPI_Transmit_DMA                     0x08003105   Thumb Code   192  stm32f1xx_hal_spi.o(i.HAL_SPI_Transmit_DMA)
    HAL_SPI_TxCpltCallback                   0x080031d1   Thumb Code     2  stm32f1xx_hal_spi.o(i.HAL_SPI_TxCpltCallback)
    HAL_SPI_TxHalfCpltCallback               0x080031d3   Thumb Code     2  stm32f1xx_hal_spi.o(i.HAL_SPI_TxHalfCpltCallback)
    HAL_TIMEx_BreakCallback                  0x080031d5   Thumb Code     2  stm32f1xx_hal_tim_ex.o(i.HAL_TIMEx_BreakCallback)
    HAL_TIMEx_CommutCallback                 0x080031d7   Thumb Code     2  stm32f1xx_hal_tim_ex.o(i.HAL_TIMEx_CommutCallback)
    HAL_TIMEx_MasterConfigSynchronization    0x080031d9   Thumb Code    92  stm32f1xx_hal_tim_ex.o(i.HAL_TIMEx_MasterConfigSynchronization)
    HAL_TIM_Base_Init                        0x08003241   Thumb Code    90  stm32f1xx_hal_tim.o(i.HAL_TIM_Base_Init)
    HAL_TIM_Base_MspInit                     0x0800329d   Thumb Code    50  tim.o(i.HAL_TIM_Base_MspInit)
    HAL_TIM_Base_Start_IT                    0x080032d5   Thumb Code    76  stm32f1xx_hal_tim.o(i.HAL_TIM_Base_Start_IT)
    HAL_TIM_ConfigClockSource                0x0800332d   Thumb Code   220  stm32f1xx_hal_tim.o(i.HAL_TIM_ConfigClockSource)
    HAL_TIM_IC_CaptureCallback               0x08003409   Thumb Code     2  stm32f1xx_hal_tim.o(i.HAL_TIM_IC_CaptureCallback)
    HAL_TIM_IRQHandler                       0x0800340b   Thumb Code   358  stm32f1xx_hal_tim.o(i.HAL_TIM_IRQHandler)
    HAL_TIM_OC_DelayElapsedCallback          0x08003571   Thumb Code     2  stm32f1xx_hal_tim.o(i.HAL_TIM_OC_DelayElapsedCallback)
    HAL_TIM_PWM_PulseFinishedCallback        0x08003573   Thumb Code     2  stm32f1xx_hal_tim.o(i.HAL_TIM_PWM_PulseFinishedCallback)
    HAL_TIM_PeriodElapsedCallback            0x08003575   Thumb Code    38  main.o(i.HAL_TIM_PeriodElapsedCallback)
    HAL_TIM_TriggerCallback                  0x080035a1   Thumb Code     2  stm32f1xx_hal_tim.o(i.HAL_TIM_TriggerCallback)
    HAL_UARTEx_RxEventCallback               0x080035a3   Thumb Code     2  stm32f1xx_hal_uart.o(i.HAL_UARTEx_RxEventCallback)
    HAL_UART_ErrorCallback                   0x080035a5   Thumb Code     2  stm32f1xx_hal_uart.o(i.HAL_UART_ErrorCallback)
    HAL_UART_IRQHandler                      0x080035a9   Thumb Code   616  stm32f1xx_hal_uart.o(i.HAL_UART_IRQHandler)
    HAL_UART_Init                            0x08003815   Thumb Code   100  stm32f1xx_hal_uart.o(i.HAL_UART_Init)
    HAL_UART_MspInit                         0x08003879   Thumb Code   114  usart.o(i.HAL_UART_MspInit)
    HAL_UART_Receive_IT                      0x080038f9   Thumb Code    28  stm32f1xx_hal_uart.o(i.HAL_UART_Receive_IT)
    HAL_UART_RxCpltCallback                  0x08003915   Thumb Code    56  my_usart.o(i.HAL_UART_RxCpltCallback)
    HAL_UART_Transmit_IT                     0x0800395d   Thumb Code    50  stm32f1xx_hal_uart.o(i.HAL_UART_Transmit_IT)
    HAL_UART_TxCpltCallback                  0x08003991   Thumb Code    20  my_usart.o(i.HAL_UART_TxCpltCallback)
    HardFault_Handler                        0x080039ad   Thumb Code     2  stm32f1xx_it.o(i.HardFault_Handler)
    KEY_Init                                 0x080039b1   Thumb Code    18  key.o(i.KEY_Init)
    LCD_Address_Set                          0x080039c9   Thumb Code    66  lcd.o(i.LCD_Address_Set)
    LCD_Clear                                0x08003a0b   Thumb Code    18  lcd_api.o(i.LCD_Clear)
    LCD_DrawPoint                            0x08003a1d   Thumb Code    22  lcd.o(i.LCD_DrawPoint)
    LCD_Fill                                 0x08003a33   Thumb Code    62  lcd.o(i.LCD_Fill)
    LCD_Init                                 0x08003a71   Thumb Code   476  lcd.o(i.LCD_Init)
    LCD_Reset                                0x08003c51   Thumb Code    44  lcd.o(i.LCD_Reset)
    LCD_ShowChar                             0x08003c81   Thumb Code   252  lcd.o(i.LCD_ShowChar)
    LCD_ShowChinese                          0x08003d8d   Thumb Code    72  lcd.o(i.LCD_ShowChinese)
    LCD_ShowChinese12x12                     0x08003dd5   Thumb Code   228  lcd.o(i.LCD_ShowChinese12x12)
    LCD_ShowChinese16x16                     0x08003ebd   Thumb Code   224  lcd.o(i.LCD_ShowChinese16x16)
    LCD_ShowChinese24x24                     0x08003fa1   Thumb Code   228  lcd.o(i.LCD_ShowChinese24x24)
    LCD_ShowChinese32x32                     0x08004089   Thumb Code   224  lcd.o(i.LCD_ShowChinese32x32)
    LCD_ShowIntNum                           0x0800416d   Thumb Code   126  lcd.o(i.LCD_ShowIntNum)
    LCD_ShowPicture                          0x080041eb   Thumb Code    80  lcd.o(i.LCD_ShowPicture)
    LCD_ShowString                           0x0800423b   Thumb Code    58  lcd.o(i.LCD_ShowString)
    LCD_Thread                               0x08004275   Thumb Code   196  lcd_api.o(i.LCD_Thread)
    LCD_Thread_Start                         0x08004341   Thumb Code    26  lcd_api.o(i.LCD_Thread_Start)
    LCD_WR_DATA                              0x08004371   Thumb Code    20  lcd.o(i.LCD_WR_DATA)
    LCD_WR_REG                               0x08004385   Thumb Code    40  lcd.o(i.LCD_WR_REG)
    LCD_Writ_Bus                             0x080043b1   Thumb Code    40  lcd.o(i.LCD_Writ_Bus)
    LCDapi_init                              0x080043dd   Thumb Code    22  lcd_api.o(i.LCDapi_init)
    MX_ADC1_Init                             0x080043f9   Thumb Code    70  adc.o(i.MX_ADC1_Init)
    MX_DMA_Init                              0x08004449   Thumb Code    40  dma.o(i.MX_DMA_Init)
    MX_FREERTOS_Init                         0x08004475   Thumb Code    24  freertos.o(i.MX_FREERTOS_Init)
    MX_GPIO_Init                             0x08004499   Thumb Code   176  gpio.o(i.MX_GPIO_Init)
    MX_SPI2_Init                             0x08004555   Thumb Code    60  spi.o(i.MX_SPI2_Init)
    MX_TIM2_Init                             0x08004599   Thumb Code    96  tim.o(i.MX_TIM2_Init)
    MX_USART2_UART_Init                      0x080045fd   Thumb Code    48  usart.o(i.MX_USART2_UART_Init)
    MY_MainCode_Init                         0x08004635   Thumb Code     8  my_maincode.o(i.MY_MainCode_Init)
    MainCode_Thread                          0x08004641   Thumb Code   126  my_maincode.o(i.MainCode_Thread)
    MainCode_Thread_Start                    0x080046c9   Thumb Code    26  my_maincode.o(i.MainCode_Thread_Start)
    MemManage_Handler                        0x080046f5   Thumb Code     2  stm32f1xx_it.o(i.MemManage_Handler)
    My_Uart2_Init                            0x080046f9   Thumb Code    70  my_usart.o(i.My_Uart2_Init)
    NMI_Handler                              0x0800474d   Thumb Code     2  stm32f1xx_it.o(i.NMI_Handler)
    ReBlueRx_QueueStruct                     0x08004751   Thumb Code     6  my_bluetooth.o(i.ReBlueRx_QueueStruct)
    ReBlueTx_QueueStruct                     0x0800475d   Thumb Code     6  my_bluetooth.o(i.ReBlueTx_QueueStruct)
    ReKEY_QueueStruct                        0x08004769   Thumb Code     6  key.o(i.ReKEY_QueueStruct)
    ReLCD_QueueStruct                        0x08004775   Thumb Code     6  lcd_api.o(i.ReLCD_QueueStruct)
    Read_BlueRx_Queue                        0x08004781   Thumb Code   140  my_maincode.o(i.Read_BlueRx_Queue)
    Read_KEYRx_Queue                         0x0800481d   Thumb Code    42  my_maincode.o(i.Read_KEYRx_Queue)
    Return2_P_UartStruct                     0x0800484d   Thumb Code     6  my_usart.o(i.Return2_P_UartStruct)
    SPIv_WriteData                           0x080049c1   Thumb Code    14  lcd.o(i.SPIv_WriteData)
    Set_LCDQueue                             0x080049d5   Thumb Code    52  my_maincode.o(i.Set_LCDQueue)
    StartDefaultTask                         0x08004a0d   Thumb Code     8  freertos.o(i.StartDefaultTask)
    SysTick_Handler                          0x08004a65   Thumb Code    38  port.o(i.SysTick_Handler)
    SystemClock_Config                       0x08004a91   Thumb Code   120  main.o(i.SystemClock_Config)
    SystemInit                               0x08004b09   Thumb Code     2  system_stm32f1xx.o(i.SystemInit)
    TIM2_IRQHandler                          0x08004b0d   Thumb Code     6  stm32f1xx_it.o(i.TIM2_IRQHandler)
    TIM4_IRQHandler                          0x08004b19   Thumb Code     6  stm32f1xx_it.o(i.TIM4_IRQHandler)
    TIM_Base_SetConfig                       0x08004b25   Thumb Code    94  stm32f1xx_hal_tim.o(i.TIM_Base_SetConfig)
    TIM_ETR_SetConfig                        0x08004b91   Thumb Code    20  stm32f1xx_hal_tim.o(i.TIM_ETR_SetConfig)
    UART_Start_Receive_IT                    0x08004dd5   Thumb Code    54  stm32f1xx_hal_uart.o(i.UART_Start_Receive_IT)
    USART2_IRQHandler                        0x08004e0d   Thumb Code     6  stm32f1xx_it.o(i.USART2_IRQHandler)
    Uart1Rx_Buffer_Close                     0x08004e19   Thumb Code    18  my_usart.o(i.Uart1Rx_Buffer_Close)
    Uart2Rx_Buffer_Close                     0x08004e35   Thumb Code    16  my_usart.o(i.Uart2Rx_Buffer_Close)
    Updata_LCD_Data                          0x08004e4d   Thumb Code   694  my_maincode.o(i.Updata_LCD_Data)
    UpdateBoundary                           0x08005109   Thumb Code    32  my_maincode.o(i.UpdateBoundary)
    Update_Key                               0x08005129   Thumb Code   204  key.o(i.Update_Key)
    Update_LCD                               0x08005201   Thumb Code   258  lcd_api.o(i.Update_LCD)
    Update_LCD_CAR                           0x0800530d   Thumb Code   104  lcd_api.o(i.Update_LCD_CAR)
    Update_LCD_Environment                   0x080053a1   Thumb Code   374  lcd_api.o(i.Update_LCD_Environment)
    Update_LCD_Install                       0x08005539   Thumb Code   382  lcd_api.o(i.Update_LCD_Install)
    Update_LCD_Install_2                     0x080056c1   Thumb Code   264  lcd_api.o(i.Update_LCD_Install_2)
    UsageFault_Handler                       0x08005809   Thumb Code     2  stm32f1xx_it.o(i.UsageFault_Handler)
    Usart_TX_Data                            0x0800580b   Thumb Code    40  my_usart.o(i.Usart_TX_Data)
    Write_BlueTx                             0x08005835   Thumb Code    36  my_maincode.o(i.Write_BlueTx)
    __mathlib_dbl_overflow                   0x0800587d   Thumb Code    14  dunder.o(i.__mathlib_dbl_overflow)
    __mathlib_dbl_underflow                  0x0800588d   Thumb Code    10  dunder.o(i.__mathlib_dbl_underflow)
    __mathlib_narrow                         0x0800589d   Thumb Code    16  narrow.o(i.__mathlib_narrow)
    __mathlib_tofloat                        0x080058ad   Thumb Code   184  narrow.o(i.__mathlib_tofloat)
    __support_ldexp                          0x08005969   Thumb Code    22  ldexp.o(i.__support_ldexp)
    _is_digit                                0x0800597f   Thumb Code    14  __printf_wp.o(i._is_digit)
    frexp                                    0x0800598d   Thumb Code    80  frexp.o(i.frexp)
    ldexp                                    0x080059e5   Thumb Code   116  ldexp.o(i.ldexp)
    main                                     0x08005a59   Thumb Code    46  main.o(i.main)
    mypow                                    0x08005a87   Thumb Code    16  lcd.o(i.mypow)
    osKernelInitialize                       0x08005a99   Thumb Code    50  cmsis_os2.o(i.osKernelInitialize)
    osKernelStart                            0x08005ad1   Thumb Code    58  cmsis_os2.o(i.osKernelStart)
    osThreadNew                              0x08005b11   Thumb Code   160  cmsis_os2.o(i.osThreadNew)
    pvPortMalloc                             0x08006375   Thumb Code   210  heap_4.o(i.pvPortMalloc)
    pvTaskIncrementMutexHeldCount            0x0800644d   Thumb Code    18  tasks.o(i.pvTaskIncrementMutexHeldCount)
    pxPortInitialiseStack                    0x08006465   Thumb Code    32  port.o(i.pxPortInitialiseStack)
    uxListRemove                             0x08006489   Thumb Code    38  list.o(i.uxListRemove)
    vApplicationGetIdleTaskMemory            0x080064b1   Thumb Code    16  cmsis_os2.o(i.vApplicationGetIdleTaskMemory)
    vApplicationGetTimerTaskMemory           0x080064c5   Thumb Code    18  cmsis_os2.o(i.vApplicationGetTimerTaskMemory)
    vListInitialise                          0x080064dd   Thumb Code    22  list.o(i.vListInitialise)
    vListInitialiseItem                      0x080064f3   Thumb Code     6  list.o(i.vListInitialiseItem)
    vListInsert                              0x080064f9   Thumb Code    48  list.o(i.vListInsert)
    vListInsertEnd                           0x08006529   Thumb Code    24  list.o(i.vListInsertEnd)
    vPortEnterCritical                       0x08006541   Thumb Code    54  port.o(i.vPortEnterCritical)
    vPortExitCritical                        0x08006581   Thumb Code    34  port.o(i.vPortExitCritical)
    vPortFree                                0x080065a9   Thumb Code    88  heap_4.o(i.vPortFree)
    vPortSetupTimerInterrupt                 0x08006605   Thumb Code    32  port.o(i.vPortSetupTimerInterrupt)
    vPortValidateInterruptPriority           0x08006629   Thumb Code    74  port.o(i.vPortValidateInterruptPriority)
    vQueueAddToRegistry                      0x0800667d   Thumb Code    34  queue.o(i.vQueueAddToRegistry)
    vQueueWaitForMessageRestricted           0x080066a5   Thumb Code    68  queue.o(i.vQueueWaitForMessageRestricted)
    vTaskDelay                               0x080066e9   Thumb Code    66  tasks.o(i.vTaskDelay)
    vTaskInternalSetTimeOutState             0x08006735   Thumb Code    12  tasks.o(i.vTaskInternalSetTimeOutState)
    vTaskMissedYield                         0x08006745   Thumb Code     8  tasks.o(i.vTaskMissedYield)
    vTaskPlaceOnEventList                    0x08006751   Thumb Code    44  tasks.o(i.vTaskPlaceOnEventList)
    vTaskPlaceOnEventListRestricted          0x08006781   Thumb Code    52  tasks.o(i.vTaskPlaceOnEventListRestricted)
    vTaskPriorityDisinheritAfterTimeout      0x080067b9   Thumb Code   134  tasks.o(i.vTaskPriorityDisinheritAfterTimeout)
    vTaskStartScheduler                      0x08006849   Thumb Code   118  tasks.o(i.vTaskStartScheduler)
    vTaskSuspendAll                          0x080068d1   Thumb Code    10  tasks.o(i.vTaskSuspendAll)
    vTaskSwitchContext                       0x080068e1   Thumb Code    90  tasks.o(i.vTaskSwitchContext)
    validateString                           0x08006945   Thumb Code   104  my_bluetooth.o(i.validateString)
    xPortStartScheduler                      0x080069e1   Thumb Code   154  port.o(i.xPortStartScheduler)
    xQueueAddToSet                           0x08006a89   Thumb Code    34  queue.o(i.xQueueAddToSet)
    xQueueCreateSet                          0x08006aab   Thumb Code     8  queue.o(i.xQueueCreateSet)
    xQueueGenericCreate                      0x08006ab3   Thumb Code    72  queue.o(i.xQueueGenericCreate)
    xQueueGenericCreateStatic                0x08006afb   Thumb Code   102  queue.o(i.xQueueGenericCreateStatic)
    xQueueGenericReset                       0x08006b61   Thumb Code   132  queue.o(i.xQueueGenericReset)
    xQueueGenericSend                        0x08006be9   Thumb Code   360  queue.o(i.xQueueGenericSend)
    xQueueGenericSendFromISR                 0x08006d55   Thumb Code   202  queue.o(i.xQueueGenericSendFromISR)
    xQueueGiveFromISR                        0x08006e1f   Thumb Code   174  queue.o(i.xQueueGiveFromISR)
    xQueueReceive                            0x08006ecd   Thumb Code   308  queue.o(i.xQueueReceive)
    xQueueSelectFromSet                      0x08007005   Thumb Code    18  queue.o(i.xQueueSelectFromSet)
    xQueueSemaphoreTake                      0x08007019   Thumb Code   372  queue.o(i.xQueueSemaphoreTake)
    xTaskCheckForTimeOut                     0x08007191   Thumb Code   112  tasks.o(i.xTaskCheckForTimeOut)
    xTaskCreate                              0x08007205   Thumb Code    90  tasks.o(i.xTaskCreate)
    xTaskCreateStatic                        0x0800725f   Thumb Code    86  tasks.o(i.xTaskCreateStatic)
    xTaskGetSchedulerState                   0x080072b5   Thumb Code    22  tasks.o(i.xTaskGetSchedulerState)
    xTaskGetTickCount                        0x080072d1   Thumb Code     6  tasks.o(i.xTaskGetTickCount)
    xTaskIncrementTick                       0x080072dd   Thumb Code   190  tasks.o(i.xTaskIncrementTick)
    xTaskPriorityDisinherit                  0x080073a5   Thumb Code   118  tasks.o(i.xTaskPriorityDisinherit)
    xTaskPriorityInherit                     0x08007425   Thumb Code   112  tasks.o(i.xTaskPriorityInherit)
    xTaskRemoveFromEventList                 0x0800749d   Thumb Code    98  tasks.o(i.xTaskRemoveFromEventList)
    xTaskResumeAll                           0x0800750d   Thumb Code   182  tasks.o(i.xTaskResumeAll)
    xTimerCreateTimerTask                    0x080075d1   Thumb Code    78  timers.o(i.xTimerCreateTimerTask)
    xTimerGenericCommand                     0x08007631   Thumb Code    98  timers.o(i.xTimerGenericCommand)
    _get_lc_numeric                          0x08007699   Thumb Code    44  lc_numeric_c.o(locale$$code)
    _get_lc_ctype                            0x080076c5   Thumb Code    44  lc_ctype_c.o(locale$$code)
    __aeabi_d2f                              0x080076f1   Thumb Code     0  d2f.o(x$fpl$d2f)
    _d2f                                     0x080076f1   Thumb Code    98  d2f.o(x$fpl$d2f)
    __fpl_dcheck_NaN1                        0x08007755   Thumb Code    10  dcheck1.o(x$fpl$dcheck1)
    __fpl_dcmp_Inf                           0x08007765   Thumb Code    24  dcmpi.o(x$fpl$dcmpinf)
    __aeabi_ddiv                             0x0800777d   Thumb Code     0  ddiv.o(x$fpl$ddiv)
    _ddiv                                    0x0800777d   Thumb Code   552  ddiv.o(x$fpl$ddiv)
    __aeabi_cdcmpeq                          0x08007a2d   Thumb Code     0  deqf.o(x$fpl$deqf)
    _dcmpeq                                  0x08007a2d   Thumb Code   120  deqf.o(x$fpl$deqf)
    __aeabi_d2uiz                            0x08007aa5   Thumb Code     0  dfixu.o(x$fpl$dfixu)
    _dfixu                                   0x08007aa5   Thumb Code    90  dfixu.o(x$fpl$dfixu)
    __aeabi_cdcmple                          0x08007b01   Thumb Code     0  dleqf.o(x$fpl$dleqf)
    _dcmple                                  0x08007b01   Thumb Code   120  dleqf.o(x$fpl$dleqf)
    __fpl_dcmple_InfNaN                      0x08007b63   Thumb Code     0  dleqf.o(x$fpl$dleqf)
    __fpl_dnaninf                            0x08007b79   Thumb Code   156  dnaninf.o(x$fpl$dnaninf)
    __fpl_dretinf                            0x08007c15   Thumb Code    12  dretinf.o(x$fpl$dretinf)
    __aeabi_cdrcmple                         0x08007c21   Thumb Code     0  drleqf.o(x$fpl$drleqf)
    _drcmple                                 0x08007c21   Thumb Code   108  drleqf.o(x$fpl$drleqf)
    __aeabi_f2d                              0x08007c8d   Thumb Code     0  f2d.o(x$fpl$f2d)
    _f2d                                     0x08007c8d   Thumb Code    86  f2d.o(x$fpl$f2d)
    __aeabi_f2uiz                            0x08007ce5   Thumb Code     0  ffixu.o(x$fpl$ffixu)
    _ffixu                                   0x08007ce5   Thumb Code    62  ffixu.o(x$fpl$ffixu)
    __aeabi_fmul                             0x08007d25   Thumb Code     0  fmul.o(x$fpl$fmul)
    _fmul                                    0x08007d25   Thumb Code   258  fmul.o(x$fpl$fmul)
    __fpl_fnaninf                            0x08007e27   Thumb Code   140  fnaninf.o(x$fpl$fnaninf)
    __fpl_fretinf                            0x08007eb3   Thumb Code    10  fretinf.o(x$fpl$fretinf)
    __ieee_status                            0x08007ebd   Thumb Code     6  istatus.o(x$fpl$ieeestatus)
    __fpl_return_NaN                         0x08007ec3   Thumb Code   100  retnan.o(x$fpl$retnan)
    __ARM_scalbn                             0x08007f27   Thumb Code    92  scalbn.o(x$fpl$scalbn)
    _scanf_real                              0x08007f83   Thumb Code     4  scanf1.o(x$fpl$scanf1)
    _scanf_hex_real                          0x08007f87   Thumb Code     4  scanf2.o(x$fpl$scanf2)
    _scanf_infnan                            0x08007f8b   Thumb Code     4  scanf2.o(x$fpl$scanf2)
    __fpl_cmpreturn                          0x08007f8f   Thumb Code    48  trapv.o(x$fpl$trapveneer)
    __I$use$fp                               0x08007fbe   Number         0  usenofp.o(x$fpl$usenofp)
    defaultTask_attributes                   0x08007fc0   Data          36  freertos.o(.constdata)
    AHBPrescTable                            0x08007ff6   Data          16  system_stm32f1xx.o(.constdata)
    APBPrescTable                            0x08008006   Data           8  system_stm32f1xx.o(.constdata)
    ascii_1206                               0x0800800e   Data        1140  lcd.o(.constdata)
    ascii_1608                               0x08008482   Data        1520  lcd.o(.constdata)
    ascii_2412                               0x08008a72   Data        4560  lcd.o(.constdata)
    ascii_3216                               0x08009c42   Data        6080  lcd.o(.constdata)
    tfont12                                  0x0800b402   Data          50  lcd.o(.constdata)
    tfont16                                  0x0800b434   Data         495  lcd.o(.constdata)
    tfont24                                  0x0800b623   Data         146  lcd.o(.constdata)
    tfont32                                  0x0800b6b5   Data         774  lcd.o(.constdata)
    gImage_left                              0x0800b9bb   Data         736  lcd_api.o(.constdata)
    gImage_right                             0x0800bc9b   Data         736  lcd_api.o(.constdata)
    Region$$Table$$Base                      0x0800c01c   Number         0  anon$$obj.o(Region$$Table)
    Region$$Table$$Limit                     0x0800c03c   Number         0  anon$$obj.o(Region$$Table)
    __aeabi_HUGE_VAL                         0x0800c03c   Data           0  fpconst.o(c$$dinf)
    __aeabi_HUGE_VALL                        0x0800c03c   Data           0  fpconst.o(c$$dinf)
    __aeabi_INFINITY                         0x0800c03c   Data           0  fpconst.o(c$$dinf)
    __dInf                                   0x0800c03c   Data           0  fpconst.o(c$$dinf)
    __huge_val                               0x0800c03c   Data           0  fpconst.o(c$$dinf)
    __dbl_max                                0x0800c044   Data           0  fpconst.o(c$$dmax)
    __ctype                                  0x0800c075   Data           0  lc_ctype_c.o(locale$$data)
    air                                      0x20000000   Data           1  my_maincode.o(.data)
    light                                    0x20000001   Data           1  my_maincode.o(.data)
    H                                        0x20000002   Data           1  my_maincode.o(.data)
    T                                        0x20000003   Data           1  my_maincode.o(.data)
    led                                      0x20000004   Data           1  my_maincode.o(.data)
    car_modl                                 0x20000005   Data           1  my_maincode.o(.data)
    new_car_modl                             0x20000006   Data           1  my_maincode.o(.data)
    new_directive                            0x20000007   Data           1  my_maincode.o(.data)
    air_Max                                  0x20000008   Data           1  my_maincode.o(.data)
    air_Min                                  0x20000009   Data           1  my_maincode.o(.data)
    light_Max                                0x2000000a   Data           1  my_maincode.o(.data)
    light_Min                                0x2000000b   Data           1  my_maincode.o(.data)
    H_Max                                    0x2000000c   Data           1  my_maincode.o(.data)
    H_Min                                    0x2000000d   Data           1  my_maincode.o(.data)
    T_Max                                    0x2000000e   Data           1  my_maincode.o(.data)
    T_Min                                    0x2000000f   Data           1  my_maincode.o(.data)
    position                                 0x20000010   Data           1  my_maincode.o(.data)
    location                                 0x20000024   Data           4  my_maincode.o(.data)
    defaultTaskHandle                        0x2000002c   Data           4  freertos.o(.data)
    uwTickFreq                               0x20000030   Data           1  stm32f1xx_hal.o(.data)
    uwTickPrio                               0x20000034   Data           4  stm32f1xx_hal.o(.data)
    uwTick                                   0x20000038   Data           4  stm32f1xx_hal.o(.data)
    SystemCoreClock                          0x2000003c   Data           4  system_stm32f1xx.o(.data)
    pxCurrentTCB                             0x20000040   Data           4  tasks.o(.data)
    Uart1Rx_char                             0x200000cc   Data           1  my_usart.o(.data)
    Uart2Rx_char                             0x200000cd   Data           1  my_usart.o(.data)
    Uart1Rx_Counter                          0x200000ce   Data           2  my_usart.o(.data)
    Uart1Rx_Counter_Up                       0x200000d0   Data           2  my_usart.o(.data)
    Uart2Rx_Counter                          0x200000d2   Data           2  my_usart.o(.data)
    Uart2Rx_Counter_Up                       0x200000d4   Data           2  my_usart.o(.data)
    grade                                    0x200000e8   Data           1  lcd_api.o(.data)
    LCD_Mode                                 0x200000e9   Data           4  lcd_api.o(.data)
    Task_MainCode                            0x2000020c   Data          92  my_maincode.o(.bss)
    hadc1                                    0x20000468   Data          48  adc.o(.bss)
    hspi2                                    0x20000498   Data          88  spi.o(.bss)
    hdma_spi2_tx                             0x200004f0   Data          68  spi.o(.bss)
    htim2                                    0x20000534   Data          72  tim.o(.bss)
    huart2                                   0x2000057c   Data          72  usart.o(.bss)
    htim4                                    0x200005c4   Data          72  stm32f1xx_hal_timebase_tim.o(.bss)
    xQueueRegistry                           0x2000060c   Data          64  queue.o(.bss)
    __libspace_start                         0x200025c0   Data          96  libspace.o(.bss)
    __temporary_stack_top$libspace           0x20002620   Data           0  libspace.o(.bss)



==============================================================================

Memory Map of the image

  Image Entry point : 0x080000ed

  Load Region LR_IROM1 (Base: 0x08000000, Size: 0x0000c270, Max: 0x00010000, ABSOLUTE)

    Execution Region ER_IROM1 (Exec base: 0x08000000, Load base: 0x08000000, Size: 0x0000c178, Max: 0x00010000, ABSOLUTE)

    Exec Addr    Load Addr    Size         Type   Attr      Idx    E Section Name        Object

    0x08000000   0x08000000   0x000000ec   Data   RO            3    RESET               startup_stm32f103xb.o
    0x080000ec   0x080000ec   0x00000008   Code   RO         5938  * !!!main             c_w.l(__main.o)
    0x080000f4   0x080000f4   0x00000034   Code   RO         6401    !!!scatter          c_w.l(__scatter.o)
    0x08000128   0x08000128   0x0000001a   Code   RO         6403    !!handler_copy      c_w.l(__scatter_copy.o)
    0x08000142   0x08000142   0x00000002   PAD
    0x08000144   0x08000144   0x0000001c   Code   RO         6405    !!handler_zi        c_w.l(__scatter_zi.o)
    0x08000160   0x08000160   0x00000002   Code   RO         6210    .ARM.Collect$$libinit$$00000000  c_w.l(libinit.o)
    0x08000162   0x08000162   0x00000000   Code   RO         6212    .ARM.Collect$$libinit$$00000002  c_w.l(libinit2.o)
    0x08000162   0x08000162   0x00000000   Code   RO         6214    .ARM.Collect$$libinit$$00000004  c_w.l(libinit2.o)
    0x08000162   0x08000162   0x00000000   Code   RO         6217    .ARM.Collect$$libinit$$0000000A  c_w.l(libinit2.o)
    0x08000162   0x08000162   0x00000000   Code   RO         6219    .ARM.Collect$$libinit$$0000000C  c_w.l(libinit2.o)
    0x08000162   0x08000162   0x00000000   Code   RO         6221    .ARM.Collect$$libinit$$0000000E  c_w.l(libinit2.o)
    0x08000162   0x08000162   0x00000006   Code   RO         6222    .ARM.Collect$$libinit$$0000000F  c_w.l(libinit2.o)
    0x08000168   0x08000168   0x00000000   Code   RO         6224    .ARM.Collect$$libinit$$00000011  c_w.l(libinit2.o)
    0x08000168   0x08000168   0x0000000c   Code   RO         6225    .ARM.Collect$$libinit$$00000012  c_w.l(libinit2.o)
    0x08000174   0x08000174   0x00000000   Code   RO         6226    .ARM.Collect$$libinit$$00000013  c_w.l(libinit2.o)
    0x08000174   0x08000174   0x00000000   Code   RO         6228    .ARM.Collect$$libinit$$00000015  c_w.l(libinit2.o)
    0x08000174   0x08000174   0x0000000a   Code   RO         6229    .ARM.Collect$$libinit$$00000016  c_w.l(libinit2.o)
    0x0800017e   0x0800017e   0x00000000   Code   RO         6230    .ARM.Collect$$libinit$$00000017  c_w.l(libinit2.o)
    0x0800017e   0x0800017e   0x00000000   Code   RO         6232    .ARM.Collect$$libinit$$00000019  c_w.l(libinit2.o)
    0x0800017e   0x0800017e   0x00000000   Code   RO         6234    .ARM.Collect$$libinit$$0000001B  c_w.l(libinit2.o)
    0x0800017e   0x0800017e   0x00000000   Code   RO         6236    .ARM.Collect$$libinit$$0000001D  c_w.l(libinit2.o)
    0x0800017e   0x0800017e   0x00000000   Code   RO         6238    .ARM.Collect$$libinit$$0000001F  c_w.l(libinit2.o)
    0x0800017e   0x0800017e   0x00000000   Code   RO         6240    .ARM.Collect$$libinit$$00000021  c_w.l(libinit2.o)
    0x0800017e   0x0800017e   0x00000000   Code   RO         6242    .ARM.Collect$$libinit$$00000023  c_w.l(libinit2.o)
    0x0800017e   0x0800017e   0x00000000   Code   RO         6244    .ARM.Collect$$libinit$$00000025  c_w.l(libinit2.o)
    0x0800017e   0x0800017e   0x00000000   Code   RO         6248    .ARM.Collect$$libinit$$0000002C  c_w.l(libinit2.o)
    0x0800017e   0x0800017e   0x00000000   Code   RO         6250    .ARM.Collect$$libinit$$0000002E  c_w.l(libinit2.o)
    0x0800017e   0x0800017e   0x00000000   Code   RO         6252    .ARM.Collect$$libinit$$00000030  c_w.l(libinit2.o)
    0x0800017e   0x0800017e   0x00000000   Code   RO         6254    .ARM.Collect$$libinit$$00000032  c_w.l(libinit2.o)
    0x0800017e   0x0800017e   0x00000002   Code   RO         6255    .ARM.Collect$$libinit$$00000033  c_w.l(libinit2.o)
    0x08000180   0x08000180   0x00000002   Code   RO         6339    .ARM.Collect$$libshutdown$$00000000  c_w.l(libshutdown.o)
    0x08000182   0x08000182   0x00000000   Code   RO         6358    .ARM.Collect$$libshutdown$$00000002  c_w.l(libshutdown2.o)
    0x08000182   0x08000182   0x00000000   Code   RO         6360    .ARM.Collect$$libshutdown$$00000004  c_w.l(libshutdown2.o)
    0x08000182   0x08000182   0x00000000   Code   RO         6362    .ARM.Collect$$libshutdown$$00000006  c_w.l(libshutdown2.o)
    0x08000182   0x08000182   0x00000000   Code   RO         6365    .ARM.Collect$$libshutdown$$00000009  c_w.l(libshutdown2.o)
    0x08000182   0x08000182   0x00000000   Code   RO         6368    .ARM.Collect$$libshutdown$$0000000C  c_w.l(libshutdown2.o)
    0x08000182   0x08000182   0x00000000   Code   RO         6370    .ARM.Collect$$libshutdown$$0000000E  c_w.l(libshutdown2.o)
    0x08000182   0x08000182   0x00000000   Code   RO         6373    .ARM.Collect$$libshutdown$$00000011  c_w.l(libshutdown2.o)
    0x08000182   0x08000182   0x00000002   Code   RO         6374    .ARM.Collect$$libshutdown$$00000012  c_w.l(libshutdown2.o)
    0x08000184   0x08000184   0x00000000   Code   RO         5966    .ARM.Collect$$rtentry$$00000000  c_w.l(__rtentry.o)
    0x08000184   0x08000184   0x00000000   Code   RO         6092    .ARM.Collect$$rtentry$$00000002  c_w.l(__rtentry2.o)
    0x08000184   0x08000184   0x00000006   Code   RO         6104    .ARM.Collect$$rtentry$$00000004  c_w.l(__rtentry4.o)
    0x0800018a   0x0800018a   0x00000000   Code   RO         6094    .ARM.Collect$$rtentry$$00000009  c_w.l(__rtentry2.o)
    0x0800018a   0x0800018a   0x00000004   Code   RO         6095    .ARM.Collect$$rtentry$$0000000A  c_w.l(__rtentry2.o)
    0x0800018e   0x0800018e   0x00000000   Code   RO         6097    .ARM.Collect$$rtentry$$0000000C  c_w.l(__rtentry2.o)
    0x0800018e   0x0800018e   0x00000008   Code   RO         6098    .ARM.Collect$$rtentry$$0000000D  c_w.l(__rtentry2.o)
    0x08000196   0x08000196   0x00000002   Code   RO         6270    .ARM.Collect$$rtexit$$00000000  c_w.l(rtexit.o)
    0x08000198   0x08000198   0x00000000   Code   RO         6300    .ARM.Collect$$rtexit$$00000002  c_w.l(rtexit2.o)
    0x08000198   0x08000198   0x00000004   Code   RO         6301    .ARM.Collect$$rtexit$$00000003  c_w.l(rtexit2.o)
    0x0800019c   0x0800019c   0x00000006   Code   RO         6302    .ARM.Collect$$rtexit$$00000004  c_w.l(rtexit2.o)
    0x080001a2   0x080001a2   0x00000002   PAD
    0x080001a4   0x080001a4   0x00000096   Code   RO         5272    .emb_text           port.o
    0x0800023a   0x0800023a   0x00000002   PAD
    0x0800023c   0x0800023c   0x00000040   Code   RO            4    .text               startup_stm32f103xb.o
    0x0800027c   0x0800027c   0x0000003c   Code   RO         5916    .text               c_w.l(__0sscanf.o)
    0x080002b8   0x080002b8   0x0000014c   Code   RO         5918    .text               c_w.l(_scanf_int.o)
    0x08000404   0x08000404   0x00000024   Code   RO         5920    .text               c_w.l(strstr.o)
    0x08000428   0x08000428   0x0000003e   Code   RO         5922    .text               c_w.l(strlen.o)
    0x08000466   0x08000466   0x00000096   Code   RO         5924    .text               c_w.l(strncmp.o)
    0x080004fc   0x080004fc   0x0000008a   Code   RO         5926    .text               c_w.l(rt_memcpy_v6.o)
    0x08000586   0x08000586   0x00000010   Code   RO         5930    .text               c_w.l(aeabi_memset.o)
    0x08000596   0x08000596   0x0000004e   Code   RO         5932    .text               c_w.l(rt_memclr_w.o)
    0x080005e4   0x080005e4   0x00000056   Code   RO         5934    .text               c_w.l(strncpy.o)
    0x0800063a   0x0800063a   0x00000006   Code   RO         5936    .text               c_w.l(heapauxi.o)
    0x08000640   0x08000640   0x0000001c   Code   RO         6060    .text               c_w.l(_chval.o)
    0x0800065c   0x0800065c   0x000004f8   Code   RO         6062    .text               c_w.l(scanf_fp.o)
    0x08000b54   0x08000b54   0x0000002c   Code   RO         6064    .text               c_w.l(scanf_char.o)
    0x08000b80   0x08000b80   0x00000040   Code   RO         6066    .text               c_w.l(_sgetc.o)
    0x08000bc0   0x08000bc0   0x00000064   Code   RO         6068    .text               c_w.l(rt_memcpy_w.o)
    0x08000c24   0x08000c24   0x00000044   Code   RO         6070    .text               c_w.l(rt_memclr.o)
    0x08000c68   0x08000c68   0x00000008   Code   RO         6109    .text               c_w.l(rt_locale_intlibspace.o)
    0x08000c70   0x08000c70   0x00000008   Code   RO         6114    .text               c_w.l(rt_errno_addr_intlibspace.o)
    0x08000c78   0x08000c78   0x00000012   Code   RO         6118    .text               c_w.l(isspace.o)
    0x08000c8a   0x08000c8a   0x00000002   PAD
    0x08000c8c   0x08000c8c   0x00000374   Code   RO         6134    .text               c_w.l(_scanf.o)
    0x08001000   0x08001000   0x000000e4   Code   RO         6136    .text               c_w.l(bigflt0.o)
    0x080010e4   0x080010e4   0x00000008   Code   RO         6186    .text               c_w.l(libspace.o)
    0x080010ec   0x080010ec   0x0000004a   Code   RO         6189    .text               c_w.l(sys_stackheap_outer.o)
    0x08001136   0x08001136   0x00000002   PAD
    0x08001138   0x08001138   0x00000010   Code   RO         6191    .text               c_w.l(rt_ctype_table.o)
    0x08001148   0x08001148   0x00000016   Code   RO         6193    .text               c_w.l(_rserrno.o)
    0x0800115e   0x0800115e   0x00000002   PAD
    0x08001160   0x08001160   0x00000320   Code   RO         6197    .text               c_w.l(scanf_hexfp.o)
    0x08001480   0x08001480   0x00000134   Code   RO         6199    .text               c_w.l(scanf_infnan.o)
    0x080015b4   0x080015b4   0x00000012   Code   RO         6201    .text               c_w.l(exit.o)
    0x080015c6   0x080015c6   0x00000002   PAD
    0x080015c8   0x080015c8   0x00000080   Code   RO         6203    .text               c_w.l(strcmpv7m.o)
    0x08001648   0x08001648   0x00000026   Code   RO         6272    .text               c_w.l(llshl.o)
    0x0800166e   0x0800166e   0x00000002   PAD
    0x08001670   0x08001670   0x0000000c   Code   RO         6329    .text               c_w.l(sys_exit.o)
    0x0800167c   0x0800167c   0x00000002   Code   RO         6348    .text               c_w.l(use_no_semi.o)
    0x0800167e   0x0800167e   0x00000000   Code   RO         6350    .text               c_w.l(indicate_semi.o)
    0x0800167e   0x0800167e   0x00000338   Code   RO         6149    CL$$btod_div_common  c_w.l(btod.o)
    0x080019b6   0x080019b6   0x00000002   PAD
    0x080019b8   0x080019b8   0x00000084   Code   RO         6147    CL$$btod_e2d        c_w.l(btod.o)
    0x08001a3c   0x08001a3c   0x000000dc   Code   RO         6146    CL$$btod_e2e        c_w.l(btod.o)
    0x08001b18   0x08001b18   0x0000002a   Code   RO         6143    CL$$btod_ediv       c_w.l(btod.o)
    0x08001b42   0x08001b42   0x0000002a   Code   RO         6145    CL$$btod_edivd      c_w.l(btod.o)
    0x08001b6c   0x08001b6c   0x0000002a   Code   RO         6142    CL$$btod_emul       c_w.l(btod.o)
    0x08001b96   0x08001b96   0x0000002a   Code   RO         6144    CL$$btod_emuld      c_w.l(btod.o)
    0x08001bc0   0x08001bc0   0x00000244   Code   RO         6148    CL$$btod_mult_common  c_w.l(btod.o)
    0x08001e04   0x08001e04   0x00000056   Code   RO          758    i.ADC_ConversionStop_Disable  stm32f1xx_hal_adc.o
    0x08001e5a   0x08001e5a   0x00000002   PAD
    0x08001e5c   0x08001e5c   0x000000dc   Code   RO         5352    i.BlueRx_Thread     my_bluetooth.o
    0x08001f38   0x08001f38   0x0000002c   Code   RO         5353    i.BlueRx_Thread_Start  my_bluetooth.o
    0x08001f64   0x08001f64   0x00000050   Code   RO         5354    i.BlueTx_Thread     my_bluetooth.o
    0x08001fb4   0x08001fb4   0x0000002c   Code   RO         5355    i.BlueTx_Thread_Start  my_bluetooth.o
    0x08001fe0   0x08001fe0   0x00000028   Code   RO         5356    i.Blue_Init         my_bluetooth.o
    0x08002008   0x08002008   0x00000002   Code   RO          577    i.BusFault_Handler  stm32f1xx_it.o
    0x0800200a   0x0800200a   0x00000002   PAD
    0x0800200c   0x0800200c   0x0000000c   Code   RO          578    i.DMA1_Channel5_IRQHandler  stm32f1xx_it.o
    0x08002018   0x08002018   0x0000002a   Code   RO         1414    i.DMA_SetConfig     stm32f1xx_hal_dma.o
    0x08002042   0x08002042   0x00000002   Code   RO          579    i.DebugMon_Handler  stm32f1xx_it.o
    0x08002044   0x08002044   0x00000004   Code   RO          252    i.Error_Handler     main.o
    0x08002048   0x08002048   0x0000005c   Code   RO         5507    i.GameSoundTimer_Func  my_usart.o
    0x080020a4   0x080020a4   0x000000fc   Code   RO          764    i.HAL_ADC_ConfigChannel  stm32f1xx_hal_adc.o
    0x080021a0   0x080021a0   0x0000011c   Code   RO          773    i.HAL_ADC_Init      stm32f1xx_hal_adc.o
    0x080022bc   0x080022bc   0x00000058   Code   RO          380    i.HAL_ADC_MspInit   adc.o
    0x08002314   0x08002314   0x00000046   Code   RO         1415    i.HAL_DMA_Abort     stm32f1xx_hal_dma.o
    0x0800235a   0x0800235a   0x00000002   PAD
    0x0800235c   0x0800235c   0x00000098   Code   RO         1416    i.HAL_DMA_Abort_IT  stm32f1xx_hal_dma.o
    0x080023f4   0x080023f4   0x00000154   Code   RO         1420    i.HAL_DMA_IRQHandler  stm32f1xx_hal_dma.o
    0x08002548   0x08002548   0x0000005c   Code   RO         1421    i.HAL_DMA_Init      stm32f1xx_hal_dma.o
    0x080025a4   0x080025a4   0x00000070   Code   RO         1425    i.HAL_DMA_Start_IT  stm32f1xx_hal_dma.o
    0x08002614   0x08002614   0x000001e0   Code   RO         1351    i.HAL_GPIO_Init     stm32f1xx_hal_gpio.o
    0x080027f4   0x080027f4   0x0000000a   Code   RO         1353    i.HAL_GPIO_ReadPin  stm32f1xx_hal_gpio.o
    0x080027fe   0x080027fe   0x0000000a   Code   RO         1355    i.HAL_GPIO_WritePin  stm32f1xx_hal_gpio.o
    0x08002808   0x08002808   0x0000000c   Code   RO         1045    i.HAL_GetTick       stm32f1xx_hal.o
    0x08002814   0x08002814   0x00000010   Code   RO         1051    i.HAL_IncTick       stm32f1xx_hal.o
    0x08002824   0x08002824   0x00000024   Code   RO         1052    i.HAL_Init          stm32f1xx_hal.o
    0x08002848   0x08002848   0x00000098   Code   RO          683    i.HAL_InitTick      stm32f1xx_hal_timebase_tim.o
    0x080028e0   0x080028e0   0x00000048   Code   RO          659    i.HAL_MspInit       stm32f1xx_hal_msp.o
    0x08002928   0x08002928   0x0000001a   Code   RO         1511    i.HAL_NVIC_EnableIRQ  stm32f1xx_hal_cortex.o
    0x08002942   0x08002942   0x00000002   PAD
    0x08002944   0x08002944   0x00000040   Code   RO         1517    i.HAL_NVIC_SetPriority  stm32f1xx_hal_cortex.o
    0x08002984   0x08002984   0x00000024   Code   RO         1518    i.HAL_NVIC_SetPriorityGrouping  stm32f1xx_hal_cortex.o
    0x080029a8   0x080029a8   0x000000ec   Code   RO         1313    i.HAL_RCCEx_PeriphCLKConfig  stm32f1xx_hal_rcc_ex.o
    0x08002a94   0x08002a94   0x0000012c   Code   RO         1209    i.HAL_RCC_ClockConfig  stm32f1xx_hal_rcc.o
    0x08002bc0   0x08002bc0   0x00000040   Code   RO         1213    i.HAL_RCC_GetClockConfig  stm32f1xx_hal_rcc.o
    0x08002c00   0x08002c00   0x00000020   Code   RO         1216    i.HAL_RCC_GetPCLK1Freq  stm32f1xx_hal_rcc.o
    0x08002c20   0x08002c20   0x00000020   Code   RO         1217    i.HAL_RCC_GetPCLK2Freq  stm32f1xx_hal_rcc.o
    0x08002c40   0x08002c40   0x0000004c   Code   RO         1218    i.HAL_RCC_GetSysClockFreq  stm32f1xx_hal_rcc.o
    0x08002c8c   0x08002c8c   0x00000320   Code   RO         1221    i.HAL_RCC_OscConfig  stm32f1xx_hal_rcc.o
    0x08002fac   0x08002fac   0x00000002   Code   RO         2018    i.HAL_SPI_ErrorCallback  stm32f1xx_hal_spi.o
    0x08002fae   0x08002fae   0x000000b2   Code   RO         2022    i.HAL_SPI_Init      stm32f1xx_hal_spi.o
    0x08003060   0x08003060   0x000000a4   Code   RO          446    i.HAL_SPI_MspInit   spi.o
    0x08003104   0x08003104   0x000000cc   Code   RO         2034    i.HAL_SPI_Transmit_DMA  stm32f1xx_hal_spi.o
    0x080031d0   0x080031d0   0x00000002   Code   RO         2036    i.HAL_SPI_TxCpltCallback  stm32f1xx_hal_spi.o
    0x080031d2   0x080031d2   0x00000002   Code   RO         2037    i.HAL_SPI_TxHalfCpltCallback  stm32f1xx_hal_spi.o
    0x080031d4   0x080031d4   0x00000002   Code   RO         3039    i.HAL_TIMEx_BreakCallback  stm32f1xx_hal_tim_ex.o
    0x080031d6   0x080031d6   0x00000002   Code   RO         3040    i.HAL_TIMEx_CommutCallback  stm32f1xx_hal_tim_ex.o
    0x080031d8   0x080031d8   0x00000068   Code   RO         3058    i.HAL_TIMEx_MasterConfigSynchronization  stm32f1xx_hal_tim_ex.o
    0x08003240   0x08003240   0x0000005a   Code   RO         2335    i.HAL_TIM_Base_Init  stm32f1xx_hal_tim.o
    0x0800329a   0x0800329a   0x00000002   PAD
    0x0800329c   0x0800329c   0x00000038   Code   RO          494    i.HAL_TIM_Base_MspInit  tim.o
    0x080032d4   0x080032d4   0x00000058   Code   RO         2340    i.HAL_TIM_Base_Start_IT  stm32f1xx_hal_tim.o
    0x0800332c   0x0800332c   0x000000dc   Code   RO         2344    i.HAL_TIM_ConfigClockSource  stm32f1xx_hal_tim.o
    0x08003408   0x08003408   0x00000002   Code   RO         2369    i.HAL_TIM_IC_CaptureCallback  stm32f1xx_hal_tim.o
    0x0800340a   0x0800340a   0x00000166   Code   RO         2383    i.HAL_TIM_IRQHandler  stm32f1xx_hal_tim.o
    0x08003570   0x08003570   0x00000002   Code   RO         2386    i.HAL_TIM_OC_DelayElapsedCallback  stm32f1xx_hal_tim.o
    0x08003572   0x08003572   0x00000002   Code   RO         2413    i.HAL_TIM_PWM_PulseFinishedCallback  stm32f1xx_hal_tim.o
    0x08003574   0x08003574   0x0000002c   Code   RO          253    i.HAL_TIM_PeriodElapsedCallback  main.o
    0x080035a0   0x080035a0   0x00000002   Code   RO         2426    i.HAL_TIM_TriggerCallback  stm32f1xx_hal_tim.o
    0x080035a2   0x080035a2   0x00000002   Code   RO         3318    i.HAL_UARTEx_RxEventCallback  stm32f1xx_hal_uart.o
    0x080035a4   0x080035a4   0x00000002   Code   RO         3332    i.HAL_UART_ErrorCallback  stm32f1xx_hal_uart.o
    0x080035a6   0x080035a6   0x00000002   PAD
    0x080035a8   0x080035a8   0x0000026c   Code   RO         3335    i.HAL_UART_IRQHandler  stm32f1xx_hal_uart.o
    0x08003814   0x08003814   0x00000064   Code   RO         3336    i.HAL_UART_Init     stm32f1xx_hal_uart.o
    0x08003878   0x08003878   0x00000080   Code   RO          536    i.HAL_UART_MspInit  usart.o
    0x080038f8   0x080038f8   0x0000001c   Code   RO         3341    i.HAL_UART_Receive_IT  stm32f1xx_hal_uart.o
    0x08003914   0x08003914   0x00000048   Code   RO         5508    i.HAL_UART_RxCpltCallback  my_usart.o
    0x0800395c   0x0800395c   0x00000032   Code   RO         3346    i.HAL_UART_Transmit_IT  stm32f1xx_hal_uart.o
    0x0800398e   0x0800398e   0x00000002   PAD
    0x08003990   0x08003990   0x0000001c   Code   RO         5509    i.HAL_UART_TxCpltCallback  my_usart.o
    0x080039ac   0x080039ac   0x00000002   Code   RO          580    i.HardFault_Handler  stm32f1xx_it.o
    0x080039ae   0x080039ae   0x00000002   PAD
    0x080039b0   0x080039b0   0x00000018   Code   RO         5874    i.KEY_Init          key.o
    0x080039c8   0x080039c8   0x00000042   Code   RO         5619    i.LCD_Address_Set   lcd.o
    0x08003a0a   0x08003a0a   0x00000012   Code   RO         5787    i.LCD_Clear         lcd_api.o
    0x08003a1c   0x08003a1c   0x00000016   Code   RO         5621    i.LCD_DrawPoint     lcd.o
    0x08003a32   0x08003a32   0x0000003e   Code   RO         5623    i.LCD_Fill          lcd.o
    0x08003a70   0x08003a70   0x000001e0   Code   RO         5624    i.LCD_Init          lcd.o
    0x08003c50   0x08003c50   0x00000030   Code   RO         5625    i.LCD_Reset         lcd.o
    0x08003c80   0x08003c80   0x0000010c   Code   RO         5626    i.LCD_ShowChar      lcd.o
    0x08003d8c   0x08003d8c   0x00000048   Code   RO         5627    i.LCD_ShowChinese   lcd.o
    0x08003dd4   0x08003dd4   0x000000e8   Code   RO         5628    i.LCD_ShowChinese12x12  lcd.o
    0x08003ebc   0x08003ebc   0x000000e4   Code   RO         5629    i.LCD_ShowChinese16x16  lcd.o
    0x08003fa0   0x08003fa0   0x000000e8   Code   RO         5630    i.LCD_ShowChinese24x24  lcd.o
    0x08004088   0x08004088   0x000000e4   Code   RO         5631    i.LCD_ShowChinese32x32  lcd.o
    0x0800416c   0x0800416c   0x0000007e   Code   RO         5633    i.LCD_ShowIntNum    lcd.o
    0x080041ea   0x080041ea   0x00000050   Code   RO         5634    i.LCD_ShowPicture   lcd.o
    0x0800423a   0x0800423a   0x0000003a   Code   RO         5635    i.LCD_ShowString    lcd.o
    0x08004274   0x08004274   0x000000cc   Code   RO         5788    i.LCD_Thread        lcd_api.o
    0x08004340   0x08004340   0x00000030   Code   RO         5789    i.LCD_Thread_Start  lcd_api.o
    0x08004370   0x08004370   0x00000014   Code   RO         5636    i.LCD_WR_DATA       lcd.o
    0x08004384   0x08004384   0x0000002c   Code   RO         5638    i.LCD_WR_REG        lcd.o
    0x080043b0   0x080043b0   0x0000002c   Code   RO         5639    i.LCD_Writ_Bus      lcd.o
    0x080043dc   0x080043dc   0x0000001c   Code   RO         5790    i.LCDapi_init       lcd_api.o
    0x080043f8   0x080043f8   0x00000050   Code   RO          381    i.MX_ADC1_Init      adc.o
    0x08004448   0x08004448   0x0000002c   Code   RO          421    i.MX_DMA_Init       dma.o
    0x08004474   0x08004474   0x00000024   Code   RO          333    i.MX_FREERTOS_Init  freertos.o
    0x08004498   0x08004498   0x000000bc   Code   RO          309    i.MX_GPIO_Init      gpio.o
    0x08004554   0x08004554   0x00000044   Code   RO          447    i.MX_SPI2_Init      spi.o
    0x08004598   0x08004598   0x00000064   Code   RO          495    i.MX_TIM2_Init      tim.o
    0x080045fc   0x080045fc   0x00000038   Code   RO          537    i.MX_USART2_UART_Init  usart.o
    0x08004634   0x08004634   0x0000000c   Code   RO           13    i.MY_MainCode_Init  my_maincode.o
    0x08004640   0x08004640   0x00000088   Code   RO           14    i.MainCode_Thread   my_maincode.o
    0x080046c8   0x080046c8   0x0000002c   Code   RO           15    i.MainCode_Thread_Start  my_maincode.o
    0x080046f4   0x080046f4   0x00000002   Code   RO          581    i.MemManage_Handler  stm32f1xx_it.o
    0x080046f6   0x080046f6   0x00000002   PAD
    0x080046f8   0x080046f8   0x00000054   Code   RO         5511    i.My_Uart2_Init     my_usart.o
    0x0800474c   0x0800474c   0x00000002   Code   RO          582    i.NMI_Handler       stm32f1xx_it.o
    0x0800474e   0x0800474e   0x00000002   PAD
    0x08004750   0x08004750   0x0000000c   Code   RO         5357    i.ReBlueRx_QueueStruct  my_bluetooth.o
    0x0800475c   0x0800475c   0x0000000c   Code   RO         5358    i.ReBlueTx_QueueStruct  my_bluetooth.o
    0x08004768   0x08004768   0x0000000c   Code   RO         5875    i.ReKEY_QueueStruct  key.o
    0x08004774   0x08004774   0x0000000c   Code   RO         5791    i.ReLCD_QueueStruct  lcd_api.o
    0x08004780   0x08004780   0x0000009c   Code   RO           16    i.Read_BlueRx_Queue  my_maincode.o
    0x0800481c   0x0800481c   0x00000030   Code   RO           17    i.Read_KEYRx_Queue  my_maincode.o
    0x0800484c   0x0800484c   0x0000000c   Code   RO         5513    i.Return2_P_UartStruct  my_usart.o
    0x08004858   0x08004858   0x00000022   Code   RO         2050    i.SPI_DMAError      stm32f1xx_hal_spi.o
    0x0800487a   0x0800487a   0x0000000a   Code   RO         2052    i.SPI_DMAHalfTransmitCplt  stm32f1xx_hal_spi.o
    0x08004884   0x08004884   0x00000064   Code   RO         2056    i.SPI_DMATransmitCplt  stm32f1xx_hal_spi.o
    0x080048e8   0x080048e8   0x00000020   Code   RO         2060    i.SPI_EndRxTxTransaction  stm32f1xx_hal_spi.o
    0x08004908   0x08004908   0x000000b8   Code   RO         2065    i.SPI_WaitFlagStateUntilTimeout  stm32f1xx_hal_spi.o
    0x080049c0   0x080049c0   0x00000014   Code   RO         5640    i.SPIv_WriteData    lcd.o
    0x080049d4   0x080049d4   0x00000038   Code   RO           18    i.Set_LCDQueue      my_maincode.o
    0x08004a0c   0x08004a0c   0x00000008   Code   RO          334    i.StartDefaultTask  freertos.o
    0x08004a14   0x08004a14   0x00000028   Code   RO         5514    i.Stm32_uart1_Send  my_usart.o
    0x08004a3c   0x08004a3c   0x00000028   Code   RO         5515    i.Stm32_uart2_Send  my_usart.o
    0x08004a64   0x08004a64   0x0000002c   Code   RO         5273    i.SysTick_Handler   port.o
    0x08004a90   0x08004a90   0x00000078   Code   RO          254    i.SystemClock_Config  main.o
    0x08004b08   0x08004b08   0x00000002   Code   RO         3670    i.SystemInit        system_stm32f1xx.o
    0x08004b0a   0x08004b0a   0x00000002   PAD
    0x08004b0c   0x08004b0c   0x0000000c   Code   RO          583    i.TIM2_IRQHandler   stm32f1xx_it.o
    0x08004b18   0x08004b18   0x0000000c   Code   RO          584    i.TIM4_IRQHandler   stm32f1xx_it.o
    0x08004b24   0x08004b24   0x0000006c   Code   RO         2428    i.TIM_Base_SetConfig  stm32f1xx_hal_tim.o
    0x08004b90   0x08004b90   0x00000014   Code   RO         2439    i.TIM_ETR_SetConfig  stm32f1xx_hal_tim.o
    0x08004ba4   0x08004ba4   0x00000010   Code   RO         2440    i.TIM_ITRx_SetConfig  stm32f1xx_hal_tim.o
    0x08004bb4   0x08004bb4   0x00000022   Code   RO         2446    i.TIM_TI1_ConfigInputStage  stm32f1xx_hal_tim.o
    0x08004bd6   0x08004bd6   0x00000024   Code   RO         2448    i.TIM_TI2_ConfigInputStage  stm32f1xx_hal_tim.o
    0x08004bfa   0x08004bfa   0x00000010   Code   RO         3349    i.UART_DMAAbortOnError  stm32f1xx_hal_uart.o
    0x08004c0a   0x08004c0a   0x0000004e   Code   RO         3359    i.UART_EndRxTransfer  stm32f1xx_hal_uart.o
    0x08004c58   0x08004c58   0x000000c2   Code   RO         3361    i.UART_Receive_IT   stm32f1xx_hal_uart.o
    0x08004d1a   0x08004d1a   0x00000002   PAD
    0x08004d1c   0x08004d1c   0x000000b8   Code   RO         3362    i.UART_SetConfig    stm32f1xx_hal_uart.o
    0x08004dd4   0x08004dd4   0x00000036   Code   RO         3364    i.UART_Start_Receive_IT  stm32f1xx_hal_uart.o
    0x08004e0a   0x08004e0a   0x00000002   PAD
    0x08004e0c   0x08004e0c   0x0000000c   Code   RO          585    i.USART2_IRQHandler  stm32f1xx_it.o
    0x08004e18   0x08004e18   0x0000001c   Code   RO         5516    i.Uart1Rx_Buffer_Close  my_usart.o
    0x08004e34   0x08004e34   0x00000018   Code   RO         5517    i.Uart2Rx_Buffer_Close  my_usart.o
    0x08004e4c   0x08004e4c   0x000002bc   Code   RO           19    i.Updata_LCD_Data   my_maincode.o
    0x08005108   0x08005108   0x00000020   Code   RO           20    i.UpdateBoundary    my_maincode.o
    0x08005128   0x08005128   0x000000d8   Code   RO         5876    i.Update_Key        key.o
    0x08005200   0x08005200   0x0000010c   Code   RO         5792    i.Update_LCD        lcd_api.o
    0x0800530c   0x0800530c   0x00000094   Code   RO         5793    i.Update_LCD_CAR    lcd_api.o
    0x080053a0   0x080053a0   0x00000198   Code   RO         5794    i.Update_LCD_Environment  lcd_api.o
    0x08005538   0x08005538   0x00000188   Code   RO         5795    i.Update_LCD_Install  lcd_api.o
    0x080056c0   0x080056c0   0x00000148   Code   RO         5796    i.Update_LCD_Install_2  lcd_api.o
    0x08005808   0x08005808   0x00000002   Code   RO          586    i.UsageFault_Handler  stm32f1xx_it.o
    0x0800580a   0x0800580a   0x00000028   Code   RO         5519    i.Usart_TX_Data     my_usart.o
    0x08005832   0x08005832   0x00000002   PAD
    0x08005834   0x08005834   0x00000028   Code   RO           21    i.Write_BlueTx      my_maincode.o
    0x0800585c   0x0800585c   0x00000020   Code   RO         1524    i.__NVIC_SetPriority  stm32f1xx_hal_cortex.o
    0x0800587c   0x0800587c   0x0000000e   Code   RO         6316    i.__mathlib_dbl_overflow  m_ws.l(dunder.o)
    0x0800588a   0x0800588a   0x00000002   PAD
    0x0800588c   0x0800588c   0x00000010   Code   RO         6318    i.__mathlib_dbl_underflow  m_ws.l(dunder.o)
    0x0800589c   0x0800589c   0x00000010   Code   RO         6180    i.__mathlib_narrow  m_ws.l(narrow.o)
    0x080058ac   0x080058ac   0x000000bc   Code   RO         6181    i.__mathlib_tofloat  m_ws.l(narrow.o)
    0x08005968   0x08005968   0x00000016   Code   RO         6288    i.__support_ldexp   m_ws.l(ldexp.o)
    0x0800597e   0x0800597e   0x0000000e   Code   RO         6027    i._is_digit         c_w.l(__printf_wp.o)
    0x0800598c   0x0800598c   0x00000058   Code   RO         6267    i.frexp             m_ws.l(frexp.o)
    0x080059e4   0x080059e4   0x00000074   Code   RO         6289    i.ldexp             m_ws.l(ldexp.o)
    0x08005a58   0x08005a58   0x0000002e   Code   RO          255    i.main              main.o
    0x08005a86   0x08005a86   0x00000010   Code   RO         5642    i.mypow             lcd.o
    0x08005a96   0x08005a96   0x00000002   PAD
    0x08005a98   0x08005a98   0x00000038   Code   RO         4819    i.osKernelInitialize  cmsis_os2.o
    0x08005ad0   0x08005ad0   0x00000040   Code   RO         4822    i.osKernelStart     cmsis_os2.o
    0x08005b10   0x08005b10   0x000000a4   Code   RO         4856    i.osThreadNew       cmsis_os2.o
    0x08005bb4   0x08005bb4   0x0000005c   Code   RO         4301    i.prvAddCurrentTaskToDelayedList  tasks.o
    0x08005c10   0x08005c10   0x000000d0   Code   RO         4302    i.prvAddNewTaskToReadyList  tasks.o
    0x08005ce0   0x08005ce0   0x00000058   Code   RO         4651    i.prvCheckForValidListAndQueue  timers.o
    0x08005d38   0x08005d38   0x00000026   Code   RO         3872    i.prvCopyDataFromQueue  queue.o
    0x08005d5e   0x08005d5e   0x0000006c   Code   RO         3873    i.prvCopyDataToQueue  queue.o
    0x08005dca   0x08005dca   0x00000034   Code   RO         4303    i.prvDeleteTCB      tasks.o
    0x08005dfe   0x08005dfe   0x00000002   PAD
    0x08005e00   0x08005e00   0x0000004c   Code   RO         5223    i.prvHeapInit       heap_4.o
    0x08005e4c   0x08005e4c   0x00000060   Code   RO         4304    i.prvIdleTask       tasks.o
    0x08005eac   0x08005eac   0x00000026   Code   RO         3875    i.prvInitialiseNewQueue  queue.o
    0x08005ed2   0x08005ed2   0x0000009c   Code   RO         4305    i.prvInitialiseNewTask  tasks.o
    0x08005f6e   0x08005f6e   0x00000002   PAD
    0x08005f70   0x08005f70   0x0000004c   Code   RO         5224    i.prvInsertBlockIntoFreeList  heap_4.o
    0x08005fbc   0x08005fbc   0x00000038   Code   RO         4653    i.prvInsertTimerInActiveList  timers.o
    0x08005ff4   0x08005ff4   0x0000001c   Code   RO         3876    i.prvIsQueueEmpty   queue.o
    0x08006010   0x08006010   0x0000006c   Code   RO         3877    i.prvNotifyQueueSetContainer  queue.o
    0x0800607c   0x0800607c   0x000000cc   Code   RO         4654    i.prvProcessReceivedCommands  timers.o
    0x08006148   0x08006148   0x000000b4   Code   RO         4655    i.prvProcessTimerOrBlockTask  timers.o
    0x080061fc   0x080061fc   0x00000020   Code   RO         4307    i.prvResetNextTaskUnblockTime  tasks.o
    0x0800621c   0x0800621c   0x00000028   Code   RO         4656    i.prvSampleTimeNow  timers.o
    0x08006244   0x08006244   0x0000006c   Code   RO         4657    i.prvSwitchTimerLists  timers.o
    0x080062b0   0x080062b0   0x00000028   Code   RO         5274    i.prvTaskExitError  port.o
    0x080062d8   0x080062d8   0x00000024   Code   RO         4658    i.prvTimerTask      timers.o
    0x080062fc   0x080062fc   0x00000078   Code   RO         3878    i.prvUnlockQueue    queue.o
    0x08006374   0x08006374   0x000000d8   Code   RO         5225    i.pvPortMalloc      heap_4.o
    0x0800644c   0x0800644c   0x00000018   Code   RO         4310    i.pvTaskIncrementMutexHeldCount  tasks.o
    0x08006464   0x08006464   0x00000024   Code   RO         5275    i.pxPortInitialiseStack  port.o
    0x08006488   0x08006488   0x00000026   Code   RO         3832    i.uxListRemove      list.o
    0x080064ae   0x080064ae   0x00000002   PAD
    0x080064b0   0x080064b0   0x00000014   Code   RO         4868    i.vApplicationGetIdleTaskMemory  cmsis_os2.o
    0x080064c4   0x080064c4   0x00000018   Code   RO         4869    i.vApplicationGetTimerTaskMemory  cmsis_os2.o
    0x080064dc   0x080064dc   0x00000016   Code   RO         3833    i.vListInitialise   list.o
    0x080064f2   0x080064f2   0x00000006   Code   RO         3834    i.vListInitialiseItem  list.o
    0x080064f8   0x080064f8   0x00000030   Code   RO         3835    i.vListInsert       list.o
    0x08006528   0x08006528   0x00000018   Code   RO         3836    i.vListInsertEnd    list.o
    0x08006540   0x08006540   0x00000040   Code   RO         5277    i.vPortEnterCritical  port.o
    0x08006580   0x08006580   0x00000028   Code   RO         5278    i.vPortExitCritical  port.o
    0x080065a8   0x080065a8   0x0000005c   Code   RO         5226    i.vPortFree         heap_4.o
    0x08006604   0x08006604   0x00000024   Code   RO         5279    i.vPortSetupTimerInterrupt  port.o
    0x08006628   0x08006628   0x00000054   Code   RO         5280    i.vPortValidateInterruptPriority  port.o
    0x0800667c   0x0800667c   0x00000028   Code   RO         3884    i.vQueueAddToRegistry  queue.o
    0x080066a4   0x080066a4   0x00000044   Code   RO         3888    i.vQueueWaitForMessageRestricted  queue.o
    0x080066e8   0x080066e8   0x0000004c   Code   RO         4319    i.vTaskDelay        tasks.o
    0x08006734   0x08006734   0x00000010   Code   RO         4324    i.vTaskInternalSetTimeOutState  tasks.o
    0x08006744   0x08006744   0x0000000c   Code   RO         4325    i.vTaskMissedYield  tasks.o
    0x08006750   0x08006750   0x00000030   Code   RO         4327    i.vTaskPlaceOnEventList  tasks.o
    0x08006780   0x08006780   0x00000038   Code   RO         4328    i.vTaskPlaceOnEventListRestricted  tasks.o
    0x080067b8   0x080067b8   0x00000090   Code   RO         4330    i.vTaskPriorityDisinheritAfterTimeout  tasks.o
    0x08006848   0x08006848   0x00000088   Code   RO         4336    i.vTaskStartScheduler  tasks.o
    0x080068d0   0x080068d0   0x00000010   Code   RO         4338    i.vTaskSuspendAll   tasks.o
    0x080068e0   0x080068e0   0x00000064   Code   RO         4339    i.vTaskSwitchContext  tasks.o
    0x08006944   0x08006944   0x0000009c   Code   RO         5359    i.validateString    my_bluetooth.o
    0x080069e0   0x080069e0   0x000000a8   Code   RO         5281    i.xPortStartScheduler  port.o
    0x08006a88   0x08006a88   0x00000022   Code   RO         3889    i.xQueueAddToSet    queue.o
    0x08006aaa   0x08006aaa   0x00000008   Code   RO         3894    i.xQueueCreateSet   queue.o
    0x08006ab2   0x08006ab2   0x00000048   Code   RO         3895    i.xQueueGenericCreate  queue.o
    0x08006afa   0x08006afa   0x00000066   Code   RO         3896    i.xQueueGenericCreateStatic  queue.o
    0x08006b60   0x08006b60   0x00000088   Code   RO         3897    i.xQueueGenericReset  queue.o
    0x08006be8   0x08006be8   0x0000016c   Code   RO         3898    i.xQueueGenericSend  queue.o
    0x08006d54   0x08006d54   0x000000ca   Code   RO         3899    i.xQueueGenericSendFromISR  queue.o
    0x08006e1e   0x08006e1e   0x000000ae   Code   RO         3902    i.xQueueGiveFromISR  queue.o
    0x08006ecc   0x08006ecc   0x00000138   Code   RO         3908    i.xQueueReceive     queue.o
    0x08007004   0x08007004   0x00000012   Code   RO         3911    i.xQueueSelectFromSet  queue.o
    0x08007016   0x08007016   0x00000002   PAD
    0x08007018   0x08007018   0x00000178   Code   RO         3913    i.xQueueSemaphoreTake  queue.o
    0x08007190   0x08007190   0x00000074   Code   RO         4340    i.xTaskCheckForTimeOut  tasks.o
    0x08007204   0x08007204   0x0000005a   Code   RO         4341    i.xTaskCreate       tasks.o
    0x0800725e   0x0800725e   0x00000056   Code   RO         4342    i.xTaskCreateStatic  tasks.o
    0x080072b4   0x080072b4   0x0000001c   Code   RO         4346    i.xTaskGetSchedulerState  tasks.o
    0x080072d0   0x080072d0   0x0000000c   Code   RO         4347    i.xTaskGetTickCount  tasks.o
    0x080072dc   0x080072dc   0x000000c8   Code   RO         4349    i.xTaskIncrementTick  tasks.o
    0x080073a4   0x080073a4   0x00000080   Code   RO         4352    i.xTaskPriorityDisinherit  tasks.o
    0x08007424   0x08007424   0x00000078   Code   RO         4353    i.xTaskPriorityInherit  tasks.o
    0x0800749c   0x0800749c   0x00000070   Code   RO         4354    i.xTaskRemoveFromEventList  tasks.o
    0x0800750c   0x0800750c   0x000000c4   Code   RO         4355    i.xTaskResumeAll    tasks.o
    0x080075d0   0x080075d0   0x00000060   Code   RO         4665    i.xTimerCreateTimerTask  timers.o
    0x08007630   0x08007630   0x00000068   Code   RO         4666    i.xTimerGenericCommand  timers.o
    0x08007698   0x08007698   0x0000002c   Code   RO         6164    locale$$code        c_w.l(lc_numeric_c.o)
    0x080076c4   0x080076c4   0x0000002c   Code   RO         6275    locale$$code        c_w.l(lc_ctype_c.o)
    0x080076f0   0x080076f0   0x00000062   Code   RO         6256    x$fpl$d2f           fz_ws.l(d2f.o)
    0x08007752   0x08007752   0x00000002   PAD
    0x08007754   0x08007754   0x00000010   Code   RO         6310    x$fpl$dcheck1       fz_ws.l(dcheck1.o)
    0x08007764   0x08007764   0x00000018   Code   RO         6279    x$fpl$dcmpinf       fz_ws.l(dcmpi.o)
    0x0800777c   0x0800777c   0x000002b0   Code   RO         5941    x$fpl$ddiv          fz_ws.l(ddiv.o)
    0x08007a2c   0x08007a2c   0x00000078   Code   RO         6258    x$fpl$deqf          fz_ws.l(deqf.o)
    0x08007aa4   0x08007aa4   0x0000005a   Code   RO         5944    x$fpl$dfixu         fz_ws.l(dfixu.o)
    0x08007afe   0x08007afe   0x00000002   PAD
    0x08007b00   0x08007b00   0x00000078   Code   RO         6281    x$fpl$dleqf         fz_ws.l(dleqf.o)
    0x08007b78   0x08007b78   0x0000009c   Code   RO         6072    x$fpl$dnaninf       fz_ws.l(dnaninf.o)
    0x08007c14   0x08007c14   0x0000000c   Code   RO         6074    x$fpl$dretinf       fz_ws.l(dretinf.o)
    0x08007c20   0x08007c20   0x0000006c   Code   RO         6260    x$fpl$drleqf        fz_ws.l(drleqf.o)
    0x08007c8c   0x08007c8c   0x00000056   Code   RO         5948    x$fpl$f2d           fz_ws.l(f2d.o)
    0x08007ce2   0x08007ce2   0x00000002   PAD
    0x08007ce4   0x08007ce4   0x0000003e   Code   RO         5950    x$fpl$ffixu         fz_ws.l(ffixu.o)
    0x08007d22   0x08007d22   0x00000002   PAD
    0x08007d24   0x08007d24   0x00000102   Code   RO         5960    x$fpl$fmul          fz_ws.l(fmul.o)
    0x08007e26   0x08007e26   0x0000008c   Code   RO         6078    x$fpl$fnaninf       fz_ws.l(fnaninf.o)
    0x08007eb2   0x08007eb2   0x0000000a   Code   RO         6080    x$fpl$fretinf       fz_ws.l(fretinf.o)
    0x08007ebc   0x08007ebc   0x00000006   Code   RO         6170    x$fpl$ieeestatus    fz_ws.l(istatus.o)
    0x08007ec2   0x08007ec2   0x00000064   Code   RO         6172    x$fpl$retnan        fz_ws.l(retnan.o)
    0x08007f26   0x08007f26   0x0000005c   Code   RO         6285    x$fpl$scalbn        fz_ws.l(scalbn.o)
    0x08007f82   0x08007f82   0x00000004   Code   RO         5964    x$fpl$scanf1        fz_ws.l(scanf1.o)
    0x08007f86   0x08007f86   0x00000008   Code   RO         6174    x$fpl$scanf2        fz_ws.l(scanf2.o)
    0x08007f8e   0x08007f8e   0x00000030   Code   RO         6262    x$fpl$trapveneer    fz_ws.l(trapv.o)
    0x08007fbe   0x08007fbe   0x00000000   Code   RO         6090    x$fpl$usenofp       fz_ws.l(usenofp.o)
    0x08007fbe   0x08007fbe   0x00000002   PAD
    0x08007fc0   0x08007fc0   0x00000024   Data   RO          335    .constdata          freertos.o
    0x08007fe4   0x08007fe4   0x00000012   Data   RO         1222    .constdata          stm32f1xx_hal_rcc.o
    0x08007ff6   0x08007ff6   0x00000010   Data   RO         3671    .constdata          system_stm32f1xx.o
    0x08008006   0x08008006   0x00000008   Data   RO         3672    .constdata          system_stm32f1xx.o
    0x0800800e   0x0800800e   0x000039ad   Data   RO         5643    .constdata          lcd.o
    0x0800b9bb   0x0800b9bb   0x000005c0   Data   RO         5798    .constdata          lcd_api.o
    0x0800bf7b   0x0800bf7b   0x00000001   PAD
    0x0800bf7c   0x0800bf7c   0x00000094   Data   RO         6137    .constdata          c_w.l(bigflt0.o)
    0x0800c010   0x0800c010   0x0000000c   Data   RO          336    .conststring        freertos.o
    0x0800c01c   0x0800c01c   0x00000020   Data   RO         6399    Region$$Table       anon$$obj.o
    0x0800c03c   0x0800c03c   0x00000008   Data   RO         6166    c$$dinf             fz_ws.l(fpconst.o)
    0x0800c044   0x0800c044   0x00000008   Data   RO         6169    c$$dmax             fz_ws.l(fpconst.o)
    0x0800c04c   0x0800c04c   0x0000001c   Data   RO         6163    locale$$data        c_w.l(lc_numeric_c.o)
    0x0800c068   0x0800c068   0x00000110   Data   RO         6274    locale$$data        c_w.l(lc_ctype_c.o)


    Execution Region RW_IRAM1 (Exec base: 0x20000000, Load base: 0x0800c178, Size: 0x00002c20, Max: 0x00005000, ABSOLUTE)

    Exec Addr    Load Addr    Size         Type   Attr      Idx    E Section Name        Object

    0x20000000   0x0800c178   0x0000002c   Data   RW           23    .data               my_maincode.o
    0x2000002c   0x0800c1a4   0x00000004   Data   RW          337    .data               freertos.o
    0x20000030   0x0800c1a8   0x0000000c   Data   RW         1059    .data               stm32f1xx_hal.o
    0x2000003c   0x0800c1b4   0x00000004   Data   RW         3673    .data               system_stm32f1xx.o
    0x20000040   0x0800c1b8   0x0000003c   Data   RW         4358    .data               tasks.o
    0x2000007c   0x0800c1f4   0x00000014   Data   RW         4674    .data               timers.o
    0x20000090   0x0800c208   0x00000004   Data   RW         4871    .data               cmsis_os2.o
    0x20000094   0x0800c20c   0x00000018   Data   RW         5231    .data               heap_4.o
    0x200000ac   0x0800c224   0x0000000c   Data   RW         5282    .data               port.o
    0x200000b8   0x0800c230   0x00000012   Data   RW         5361    .data               my_bluetooth.o
    0x200000ca   0x0800c242   0x00000002   PAD
    0x200000cc   0x0800c244   0x0000001c   Data   RW         5521    .data               my_usart.o
    0x200000e8   0x0800c260   0x0000000c   Data   RW         5799    .data               lcd_api.o
    0x200000f4   0x0800c26c   0x00000004   Data   RW         5878    .data               key.o
    0x200000f8        -       0x00000370   Zero   RW           22    .bss                my_maincode.o
    0x20000468        -       0x00000030   Zero   RW          382    .bss                adc.o
    0x20000498        -       0x0000009c   Zero   RW          449    .bss                spi.o
    0x20000534        -       0x00000048   Zero   RW          496    .bss                tim.o
    0x2000057c        -       0x00000048   Zero   RW          538    .bss                usart.o
    0x200005c4        -       0x00000048   Zero   RW          686    .bss                stm32f1xx_hal_timebase_tim.o
    0x2000060c        -       0x00000040   Zero   RW         3915    .bss                queue.o
    0x2000064c        -       0x000004c4   Zero   RW         4357    .bss                tasks.o
    0x20000b10        -       0x0000011c   Zero   RW         4673    .bss                timers.o
    0x20000c2c        -       0x000006b8   Zero   RW         4870    .bss                cmsis_os2.o
    0x200012e4        -       0x00000c00   Zero   RW         5230    .bss                heap_4.o
    0x20001ee4        -       0x00000440   Zero   RW         5360    .bss                my_bluetooth.o
    0x20002324        -       0x00000090   Zero   RW         5520    .bss                my_usart.o
    0x200023b4        -       0x00000200   Zero   RW         5797    .bss                lcd_api.o
    0x200025b4        -       0x0000000c   Zero   RW         5877    .bss                key.o
    0x200025c0        -       0x00000060   Zero   RW         6187    .bss                c_w.l(libspace.o)
    0x20002620        -       0x00000200   Zero   RW            2    HEAP                startup_stm32f103xb.o
    0x20002820        -       0x00000400   Zero   RW            1    STACK               startup_stm32f103xb.o


==============================================================================

Image component sizes


      Code (inc. data)   RO Data    RW Data    ZI Data      Debug   Object Name

       168         22          0          0         48       1589   adc.o
       328         26          0          4       1720      13424   cmsis_os2.o
        44          4          0          0          0        730   dma.o
         0          0          0          0          0      17660   event_groups.o
        44         12         48          4          0       1665   freertos.o
       188         12          0          0          0        919   gpio.o
       460         24          0         24       3072       4599   heap_4.o
       252         24          0          4         12       2388   key.o
      2346         54      14765          0          0      18876   lcd.o
      1854        210       1472         12        512       7445   lcd_api.o
       138          0          0          0          0       3326   list.o
       214          6          0          0          0       2568   main.o
       608        180          0         18       1088      17403   my_bluetooth.o
      1224         74          0         44        880     483375   my_maincode.o
       460         90          0         28        144       8614   my_usart.o
       662         70          0         12          0      10653   port.o
      2346         22          0          0         64      21369   queue.o
       232         28          0          0        156       1710   spi.o
        64         26        236          0       1536        796   startup_stm32f103xb.o
        64         14          0         12          0       4558   stm32f1xx_hal.o
       622         24          0          0          0       3248   stm32f1xx_hal_adc.o
       158         14          0          0          0      28126   stm32f1xx_hal_cortex.o
       808         36          0          0          0       4894   stm32f1xx_hal_dma.o
       500         34          0          0          0       3463   stm32f1xx_hal_gpio.o
        72         10          0          0          0        842   stm32f1xx_hal_msp.o
      1304         94         18          0          0       5653   stm32f1xx_hal_rcc.o
       236         12          0          0          0       1356   stm32f1xx_hal_rcc_ex.o
       748         16          0          0          0       6992   stm32f1xx_hal_spi.o
       978         26          0          0          0       9577   stm32f1xx_hal_tim.o
       108         12          0          0          0       2353   stm32f1xx_hal_tim_ex.o
       152         20          0          0         72       1439   stm32f1xx_hal_timebase_tim.o
      1328         10          0          0          0       8909   stm32f1xx_hal_uart.o
        60         24          0          0          0       4204   stm32f1xx_it.o
         0          0          0          0          0       8896   stream_buffer.o
         2          0         24          4          0       1079   system_stm32f1xx.o
      2352        194          0         60       1220      25341   tasks.o
       156         10          0          0         72       1606   tim.o
       912         82          0         20        284      25799   timers.o
       184         22          0          0         72       1638   usart.o

    ----------------------------------------------------------------------
     22416       1538      16596        248      10952     769082   Object Totals
         0          0         32          0          0          0   (incl. Generated)
        40          0          1          2          0          0   (incl. Padding)

    ----------------------------------------------------------------------

      Code (inc. data)   RO Data    RW Data    ZI Data      Debug   Library Member Name

        60          8          0          0          0         84   __0sscanf.o
         8          0          0          0          0         68   __main.o
        14          0          0          0          0         68   __printf_wp.o
         0          0          0          0          0          0   __rtentry.o
        12          0          0          0          0          0   __rtentry2.o
         6          0          0          0          0          0   __rtentry4.o
        52          8          0          0          0          0   __scatter.o
        26          0          0          0          0          0   __scatter_copy.o
        28          0          0          0          0          0   __scatter_zi.o
        28          0          0          0          0         68   _chval.o
        22          0          0          0          0        100   _rserrno.o
       884          4          0          0          0        100   _scanf.o
       332          0          0          0          0         96   _scanf_int.o
        64          0          0          0          0         84   _sgetc.o
        16          0          0          0          0         68   aeabi_memset.o
       228          4        148          0          0         96   bigflt0.o
      1924        136          0          0          0        756   btod.o
        18          0          0          0          0         80   exit.o
         6          0          0          0          0        152   heapauxi.o
         0          0          0          0          0          0   indicate_semi.o
        18          0          0          0          0         76   isspace.o
        44         10        272          0          0         76   lc_ctype_c.o
        44         10         28          0          0         76   lc_numeric_c.o
         2          0          0          0          0          0   libinit.o
        30          0          0          0          0          0   libinit2.o
         2          0          0          0          0          0   libshutdown.o
         2          0          0          0          0          0   libshutdown2.o
         8          4          0          0         96         68   libspace.o
        38          0          0          0          0         68   llshl.o
        16          4          0          0          0         76   rt_ctype_table.o
         8          4          0          0          0         68   rt_errno_addr_intlibspace.o
         8          4          0          0          0         68   rt_locale_intlibspace.o
        68          0          0          0          0         68   rt_memclr.o
        78          0          0          0          0         80   rt_memclr_w.o
       138          0          0          0          0         68   rt_memcpy_v6.o
       100          0          0          0          0         80   rt_memcpy_w.o
         2          0          0          0          0          0   rtexit.o
        10          0          0          0          0          0   rtexit2.o
        44          8          0          0          0         84   scanf_char.o
      1272         16          0          0          0        168   scanf_fp.o
       800         14          0          0          0        100   scanf_hexfp.o
       308         16          0          0          0        100   scanf_infnan.o
       128          0          0          0          0         68   strcmpv7m.o
        62          0          0          0          0         76   strlen.o
       150          0          0          0          0         80   strncmp.o
        86          0          0          0          0         76   strncpy.o
        36          0          0          0          0         80   strstr.o
        12          4          0          0          0         68   sys_exit.o
        74          0          0          0          0         80   sys_stackheap_outer.o
         2          0          0          0          0         68   use_no_semi.o
        98          4          0          0          0         92   d2f.o
        16          4          0          0          0         68   dcheck1.o
        24          0          0          0          0         68   dcmpi.o
       688        140          0          0          0        208   ddiv.o
       120          4          0          0          0         92   deqf.o
        90          4          0          0          0         92   dfixu.o
       120          4          0          0          0         92   dleqf.o
       156          4          0          0          0         92   dnaninf.o
        12          0          0          0          0         68   dretinf.o
       108          0          0          0          0         80   drleqf.o
        86          4          0          0          0         84   f2d.o
        62          4          0          0          0         84   ffixu.o
       258          4          0          0          0         84   fmul.o
       140          4          0          0          0         84   fnaninf.o
         0          0         16          0          0          0   fpconst.o
        10          0          0          0          0         68   fretinf.o
         6          0          0          0          0         68   istatus.o
       100          0          0          0          0         68   retnan.o
        92          0          0          0          0         68   scalbn.o
         4          0          0          0          0         68   scanf1.o
         8          0          0          0          0         84   scanf2.o
        48          0          0          0          0         68   trapv.o
         0          0          0          0          0          0   usenofp.o
        30          6          0          0          0        136   dunder.o
        88          8          0          0          0         76   frexp.o
       138          0          0          0          0        160   ldexp.o
       204          4          0          0          0        168   narrow.o

    ----------------------------------------------------------------------
     10052        454        464          0         96       6060   Library Totals
        28          2          0          0          0          0   (incl. Padding)

    ----------------------------------------------------------------------

      Code (inc. data)   RO Data    RW Data    ZI Data      Debug   Library Name

      7318        254        448          0         96       3740   c_w.l
      2246        180         16          0          0       1780   fz_ws.l
       460         18          0          0          0        540   m_ws.l

    ----------------------------------------------------------------------
     10052        454        464          0         96       6060   Library Totals

    ----------------------------------------------------------------------

==============================================================================


      Code (inc. data)   RO Data    RW Data    ZI Data      Debug   

     32468       1992      17060        248      11048     760006   Grand Totals
     32468       1992      17060        248      11048     760006   ELF Image Totals
     32468       1992      17060        248          0          0   ROM Totals

==============================================================================

    Total RO  Size (Code + RO Data)                49528 (  48.37kB)
    Total RW  Size (RW Data + ZI Data)             11296 (  11.03kB)
    Total ROM Size (Code + RO Data + RW Data)      49776 (  48.61kB)

==============================================================================

