Component: ARM Compiler 5.06 update 7 (build 960) Tool: armlink [4d3601]

==============================================================================

Section Cross References

    startup_stm32f103xb.o(STACK) refers (Special) to heapauxi.o(.text) for __use_two_region_memory
    startup_stm32f103xb.o(HEAP) refers (Special) to heapauxi.o(.text) for __use_two_region_memory
    startup_stm32f103xb.o(RESET) refers (Special) to heapauxi.o(.text) for __use_two_region_memory
    startup_stm32f103xb.o(RESET) refers to startup_stm32f103xb.o(STACK) for __initial_sp
    startup_stm32f103xb.o(RESET) refers to startup_stm32f103xb.o(.text) for Reset_Handler
    startup_stm32f103xb.o(RESET) refers to stm32f1xx_it.o(i.NMI_Handler) for NMI_Handler
    startup_stm32f103xb.o(RESET) refers to stm32f1xx_it.o(i.HardFault_Handler) for HardFault_Handler
    startup_stm32f103xb.o(RESET) refers to stm32f1xx_it.o(i.MemManage_Handler) for MemManage_Handler
    startup_stm32f103xb.o(RESET) refers to stm32f1xx_it.o(i.BusFault_Handler) for BusFault_Handler
    startup_stm32f103xb.o(RESET) refers to stm32f1xx_it.o(i.UsageFault_Handler) for UsageFault_Handler
    startup_stm32f103xb.o(RESET) refers to port.o(.emb_text) for SVC_Handler
    startup_stm32f103xb.o(RESET) refers to stm32f1xx_it.o(i.DebugMon_Handler) for DebugMon_Handler
    startup_stm32f103xb.o(RESET) refers to port.o(i.SysTick_Handler) for SysTick_Handler
    startup_stm32f103xb.o(RESET) refers to stm32f1xx_it.o(i.DMA1_Channel5_IRQHandler) for DMA1_Channel5_IRQHandler
    startup_stm32f103xb.o(RESET) refers to stm32f1xx_it.o(i.TIM2_IRQHandler) for TIM2_IRQHandler
    startup_stm32f103xb.o(RESET) refers to stm32f1xx_it.o(i.TIM4_IRQHandler) for TIM4_IRQHandler
    startup_stm32f103xb.o(RESET) refers to stm32f1xx_it.o(i.USART2_IRQHandler) for USART2_IRQHandler
    startup_stm32f103xb.o(.text) refers (Special) to heapauxi.o(.text) for __use_two_region_memory
    startup_stm32f103xb.o(.text) refers to system_stm32f1xx.o(i.SystemInit) for SystemInit
    startup_stm32f103xb.o(.text) refers to __main.o(!!!main) for __main
    startup_stm32f103xb.o(.text) refers to startup_stm32f103xb.o(HEAP) for Heap_Mem
    startup_stm32f103xb.o(.text) refers to startup_stm32f103xb.o(STACK) for Stack_Mem
    my_maincode.o(i.MY_MainCode_Init) refers to my_maincode.o(i.MainCode_Thread_Start) for MainCode_Thread_Start
    my_maincode.o(i.MY_MainCode_Init) refers to my_maincode.o(.bss) for .bss
    my_maincode.o(i.MainCode_Thread) refers to my_bluetooth.o(i.Blue_Init) for Blue_Init
    my_maincode.o(i.MainCode_Thread) refers to lcd_api.o(i.LCDapi_init) for LCDapi_init
    my_maincode.o(i.MainCode_Thread) refers to key.o(i.KEY_Init) for KEY_Init
    my_maincode.o(i.MainCode_Thread) refers to my_rocker.o(i.My_Rocker_Init) for My_Rocker_Init
    my_maincode.o(i.MainCode_Thread) refers to my_bluetooth.o(i.ReBlueRx_QueueStruct) for ReBlueRx_QueueStruct
    my_maincode.o(i.MainCode_Thread) refers to my_bluetooth.o(i.ReBlueTx_QueueStruct) for ReBlueTx_QueueStruct
    my_maincode.o(i.MainCode_Thread) refers to lcd_api.o(i.ReLCD_QueueStruct) for ReLCD_QueueStruct
    my_maincode.o(i.MainCode_Thread) refers to key.o(i.ReKEY_QueueStruct) for ReKEY_QueueStruct
    my_maincode.o(i.MainCode_Thread) refers to my_rocker.o(i.ReRocker_QueueStruct) for ReRocker_QueueStruct
    my_maincode.o(i.MainCode_Thread) refers to queue.o(i.xQueueCreateSet) for xQueueCreateSet
    my_maincode.o(i.MainCode_Thread) refers to queue.o(i.xQueueAddToSet) for xQueueAddToSet
    my_maincode.o(i.MainCode_Thread) refers to my_bluetooth.o(i.BlueRx_Thread_Start) for BlueRx_Thread_Start
    my_maincode.o(i.MainCode_Thread) refers to my_bluetooth.o(i.BlueTx_Thread_Start) for BlueTx_Thread_Start
    my_maincode.o(i.MainCode_Thread) refers to my_rocker.o(i.Rocker_Thread_Start) for Rocker_Thread_Start
    my_maincode.o(i.MainCode_Thread) refers to lcd_api.o(i.LCD_Thread_Start) for LCD_Thread_Start
    my_maincode.o(i.MainCode_Thread) refers to queue.o(i.xQueueSelectFromSet) for xQueueSelectFromSet
    my_maincode.o(i.MainCode_Thread) refers to my_maincode.o(i.Read_BlueRx_Queue) for Read_BlueRx_Queue
    my_maincode.o(i.MainCode_Thread) refers to my_maincode.o(i.Read_KEYRx_Queue) for Read_KEYRx_Queue
    my_maincode.o(i.MainCode_Thread) refers to my_maincode.o(i.Read_Rocker_Queue) for Read_Rocker_Queue
    my_maincode.o(i.MainCode_Thread) refers to my_maincode.o(.data) for .data
    my_maincode.o(i.MainCode_Thread) refers to my_maincode.o(.bss) for .bss
    my_maincode.o(i.MainCode_Thread_Start) refers to tasks.o(i.xTaskCreateStatic) for xTaskCreateStatic
    my_maincode.o(i.MainCode_Thread_Start) refers to my_maincode.o(.bss) for .bss
    my_maincode.o(i.MainCode_Thread_Start) refers to my_maincode.o(i.MainCode_Thread) for MainCode_Thread
    my_maincode.o(i.Read_BlueRx_Queue) refers to queue.o(i.xQueueReceive) for xQueueReceive
    my_maincode.o(i.Read_BlueRx_Queue) refers to fmul.o(x$fpl$fmul) for __aeabi_fmul
[...]
    _memset                                  0x08000c29   Thumb Code     0  rt_memclr.o(.text)
    __rt_locale                              0x08000c69   Thumb Code     8  rt_locale_intlibspace.o(.text)
    __aeabi_errno_addr                       0x08000c71   Thumb Code     8  rt_errno_addr_intlibspace.o(.text)
    __errno$intlibspace                      0x08000c71   Thumb Code     0  rt_errno_addr_intlibspace.o(.text)
    __rt_errno_addr$intlibspace              0x08000c71   Thumb Code     0  rt_errno_addr_intlibspace.o(.text)
    isspace                                  0x08000c79   Thumb Code    18  isspace.o(.text)
    __vfscanf                                0x08000c8d   Thumb Code   880  _scanf.o(.text)
    _btod_etento                             0x08001001   Thumb Code   224  bigflt0.o(.text)
    __user_libspace                          0x080010e5   Thumb Code     8  libspace.o(.text)
    __user_perproc_libspace                  0x080010e5   Thumb Code     0  libspace.o(.text)
    __user_perthread_libspace                0x080010e5   Thumb Code     0  libspace.o(.text)
    __user_setup_stackheap                   0x080010ed   Thumb Code    74  sys_stackheap_outer.o(.text)
    __rt_ctype_table                         0x08001139   Thumb Code    16  rt_ctype_table.o(.text)
    __read_errno                             0x08001149   Thumb Code    10  _rserrno.o(.text)
    __set_errno                              0x08001153   Thumb Code    12  _rserrno.o(.text)
    _scanf_really_hex_real                   0x08001161   Thumb Code   786  scanf_hexfp.o(.text)
    _scanf_really_infnan                     0x08001481   Thumb Code   292  scanf_infnan.o(.text)
    exit                                     0x080015b5   Thumb Code    18  exit.o(.text)
    strcmp                                   0x080015c9   Thumb Code   128  strcmpv7m.o(.text)
    __aeabi_llsl                             0x08001649   Thumb Code     0  llshl.o(.text)
    _ll_shift_l                              0x08001649   Thumb Code    38  llshl.o(.text)
    _sys_exit                                0x08001671   Thumb Code     8  sys_exit.o(.text)
    __I$use$semihosting                      0x0800167d   Thumb Code     0  use_no_semi.o(.text)
    __use_no_semihosting_swi                 0x0800167d   Thumb Code     2  use_no_semi.o(.text)
    __btod_div_common                        0x0800167f   Thumb Code   696  btod.o(CL$$btod_div_common)
    __semihosting_library_function           0x0800167f   Thumb Code     0  indicate_semi.o(.text)
    _e2d                                     0x080019b9   Thumb Code   122  btod.o(CL$$btod_e2d)
    _e2e                                     0x08001a3d   Thumb Code   220  btod.o(CL$$btod_e2e)
    _btod_ediv                               0x08001b19   Thumb Code    42  btod.o(CL$$btod_ediv)
    _btod_edivd                              0x08001b43   Thumb Code    42  btod.o(CL$$btod_edivd)
    _btod_emul                               0x08001b6d   Thumb Code    42  btod.o(CL$$btod_emul)
    _btod_emuld                              0x08001b97   Thumb Code    42  btod.o(CL$$btod_emuld)
    __btod_mult_common                       0x08001bc1   Thumb Code   580  btod.o(CL$$btod_mult_common)
    ADC_ConversionStop_Disable               0x08001e05   Thumb Code    86  stm32f1xx_hal_adc.o(i.ADC_ConversionStop_Disable)
    ADC_Enable                               0x08001e5d   Thumb Code   114  stm32f1xx_hal_adc.o(i.ADC_Enable)
    ADC_GETDATA_Thread                       0x08001ed9   Thumb Code   246  my_rocker.o(i.ADC_GETDATA_Thread)
    BlueRx_Thread                            0x08001fe5   Thumb Code   152  my_bluetooth.o(i.BlueRx_Thread)
    BlueRx_Thread_Start                      0x080020c1   Thumb Code    26  my_bluetooth.o(i.BlueRx_Thread_Start)
    BlueTx_Thread                            0x080020ed   Thumb Code    74  my_bluetooth.o(i.BlueTx_Thread)
    BlueTx_Thread_Start                      0x0800213d   Thumb Code    26  my_bluetooth.o(i.BlueTx_Thread_Start)
    Blue_Init                                0x08002169   Thumb Code    34  my_bluetooth.o(i.Blue_Init)
    BusFault_Handler                         0x08002191   Thumb Code     2  stm32f1xx_it.o(i.BusFault_Handler)
    DMA1_Channel5_IRQHandler                 0x08002195   Thumb Code     6  stm32f1xx_it.o(i.DMA1_Channel5_IRQHandler)
    DebugMon_Handler                         0x080021cb   Thumb Code     2  stm32f1xx_it.o(i.DebugMon_Handler)
    Error_Handler                            0x080021cd   Thumb Code     4  main.o(i.Error_Handler)
    GameSoundTimer_Func                      0x080021d1   Thumb Code    84  my_usart.o(i.GameSoundTimer_Func)
    HAL_ADCEx_Calibration_Start              0x0800222d   Thumb Code   210  stm32f1xx_hal_adc_ex.o(i.HAL_ADCEx_Calibration_Start)
    HAL_ADC_ConfigChannel                    0x08002305   Thumb Code   240  stm32f1xx_hal_adc.o(i.HAL_ADC_ConfigChannel)
    HAL_ADC_GetValue                         0x08002401   Thumb Code     6  stm32f1xx_hal_adc.o(i.HAL_ADC_GetValue)
    HAL_ADC_Init                             0x08002409   Thumb Code   272  stm32f1xx_hal_adc.o(i.HAL_ADC_Init)
    HAL_ADC_MspInit                          0x08002525   Thumb Code    76  adc.o(i.HAL_ADC_MspInit)
    HAL_ADC_PollForConversion                0x0800257d   Thumb Code   304  stm32f1xx_hal_adc.o(i.HAL_ADC_PollForConversion)
    HAL_ADC_Start                            0x080026b9   Thumb Code   184  stm32f1xx_hal_adc.o(i.HAL_ADC_Start)
    HAL_DMA_Abort                            0x08002779   Thumb Code    70  stm32f1xx_hal_dma.o(i.HAL_DMA_Abort)
    HAL_DMA_Abort_IT                         0x080027c1   Thumb Code   148  stm32f1xx_hal_dma.o(i.HAL_DMA_Abort_IT)
    HAL_DMA_IRQHandler                       0x08002859   Thumb Code   316  stm32f1xx_hal_dma.o(i.HAL_DMA_IRQHandler)
    HAL_DMA_Init                             0x080029ad   Thumb Code    84  stm32f1xx_hal_dma.o(i.HAL_DMA_Init)
    HAL_DMA_Start_IT                         0x08002a09   Thumb Code   112  stm32f1xx_hal_dma.o(i.HAL_DMA_Start_IT)
    HAL_GPIO_Init                            0x08002a79   Thumb Code   446  stm32f1xx_hal_gpio.o(i.HAL_GPIO_Init)
    HAL_GPIO_ReadPin                         0x08002c59   Thumb Code    10  stm32f1xx_hal_gpio.o(i.HAL_GPIO_ReadPin)
    HAL_GPIO_WritePin                        0x08002c63   Thumb Code    10  stm32f1xx_hal_gpio.o(i.HAL_GPIO_WritePin)
    HAL_GetTick                              0x08002c6d   Thumb Code     6  stm32f1xx_hal.o(i.HAL_GetTick)
    HAL_IncTick                              0x08002c79   Thumb Code    12  stm32f1xx_hal.o(i.HAL_IncTick)
    HAL_Init                                 0x08002c89   Thumb Code    32  stm32f1xx_hal.o(i.HAL_Init)
    HAL_InitTick                             0x08002cad   Thumb Code   132  stm32f1xx_hal_timebase_tim.o(i.HAL_InitTick)
    HAL_MspInit                              0x08002d45   Thumb Code    62  stm32f1xx_hal_msp.o(i.HAL_MspInit)
    HAL_NVIC_EnableIRQ                       0x08002d8d   Thumb Code    26  stm32f1xx_hal_cortex.o(i.HAL_NVIC_EnableIRQ)
    HAL_NVIC_SetPriority                     0x08002da9   Thumb Code    60  stm32f1xx_hal_cortex.o(i.HAL_NVIC_SetPriority)
    HAL_NVIC_SetPriorityGrouping             0x08002de9   Thumb Code    26  stm32f1xx_hal_cortex.o(i.HAL_NVIC_SetPriorityGrouping)
    HAL_RCCEx_GetPeriphCLKFreq               0x08002e0d   Thumb Code   148  stm32f1xx_hal_rcc_ex.o(i.HAL_RCCEx_GetPeriphCLKFreq)
    HAL_RCCEx_PeriphCLKConfig                0x08002eb1   Thumb Code   224  stm32f1xx_hal_rcc_ex.o(i.HAL_RCCEx_PeriphCLKConfig)
    HAL_RCC_ClockConfig                      0x08002f9d   Thumb Code   280  stm32f1xx_hal_rcc.o(i.HAL_RCC_ClockConfig)
    HAL_RCC_GetClockConfig                   0x080030c9   Thumb Code    54  stm32f1xx_hal_rcc.o(i.HAL_RCC_GetClockConfig)
    HAL_RCC_GetPCLK1Freq                     0x08003109   Thumb Code    20  stm32f1xx_hal_rcc.o(i.HAL_RCC_GetPCLK1Freq)
    HAL_RCC_GetPCLK2Freq                     0x08003129   Thumb Code    20  stm32f1xx_hal_rcc.o(i.HAL_RCC_GetPCLK2Freq)
    HAL_RCC_GetSysClockFreq                  0x08003149   Thumb Code    58  stm32f1xx_hal_rcc.o(i.HAL_RCC_GetSysClockFreq)
    HAL_RCC_OscConfig                        0x08003195   Thumb Code   778  stm32f1xx_hal_rcc.o(i.HAL_RCC_OscConfig)
    HAL_SPI_ErrorCallback                    0x080034b5   Thumb Code     2  stm32f1xx_hal_spi.o(i.HAL_SPI_ErrorCallback)
    HAL_SPI_Init                             0x080034b7   Thumb Code   178  stm32f1xx_hal_spi.o(i.HAL_SPI_Init)
    HAL_SPI_MspInit                          0x08003569   Thumb Code   144  spi.o(i.HAL_SPI_MspInit)
    HAL_SPI_Transmit_DMA                     0x0800360d   Thumb Code   192  stm32f1xx_hal_spi.o(i.HAL_SPI_Transmit_DMA)
    HAL_SPI_TxCpltCallback                   0x080036d9   Thumb Code     2  stm32f1xx_hal_spi.o(i.HAL_SPI_TxCpltCallback)
    HAL_SPI_TxHalfCpltCallback               0x080036db   Thumb Code     2  stm32f1xx_hal_spi.o(i.HAL_SPI_TxHalfCpltCallback)
    HAL_TIMEx_BreakCallback                  0x080036dd   Thumb Code     2  stm32f1xx_hal_tim_ex.o(i.HAL_TIMEx_BreakCallback)
    HAL_TIMEx_CommutCallback                 0x080036df   Thumb Code     2  stm32f1xx_hal_tim_ex.o(i.HAL_TIMEx_CommutCallback)
    HAL_TIMEx_MasterConfigSynchronization    0x080036e1   Thumb Code    92  stm32f1xx_hal_tim_ex.o(i.HAL_TIMEx_MasterConfigSynchronization)
    HAL_TIM_Base_Init                        0x08003749   Thumb Code    90  stm32f1xx_hal_tim.o(i.HAL_TIM_Base_Init)
    HAL_TIM_Base_MspInit                     0x080037a5   Thumb Code    50  tim.o(i.HAL_TIM_Base_MspInit)
    HAL_TIM_Base_Start_IT                    0x080037dd   Thumb Code    76  stm32f1xx_hal_tim.o(i.HAL_TIM_Base_Start_IT)
    HAL_TIM_ConfigClockSource                0x08003835   Thumb Code   220  stm32f1xx_hal_tim.o(i.HAL_TIM_ConfigClockSource)
    HAL_TIM_IC_CaptureCallback               0x08003911   Thumb Code     2  stm32f1xx_hal_tim.o(i.HAL_TIM_IC_CaptureCallback)
    HAL_TIM_IRQHandler                       0x08003913   Thumb Code   358  stm32f1xx_hal_tim.o(i.HAL_TIM_IRQHandler)
    HAL_TIM_OC_DelayElapsedCallback          0x08003a79   Thumb Code     2  stm32f1xx_hal_tim.o(i.HAL_TIM_OC_DelayElapsedCallback)
    HAL_TIM_PWM_PulseFinishedCallback        0x08003a7b   Thumb Code     2  stm32f1xx_hal_tim.o(i.HAL_TIM_PWM_PulseFinishedCallback)
    HAL_TIM_PeriodElapsedCallback            0x08003a7d   Thumb Code    38  main.o(i.HAL_TIM_PeriodElapsedCallback)
    HAL_TIM_TriggerCallback                  0x08003aa9   Thumb Code     2  stm32f1xx_hal_tim.o(i.HAL_TIM_TriggerCallback)
    HAL_UARTEx_RxEventCallback               0x08003aab   Thumb Code     2  stm32f1xx_hal_uart.o(i.HAL_UARTEx_RxEventCallback)
    HAL_UART_ErrorCallback                   0x08003aad   Thumb Code     2  stm32f1xx_hal_uart.o(i.HAL_UART_ErrorCallback)
    HAL_UART_IRQHandler                      0x08003ab1   Thumb Code   616  stm32f1xx_hal_uart.o(i.HAL_UART_IRQHandler)
    HAL_UART_Init                            0x08003d1d   Thumb Code   100  stm32f1xx_hal_uart.o(i.HAL_UART_Init)
    HAL_UART_MspInit                         0x08003d81   Thumb Code   114  usart.o(i.HAL_UART_MspInit)
    HAL_UART_Receive_IT                      0x08003e01   Thumb Code    28  stm32f1xx_hal_uart.o(i.HAL_UART_Receive_IT)
    HAL_UART_RxCpltCallback                  0x08003e1d   Thumb Code    56  my_usart.o(i.HAL_UART_RxCpltCallback)
    HAL_UART_Transmit_IT                     0x08003e65   Thumb Code    50  stm32f1xx_hal_uart.o(i.HAL_UART_Transmit_IT)
    HAL_UART_TxCpltCallback                  0x08003e99   Thumb Code    20  my_usart.o(i.HAL_UART_TxCpltCallback)
    HardFault_Handler                        0x08003eb5   Thumb Code     2  stm32f1xx_it.o(i.HardFault_Handler)
    KEY_Init                                 0x08003eb9   Thumb Code    18  key.o(i.KEY_Init)
    LCD_Address_Set                          0x08003ed1   Thumb Code    66  lcd.o(i.LCD_Address_Set)
    LCD_Clear                                0x08003f13   Thumb Code    18  lcd_api.o(i.LCD_Clear)
    LCD_DrawPoint                            0x08003f25   Thumb Code    22  lcd.o(i.LCD_DrawPoint)
    LCD_Fill                                 0x08003f3b   Thumb Code    62  lcd.o(i.LCD_Fill)
    LCD_Init                                 0x08003f79   Thumb Code   476  lcd.o(i.LCD_Init)
    LCD_Reset                                0x08004159   Thumb Code    44  lcd.o(i.LCD_Reset)
    LCD_ShowChar                             0x08004189   Thumb Code   230  lcd.o(i.LCD_ShowChar)
    LCD_ShowChinese                          0x08004281   Thumb Code    72  lcd.o(i.LCD_ShowChinese)
    LCD_ShowChinese12x12                     0x080042c9   Thumb Code   228  lcd.o(i.LCD_ShowChinese12x12)
    LCD_ShowChinese16x16                     0x080043b1   Thumb Code   218  lcd.o(i.LCD_ShowChinese16x16)
    LCD_ShowChinese24x24                     0x08004491   Thumb Code   228  lcd.o(i.LCD_ShowChinese24x24)
    LCD_ShowChinese32x32                     0x08004579   Thumb Code   218  lcd.o(i.LCD_ShowChinese32x32)
    LCD_ShowIntNum                           0x08004659   Thumb Code   126  lcd.o(i.LCD_ShowIntNum)
    LCD_ShowPicture                          0x080046d7   Thumb Code    80  lcd.o(i.LCD_ShowPicture)
    LCD_ShowString                           0x08004727   Thumb Code    74  lcd.o(i.LCD_ShowString)
    LCD_Thread                               0x08004771   Thumb Code   196  lcd_api.o(i.LCD_Thread)
    LCD_Thread_Start                         0x0800483d   Thumb Code    26  lcd_api.o(i.LCD_Thread_Start)
    LCD_WR_DATA                              0x0800486d   Thumb Code    20  lcd.o(i.LCD_WR_DATA)
    LCD_WR_REG                               0x08004881   Thumb Code    40  lcd.o(i.LCD_WR_REG)
    LCD_Writ_Bus                             0x080048ad   Thumb Code    40  lcd.o(i.LCD_Writ_Bus)
    LCDapi_init                              0x080048d9   Thumb Code    22  lcd_api.o(i.LCDapi_init)
    MX_ADC1_Init                             0x080048f5   Thumb Code    70  adc.o(i.MX_ADC1_Init)
    MX_DMA_Init                              0x08004945   Thumb Code    40  dma.o(i.MX_DMA_Init)
    MX_FREERTOS_Init                         0x08004971   Thumb Code    24  freertos.o(i.MX_FREERTOS_Init)
    MX_GPIO_Init                             0x08004995   Thumb Code   176  gpio.o(i.MX_GPIO_Init)
    MX_SPI2_Init                             0x08004a51   Thumb Code    60  spi.o(i.MX_SPI2_Init)
    MX_TIM2_Init                             0x08004a95   Thumb Code    96  tim.o(i.MX_TIM2_Init)
    MX_USART2_UART_Init                      0x08004af9   Thumb Code    48  usart.o(i.MX_USART2_UART_Init)
    MY_MainCode_Init                         0x08004b31   Thumb Code     8  my_maincode.o(i.MY_MainCode_Init)
    MainCode_Thread                          0x08004b3d   Thumb Code   162  my_maincode.o(i.MainCode_Thread)
    MainCode_Thread_Start                    0x08004bed   Thumb Code    26  my_maincode.o(i.MainCode_Thread_Start)
    MemManage_Handler                        0x08004c19   Thumb Code     2  stm32f1xx_it.o(i.MemManage_Handler)
    My_Rocker_Init                           0x08004c1d   Thumb Code    24  my_rocker.o(i.My_Rocker_Init)
    My_Uart2_Init                            0x08004c3d   Thumb Code    70  my_usart.o(i.My_Uart2_Init)
    NMI_Handler                              0x08004c91   Thumb Code     2  stm32f1xx_it.o(i.NMI_Handler)
    ReBlueRx_QueueStruct                     0x08004c95   Thumb Code     6  my_bluetooth.o(i.ReBlueRx_QueueStruct)
    ReBlueTx_QueueStruct                     0x08004ca1   Thumb Code     6  my_bluetooth.o(i.ReBlueTx_QueueStruct)
    ReKEY_QueueStruct                        0x08004cad   Thumb Code     6  key.o(i.ReKEY_QueueStruct)
    ReLCD_QueueStruct                        0x08004cb9   Thumb Code     6  lcd_api.o(i.ReLCD_QueueStruct)
    ReRocker_QueueStruct                     0x08004cc5   Thumb Code     6  my_rocker.o(i.ReRocker_QueueStruct)
    Read_BlueRx_Queue                        0x08004cd1   Thumb Code   132  my_maincode.o(i.Read_BlueRx_Queue)
    Read_KEYRx_Queue                         0x08004d65   Thumb Code    54  my_maincode.o(i.Read_KEYRx_Queue)
    Read_Rocker_Queue                        0x08004da1   Thumb Code    62  my_maincode.o(i.Read_Rocker_Queue)
    Return2_P_UartStruct                     0x08004de5   Thumb Code     6  my_usart.o(i.Return2_P_UartStruct)
    Rocker_Thread_Start                      0x08004df1   Thumb Code    26  my_rocker.o(i.Rocker_Thread_Start)
    SPIv_WriteData                           0x08004f85   Thumb Code    14  lcd.o(i.SPIv_WriteData)
    Set_LCDQueue                             0x08004f99   Thumb Code    52  my_maincode.o(i.Set_LCDQueue)
    StartDefaultTask                         0x08004fd1   Thumb Code     8  freertos.o(i.StartDefaultTask)
    SysTick_Handler                          0x08005029   Thumb Code    38  port.o(i.SysTick_Handler)
    SystemClock_Config                       0x08005055   Thumb Code   120  main.o(i.SystemClock_Config)
    SystemInit                               0x080050cd   Thumb Code     2  system_stm32f1xx.o(i.SystemInit)
    TIM2_IRQHandler                          0x080050d1   Thumb Code     6  stm32f1xx_it.o(i.TIM2_IRQHandler)
    TIM4_IRQHandler                          0x080050dd   Thumb Code     6  stm32f1xx_it.o(i.TIM4_IRQHandler)
    TIM_Base_SetConfig                       0x080050e9   Thumb Code    94  stm32f1xx_hal_tim.o(i.TIM_Base_SetConfig)
    TIM_ETR_SetConfig                        0x08005155   Thumb Code    20  stm32f1xx_hal_tim.o(i.TIM_ETR_SetConfig)
    UART_Start_Receive_IT                    0x08005399   Thumb Code    54  stm32f1xx_hal_uart.o(i.UART_Start_Receive_IT)
    USART2_IRQHandler                        0x080053d1   Thumb Code     6  stm32f1xx_it.o(i.USART2_IRQHandler)
    Uart1Rx_Buffer_Close                     0x080053dd   Thumb Code    18  my_usart.o(i.Uart1Rx_Buffer_Close)
    Uart2Rx_Buffer_Close                     0x080053f9   Thumb Code    16  my_usart.o(i.Uart2Rx_Buffer_Close)
    Updata_LCD_Data                          0x08005411   Thumb Code   728  my_maincode.o(i.Updata_LCD_Data)
    UpdateBoundary                           0x080056ed   Thumb Code    32  my_maincode.o(i.UpdateBoundary)
    Update_Key                               0x0800570d   Thumb Code   216  key.o(i.Update_Key)
    Update_LCD                               0x080057f5   Thumb Code   258  lcd_api.o(i.Update_LCD)
    Update_LCD_CAR                           0x08005901   Thumb Code   104  lcd_api.o(i.Update_LCD_CAR)
    Update_LCD_Environment                   0x08005995   Thumb Code   392  lcd_api.o(i.Update_LCD_Environment)
    Update_LCD_Install                       0x08005b39   Thumb Code   382  lcd_api.o(i.Update_LCD_Install)
    Update_LCD_Install_2                     0x08005cc1   Thumb Code   358  lcd_api.o(i.Update_LCD_Install_2)
    UsageFault_Handler                       0x08005e61   Thumb Code     2  stm32f1xx_it.o(i.UsageFault_Handler)
    Usart_TX_Data                            0x08005e63   Thumb Code    40  my_usart.o(i.Usart_TX_Data)
    Write_BlueTx                             0x08005e8d   Thumb Code    36  my_maincode.o(i.Write_BlueTx)
    __mathlib_dbl_overflow                   0x08005ed5   Thumb Code    14  dunder.o(i.__mathlib_dbl_overflow)
    __mathlib_dbl_underflow                  0x08005ee5   Thumb Code    10  dunder.o(i.__mathlib_dbl_underflow)
    __mathlib_narrow                         0x08005ef5   Thumb Code    16  narrow.o(i.__mathlib_narrow)
    __mathlib_tofloat                        0x08005f05   Thumb Code   184  narrow.o(i.__mathlib_tofloat)
    __support_ldexp                          0x08005fc1   Thumb Code    22  ldexp.o(i.__support_ldexp)
    _is_digit                                0x08005fd7   Thumb Code    14  __printf_wp.o(i._is_digit)
    frexp                                    0x08005fe5   Thumb Code    80  frexp.o(i.frexp)
    ldexp                                    0x0800603d   Thumb Code   116  ldexp.o(i.ldexp)
    main                                     0x080060b1   Thumb Code    46  main.o(i.main)
    mypow                                    0x080060df   Thumb Code    16  lcd.o(i.mypow)
    osKernelInitialize                       0x080060f1   Thumb Code    50  cmsis_os2.o(i.osKernelInitialize)
    osKernelStart                            0x08006129   Thumb Code    58  cmsis_os2.o(i.osKernelStart)
    osThreadNew                              0x08006169   Thumb Code   160  cmsis_os2.o(i.osThreadNew)
    pvPortMalloc                             0x080069cd   Thumb Code   210  heap_4.o(i.pvPortMalloc)
    pvTaskIncrementMutexHeldCount            0x08006aa5   Thumb Code    18  tasks.o(i.pvTaskIncrementMutexHeldCount)
    pxPortInitialiseStack                    0x08006abd   Thumb Code    32  port.o(i.pxPortInitialiseStack)
    uxListRemove                             0x08006ae1   Thumb Code    38  list.o(i.uxListRemove)
    vApplicationGetIdleTaskMemory            0x08006b09   Thumb Code    16  cmsis_os2.o(i.vApplicationGetIdleTaskMemory)
    vApplicationGetTimerTaskMemory           0x08006b1d   Thumb Code    18  cmsis_os2.o(i.vApplicationGetTimerTaskMemory)
    vListInitialise                          0x08006b35   Thumb Code    22  list.o(i.vListInitialise)
    vListInitialiseItem                      0x08006b4b   Thumb Code     6  list.o(i.vListInitialiseItem)
    vListInsert                              0x08006b51   Thumb Code    48  list.o(i.vListInsert)
    vListInsertEnd                           0x08006b81   Thumb Code    24  list.o(i.vListInsertEnd)
    vPortEnterCritical                       0x08006b99   Thumb Code    54  port.o(i.vPortEnterCritical)
    vPortExitCritical                        0x08006bd9   Thumb Code    34  port.o(i.vPortExitCritical)
    vPortFree                                0x08006c01   Thumb Code    88  heap_4.o(i.vPortFree)
    vPortSetupTimerInterrupt                 0x08006c5d   Thumb Code    32  port.o(i.vPortSetupTimerInterrupt)
    vPortValidateInterruptPriority           0x08006c81   Thumb Code    74  port.o(i.vPortValidateInterruptPriority)
    vQueueAddToRegistry                      0x08006cd5   Thumb Code    34  queue.o(i.vQueueAddToRegistry)
    vQueueWaitForMessageRestricted           0x08006cfd   Thumb Code    68  queue.o(i.vQueueWaitForMessageRestricted)
    vTaskDelay                               0x08006d41   Thumb Code    66  tasks.o(i.vTaskDelay)
    vTaskInternalSetTimeOutState             0x08006d8d   Thumb Code    12  tasks.o(i.vTaskInternalSetTimeOutState)
    vTaskMissedYield                         0x08006d9d   Thumb Code     8  tasks.o(i.vTaskMissedYield)
    vTaskPlaceOnEventList                    0x08006da9   Thumb Code    44  tasks.o(i.vTaskPlaceOnEventList)
    vTaskPlaceOnEventListRestricted          0x08006dd9   Thumb Code    52  tasks.o(i.vTaskPlaceOnEventListRestricted)
    vTaskPriorityDisinheritAfterTimeout      0x08006e11   Thumb Code   134  tasks.o(i.vTaskPriorityDisinheritAfterTimeout)
    vTaskStartScheduler                      0x08006ea1   Thumb Code   118  tasks.o(i.vTaskStartScheduler)
    vTaskSuspendAll                          0x08006f29   Thumb Code    10  tasks.o(i.vTaskSuspendAll)
    vTaskSwitchContext                       0x08006f39   Thumb Code    90  tasks.o(i.vTaskSwitchContext)
    validateString                           0x08006f9d   Thumb Code   104  my_bluetooth.o(i.validateString)
    xPortStartScheduler                      0x08007039   Thumb Code   154  port.o(i.xPortStartScheduler)
    xQueueAddToSet                           0x080070e1   Thumb Code    34  queue.o(i.xQueueAddToSet)
    xQueueCreateSet                          0x08007103   Thumb Code     8  queue.o(i.xQueueCreateSet)
    xQueueGenericCreate                      0x0800710b   Thumb Code    72  queue.o(i.xQueueGenericCreate)
    xQueueGenericCreateStatic                0x08007153   Thumb Code   102  queue.o(i.xQueueGenericCreateStatic)
    xQueueGenericReset                       0x080071b9   Thumb Code   132  queue.o(i.xQueueGenericReset)
    xQueueGenericSend                        0x08007241   Thumb Code   360  queue.o(i.xQueueGenericSend)
    xQueueGenericSendFromISR                 0x080073ad   Thumb Code   202  queue.o(i.xQueueGenericSendFromISR)
    xQueueGiveFromISR                        0x08007477   Thumb Code   174  queue.o(i.xQueueGiveFromISR)
    xQueueReceive                            0x08007525   Thumb Code   308  queue.o(i.xQueueReceive)
    xQueueSelectFromSet                      0x0800765d   Thumb Code    18  queue.o(i.xQueueSelectFromSet)
    xQueueSemaphoreTake                      0x08007671   Thumb Code   372  queue.o(i.xQueueSemaphoreTake)
    xTaskCheckForTimeOut                     0x080077e9   Thumb Code   112  tasks.o(i.xTaskCheckForTimeOut)
    xTaskCreate                              0x0800785d   Thumb Code    90  tasks.o(i.xTaskCreate)
    xTaskCreateStatic                        0x080078b7   Thumb Code    86  tasks.o(i.xTaskCreateStatic)
    xTaskGetSchedulerState                   0x0800790d   Thumb Code    22  tasks.o(i.xTaskGetSchedulerState)
    xTaskGetTickCount                        0x08007929   Thumb Code     6  tasks.o(i.xTaskGetTickCount)
    xTaskIncrementTick                       0x08007935   Thumb Code   190  tasks.o(i.xTaskIncrementTick)
    xTaskPriorityDisinherit                  0x080079fd   Thumb Code   118  tasks.o(i.xTaskPriorityDisinherit)
    xTaskPriorityInherit                     0x08007a7d   Thumb Code   112  tasks.o(i.xTaskPriorityInherit)
    xTaskRemoveFromEventList                 0x08007af5   Thumb Code    98  tasks.o(i.xTaskRemoveFromEventList)
    xTaskResumeAll                           0x08007b65   Thumb Code   182  tasks.o(i.xTaskResumeAll)
    xTimerCreateTimerTask                    0x08007c29   Thumb Code    78  timers.o(i.xTimerCreateTimerTask)
    xTimerGenericCommand                     0x08007c89   Thumb Code    98  timers.o(i.xTimerGenericCommand)
    _get_lc_numeric                          0x08007cf1   Thumb Code    44  lc_numeric_c.o(locale$$code)
    _get_lc_ctype                            0x08007d1d   Thumb Code    44  lc_ctype_c.o(locale$$code)
    __aeabi_d2f                              0x08007d49   Thumb Code     0  d2f.o(x$fpl$d2f)
    _d2f                                     0x08007d49   Thumb Code    98  d2f.o(x$fpl$d2f)
    __fpl_dcheck_NaN1                        0x08007dad   Thumb Code    10  dcheck1.o(x$fpl$dcheck1)
    __fpl_dcmp_Inf                           0x08007dbd   Thumb Code    24  dcmpi.o(x$fpl$dcmpinf)
    __aeabi_ddiv                             0x08007dd5   Thumb Code     0  ddiv.o(x$fpl$ddiv)
    _ddiv                                    0x08007dd5   Thumb Code   552  ddiv.o(x$fpl$ddiv)
    __aeabi_cdcmpeq                          0x08008085   Thumb Code     0  deqf.o(x$fpl$deqf)
    _dcmpeq                                  0x08008085   Thumb Code   120  deqf.o(x$fpl$deqf)
    __aeabi_d2uiz                            0x080080fd   Thumb Code     0  dfixu.o(x$fpl$dfixu)
    _dfixu                                   0x080080fd   Thumb Code    90  dfixu.o(x$fpl$dfixu)
    __aeabi_cdcmple                          0x08008159   Thumb Code     0  dleqf.o(x$fpl$dleqf)
    _dcmple                                  0x08008159   Thumb Code   120  dleqf.o(x$fpl$dleqf)
    __fpl_dcmple_InfNaN                      0x080081bb   Thumb Code     0  dleqf.o(x$fpl$dleqf)
    __fpl_dnaninf                            0x080081d1   Thumb Code   156  dnaninf.o(x$fpl$dnaninf)
    __fpl_dretinf                            0x0800826d   Thumb Code    12  dretinf.o(x$fpl$dretinf)
    __aeabi_cdrcmple                         0x08008279   Thumb Code     0  drleqf.o(x$fpl$drleqf)
    _drcmple                                 0x08008279   Thumb Code   108  drleqf.o(x$fpl$drleqf)
    __aeabi_f2d                              0x080082e5   Thumb Code     0  f2d.o(x$fpl$f2d)
    _f2d                                     0x080082e5   Thumb Code    86  f2d.o(x$fpl$f2d)
    __fpl_fcheck_NaN1                        0x0800833d   Thumb Code     6  fcheck1.o(x$fpl$fcheck1)
    __aeabi_f2uiz                            0x08008349   Thumb Code     0  ffixu.o(x$fpl$ffixu)
    _ffixu                                   0x08008349   Thumb Code    62  ffixu.o(x$fpl$ffixu)
    __aeabi_ui2f                             0x08008389   Thumb Code     0  fflt_clz.o(x$fpl$ffltu)
    _ffltu                                   0x08008389   Thumb Code    38  fflt_clz.o(x$fpl$ffltu)
    __aeabi_fmul                             0x080083b1   Thumb Code     0  fmul.o(x$fpl$fmul)
    _fmul                                    0x080083b1   Thumb Code   258  fmul.o(x$fpl$fmul)
    __fpl_fnaninf                            0x080084b3   Thumb Code   140  fnaninf.o(x$fpl$fnaninf)
    __fpl_fretinf                            0x0800853f   Thumb Code    10  fretinf.o(x$fpl$fretinf)
    __ieee_status                            0x08008549   Thumb Code     6  istatus.o(x$fpl$ieeestatus)
    __fpl_return_NaN                         0x0800854f   Thumb Code   100  retnan.o(x$fpl$retnan)
    __ARM_scalbn                             0x080085b3   Thumb Code    92  scalbn.o(x$fpl$scalbn)
    __ARM_scalbnf                            0x0800860f   Thumb Code    76  scalbnf.o(x$fpl$scalbnf)
    _scanf_real                              0x0800865b   Thumb Code     4  scanf1.o(x$fpl$scanf1)
    _scanf_hex_real                          0x0800865f   Thumb Code     4  scanf2.o(x$fpl$scanf2)
    _scanf_infnan                            0x08008663   Thumb Code     4  scanf2.o(x$fpl$scanf2)
    __fpl_cmpreturn                          0x08008667   Thumb Code    48  trapv.o(x$fpl$trapveneer)
    __I$use$fp                               0x08008696   Number         0  usenofp.o(x$fpl$usenofp)
    defaultTask_attributes                   0x08008698   Data          36  freertos.o(.constdata)
    AHBPrescTable                            0x080086e0   Data          16  system_stm32f1xx.o(.constdata)
    APBPrescTable                            0x080086f0   Data           8  system_stm32f1xx.o(.constdata)
    ascii_1206                               0x080086f8   Data        1140  lcd.o(.constdata)
    ascii_1608                               0x08008b6c   Data        1520  lcd.o(.constdata)
    ascii_2412                               0x0800915c   Data        4560  lcd.o(.constdata)
    ascii_3216                               0x0800a32c   Data        6080  lcd.o(.constdata)
    tfont12                                  0x0800baec   Data          50  lcd.o(.constdata)
    tfont16                                  0x0800bb1e   Data         495  lcd.o(.constdata)
    tfont24                                  0x0800bd0d   Data         146  lcd.o(.constdata)
    tfont32                                  0x0800bd9f   Data         774  lcd.o(.constdata)
    gImage_left                              0x0800c0a5   Data         736  lcd_api.o(.constdata)
    gImage_right                             0x0800c385   Data         736  lcd_api.o(.constdata)
    Region$$Table$$Base                      0x0800c708   Number         0  anon$$obj.o(Region$$Table)
    Region$$Table$$Limit                     0x0800c728   Number         0  anon$$obj.o(Region$$Table)
    __aeabi_HUGE_VAL                         0x0800c728   Data           0  fpconst.o(c$$dinf)
    __aeabi_HUGE_VALL                        0x0800c728   Data           0  fpconst.o(c$$dinf)
    __aeabi_INFINITY                         0x0800c728   Data           0  fpconst.o(c$$dinf)
    __dInf                                   0x0800c728   Data           0  fpconst.o(c$$dinf)
    __huge_val                               0x0800c728   Data           0  fpconst.o(c$$dinf)
    __dbl_max                                0x0800c730   Data           0  fpconst.o(c$$dmax)
    __ctype                                  0x0800c761   Data           0  lc_ctype_c.o(locale$$data)
    air                                      0x20000000   Data           1  my_maincode.o(.data)
    light                                    0x20000001   Data           1  my_maincode.o(.data)
    H                                        0x20000002   Data           1  my_maincode.o(.data)
    T                                        0x20000003   Data           1  my_maincode.o(.data)
    led                                      0x20000004   Data           1  my_maincode.o(.data)
    car_modl                                 0x20000005   Data           1  my_maincode.o(.data)
    new_car_modl                             0x20000006   Data           1  my_maincode.o(.data)
    new_directive                            0x20000007   Data           1  my_maincode.o(.data)
    air_Max                                  0x20000008   Data           1  my_maincode.o(.data)
    air_Min                                  0x20000009   Data           1  my_maincode.o(.data)
    light_Max                                0x2000000a   Data           1  my_maincode.o(.data)
    light_Min                                0x2000000b   Data           1  my_maincode.o(.data)
    H_Max                                    0x2000000c   Data           1  my_maincode.o(.data)
    H_Min                                    0x2000000d   Data           1  my_maincode.o(.data)
    T_Max                                    0x2000000e   Data           1  my_maincode.o(.data)
    T_Min                                    0x2000000f   Data           1  my_maincode.o(.data)
    position                                 0x20000010   Data           1  my_maincode.o(.data)
    location                                 0x20000028   Data           4  my_maincode.o(.data)
    defaultTaskHandle                        0x20000030   Data           4  freertos.o(.data)
    uwTickFreq                               0x20000034   Data           1  stm32f1xx_hal.o(.data)
    uwTickPrio                               0x20000038   Data           4  stm32f1xx_hal.o(.data)
    uwTick                                   0x2000003c   Data           4  stm32f1xx_hal.o(.data)
    SystemCoreClock                          0x20000040   Data           4  system_stm32f1xx.o(.data)
    pxCurrentTCB                             0x20000044   Data           4  tasks.o(.data)
    Uart1Rx_char                             0x200000d0   Data           1  my_usart.o(.data)
    Uart2Rx_char                             0x200000d1   Data           1  my_usart.o(.data)
    Uart1Rx_Counter                          0x200000d2   Data           2  my_usart.o(.data)
    Uart1Rx_Counter_Up                       0x200000d4   Data           2  my_usart.o(.data)
    Uart2Rx_Counter                          0x200000d6   Data           2  my_usart.o(.data)
    Uart2Rx_Counter_Up                       0x200000d8   Data           2  my_usart.o(.data)
    grade                                    0x200000ec   Data           1  lcd_api.o(.data)
    LCD_Mode                                 0x200000ed   Data           4  lcd_api.o(.data)
    Task_MainCode                            0x2000027c   Data          92  my_maincode.o(.bss)
    hadc1                                    0x200004d8   Data          48  adc.o(.bss)
    hspi2                                    0x20000508   Data          88  spi.o(.bss)
    hdma_spi2_tx                             0x20000560   Data          68  spi.o(.bss)
    htim2                                    0x200005a4   Data          72  tim.o(.bss)
    huart2                                   0x200005ec   Data          72  usart.o(.bss)
    htim4                                    0x20000634   Data          72  stm32f1xx_hal_timebase_tim.o(.bss)
    xQueueRegistry                           0x2000067c   Data          64  queue.o(.bss)
    ADC_ThreadBuffer                         0x20002634   Data         512  my_rocker.o(.bss)
    __libspace_start                         0x20002834   Data          96  libspace.o(.bss)
    __temporary_stack_top$libspace           0x20002894   Data           0  libspace.o(.bss)



==============================================================================

Memory Map of the image

  Image Entry point : 0x080000ed

  Load Region LR_IROM1 (Base: 0x08000000, Size: 0x0000c970, Max: 0x00010000, ABSOLUTE)

    Execution Region ER_IROM1 (Exec base: 0x08000000, Load base: 0x08000000, Size: 0x0000c864, Max: 0x00010000, ABSOLUTE)

    Exec Addr    Load Addr    Size         Type   Attr      Idx    E Section Name        Object

    0x08000000   0x08000000   0x000000ec   Data   RO            3    RESET               startup_stm32f103xb.o
    0x080000ec   0x080000ec   0x00000008   Code   RO         6098  * !!!main             c_w.l(__main.o)
    0x080000f4   0x080000f4   0x00000034   Code   RO         6561    !!!scatter          c_w.l(__scatter.o)
    0x08000128   0x08000128   0x0000001a   Code   RO         6563    !!handler_copy      c_w.l(__scatter_copy.o)
    0x08000142   0x08000142   0x00000002   PAD
    0x08000144   0x08000144   0x0000001c   Code   RO         6565    !!handler_zi        c_w.l(__scatter_zi.o)
    0x08000160   0x08000160   0x00000002   Code   RO         6370    .ARM.Collect$$libinit$$00000000  c_w.l(libinit.o)
    0x08000162   0x08000162   0x00000000   Code   RO         6372    .ARM.Collect$$libinit$$00000002  c_w.l(libinit2.o)
    0x08000162   0x08000162   0x00000000   Code   RO         6374    .ARM.Collect$$libinit$$00000004  c_w.l(libinit2.o)
    0x08000162   0x08000162   0x00000000   Code   RO         6377    .ARM.Collect$$libinit$$0000000A  c_w.l(libinit2.o)
    0x08000162   0x08000162   0x00000000   Code   RO         6379    .ARM.Collect$$libinit$$0000000C  c_w.l(libinit2.o)
    0x08000162   0x08000162   0x00000000   Code   RO         6381    .ARM.Collect$$libinit$$0000000E  c_w.l(libinit2.o)
    0x08000162   0x08000162   0x00000006   Code   RO         6382    .ARM.Collect$$libinit$$0000000F  c_w.l(libinit2.o)
    0x08000168   0x08000168   0x00000000   Code   RO         6384    .ARM.Collect$$libinit$$00000011  c_w.l(libinit2.o)
    0x08000168   0x08000168   0x0000000c   Code   RO         6385    .ARM.Collect$$libinit$$00000012  c_w.l(libinit2.o)
    0x08000174   0x08000174   0x00000000   Code   RO         6386    .ARM.Collect$$libinit$$00000013  c_w.l(libinit2.o)
    0x08000174   0x08000174   0x00000000   Code   RO         6388    .ARM.Collect$$libinit$$00000015  c_w.l(libinit2.o)
    0x08000174   0x08000174   0x0000000a   Code   RO         6389    .ARM.Collect$$libinit$$00000016  c_w.l(libinit2.o)
    0x0800017e   0x0800017e   0x00000000   Code   RO         6390    .ARM.Collect$$libinit$$00000017  c_w.l(libinit2.o)
    0x0800017e   0x0800017e   0x00000000   Code   RO         6392    .ARM.Collect$$libinit$$00000019  c_w.l(libinit2.o)
    0x0800017e   0x0800017e   0x00000000   Code   RO         6394    .ARM.Collect$$libinit$$0000001B  c_w.l(libinit2.o)
    0x0800017e   0x0800017e   0x00000000   Code   RO         6396    .ARM.Collect$$libinit$$0000001D  c_w.l(libinit2.o)
    0x0800017e   0x0800017e   0x00000000   Code   RO         6398    .ARM.Collect$$libinit$$0000001F  c_w.l(libinit2.o)
    0x0800017e   0x0800017e   0x00000000   Code   RO         6400    .ARM.Collect$$libinit$$00000021  c_w.l(libinit2.o)
    0x0800017e   0x0800017e   0x00000000   Code   RO         6402    .ARM.Collect$$libinit$$00000023  c_w.l(libinit2.o)
    0x0800017e   0x0800017e   0x00000000   Code   RO         6404    .ARM.Collect$$libinit$$00000025  c_w.l(libinit2.o)
    0x0800017e   0x0800017e   0x00000000   Code   RO         6408    .ARM.Collect$$libinit$$0000002C  c_w.l(libinit2.o)
    0x0800017e   0x0800017e   0x00000000   Code   RO         6410    .ARM.Collect$$libinit$$0000002E  c_w.l(libinit2.o)
    0x0800017e   0x0800017e   0x00000000   Code   RO         6412    .ARM.Collect$$libinit$$00000030  c_w.l(libinit2.o)
    0x0800017e   0x0800017e   0x00000000   Code   RO         6414    .ARM.Collect$$libinit$$00000032  c_w.l(libinit2.o)
    0x0800017e   0x0800017e   0x00000002   Code   RO         6415    .ARM.Collect$$libinit$$00000033  c_w.l(libinit2.o)
    0x08000180   0x08000180   0x00000002   Code   RO         6499    .ARM.Collect$$libshutdown$$00000000  c_w.l(libshutdown.o)
    0x08000182   0x08000182   0x00000000   Code   RO         6518    .ARM.Collect$$libshutdown$$00000002  c_w.l(libshutdown2.o)
    0x08000182   0x08000182   0x00000000   Code   RO         6520    .ARM.Collect$$libshutdown$$00000004  c_w.l(libshutdown2.o)
    0x08000182   0x08000182   0x00000000   Code   RO         6522    .ARM.Collect$$libshutdown$$00000006  c_w.l(libshutdown2.o)
    0x08000182   0x08000182   0x00000000   Code   RO         6525    .ARM.Collect$$libshutdown$$00000009  c_w.l(libshutdown2.o)
    0x08000182   0x08000182   0x00000000   Code   RO         6528    .ARM.Collect$$libshutdown$$0000000C  c_w.l(libshutdown2.o)
    0x08000182   0x08000182   0x00000000   Code   RO         6530    .ARM.Collect$$libshutdown$$0000000E  c_w.l(libshutdown2.o)
    0x08000182   0x08000182   0x00000000   Code   RO         6533    .ARM.Collect$$libshutdown$$00000011  c_w.l(libshutdown2.o)
    0x08000182   0x08000182   0x00000002   Code   RO         6534    .ARM.Collect$$libshutdown$$00000012  c_w.l(libshutdown2.o)
    0x08000184   0x08000184   0x00000000   Code   RO         6126    .ARM.Collect$$rtentry$$00000000  c_w.l(__rtentry.o)
    0x08000184   0x08000184   0x00000000   Code   RO         6252    .ARM.Collect$$rtentry$$00000002  c_w.l(__rtentry2.o)
    0x08000184   0x08000184   0x00000006   Code   RO         6264    .ARM.Collect$$rtentry$$00000004  c_w.l(__rtentry4.o)
    0x0800018a   0x0800018a   0x00000000   Code   RO         6254    .ARM.Collect$$rtentry$$00000009  c_w.l(__rtentry2.o)
    0x0800018a   0x0800018a   0x00000004   Code   RO         6255    .ARM.Collect$$rtentry$$0000000A  c_w.l(__rtentry2.o)
    0x0800018e   0x0800018e   0x00000000   Code   RO         6257    .ARM.Collect$$rtentry$$0000000C  c_w.l(__rtentry2.o)
    0x0800018e   0x0800018e   0x00000008   Code   RO         6258    .ARM.Collect$$rtentry$$0000000D  c_w.l(__rtentry2.o)
    0x08000196   0x08000196   0x00000002   Code   RO         6430    .ARM.Collect$$rtexit$$00000000  c_w.l(rtexit.o)
    0x08000198   0x08000198   0x00000000   Code   RO         6460    .ARM.Collect$$rtexit$$00000002  c_w.l(rtexit2.o)
    0x08000198   0x08000198   0x00000004   Code   RO         6461    .ARM.Collect$$rtexit$$00000003  c_w.l(rtexit2.o)
    0x0800019c   0x0800019c   0x00000006   Code   RO         6462    .ARM.Collect$$rtexit$$00000004  c_w.l(rtexit2.o)
    0x080001a2   0x080001a2   0x00000002   PAD
    0x080001a4   0x080001a4   0x00000096   Code   RO         5425    .emb_text           port.o
    0x0800023a   0x0800023a   0x00000002   PAD
    0x0800023c   0x0800023c   0x00000040   Code   RO            4    .text               startup_stm32f103xb.o
    0x0800027c   0x0800027c   0x0000003c   Code   RO         6076    .text               c_w.l(__0sscanf.o)
    0x080002b8   0x080002b8   0x0000014c   Code   RO         6078    .text               c_w.l(_scanf_int.o)
    0x08000404   0x08000404   0x00000024   Code   RO         6080    .text               c_w.l(strstr.o)
    0x08000428   0x08000428   0x0000003e   Code   RO         6082    .text               c_w.l(strlen.o)
    0x08000466   0x08000466   0x00000096   Code   RO         6084    .text               c_w.l(strncmp.o)
    0x080004fc   0x080004fc   0x0000008a   Code   RO         6086    .text               c_w.l(rt_memcpy_v6.o)
    0x08000586   0x08000586   0x00000010   Code   RO         6090    .text               c_w.l(aeabi_memset.o)
    0x08000596   0x08000596   0x0000004e   Code   RO         6092    .text               c_w.l(rt_memclr_w.o)
    0x080005e4   0x080005e4   0x00000056   Code   RO         6094    .text               c_w.l(strncpy.o)
    0x0800063a   0x0800063a   0x00000006   Code   RO         6096    .text               c_w.l(heapauxi.o)
    0x08000640   0x08000640   0x0000001c   Code   RO         6220    .text               c_w.l(_chval.o)
    0x0800065c   0x0800065c   0x000004f8   Code   RO         6222    .text               c_w.l(scanf_fp.o)
    0x08000b54   0x08000b54   0x0000002c   Code   RO         6224    .text               c_w.l(scanf_char.o)
    0x08000b80   0x08000b80   0x00000040   Code   RO         6226    .text               c_w.l(_sgetc.o)
    0x08000bc0   0x08000bc0   0x00000064   Code   RO         6228    .text               c_w.l(rt_memcpy_w.o)
    0x08000c24   0x08000c24   0x00000044   Code   RO         6230    .text               c_w.l(rt_memclr.o)
    0x08000c68   0x08000c68   0x00000008   Code   RO         6269    .text               c_w.l(rt_locale_intlibspace.o)
    0x08000c70   0x08000c70   0x00000008   Code   RO         6274    .text               c_w.l(rt_errno_addr_intlibspace.o)
    0x08000c78   0x08000c78   0x00000012   Code   RO         6278    .text               c_w.l(isspace.o)
    0x08000c8a   0x08000c8a   0x00000002   PAD
    0x08000c8c   0x08000c8c   0x00000374   Code   RO         6294    .text               c_w.l(_scanf.o)
    0x08001000   0x08001000   0x000000e4   Code   RO         6296    .text               c_w.l(bigflt0.o)
    0x080010e4   0x080010e4   0x00000008   Code   RO         6346    .text               c_w.l(libspace.o)
    0x080010ec   0x080010ec   0x0000004a   Code   RO         6349    .text               c_w.l(sys_stackheap_outer.o)
    0x08001136   0x08001136   0x00000002   PAD
    0x08001138   0x08001138   0x00000010   Code   RO         6351    .text               c_w.l(rt_ctype_table.o)
    0x08001148   0x08001148   0x00000016   Code   RO         6353    .text               c_w.l(_rserrno.o)
    0x0800115e   0x0800115e   0x00000002   PAD
    0x08001160   0x08001160   0x00000320   Code   RO         6357    .text               c_w.l(scanf_hexfp.o)
    0x08001480   0x08001480   0x00000134   Code   RO         6359    .text               c_w.l(scanf_infnan.o)
    0x080015b4   0x080015b4   0x00000012   Code   RO         6361    .text               c_w.l(exit.o)
    0x080015c6   0x080015c6   0x00000002   PAD
    0x080015c8   0x080015c8   0x00000080   Code   RO         6363    .text               c_w.l(strcmpv7m.o)
    0x08001648   0x08001648   0x00000026   Code   RO         6432    .text               c_w.l(llshl.o)
    0x0800166e   0x0800166e   0x00000002   PAD
    0x08001670   0x08001670   0x0000000c   Code   RO         6489    .text               c_w.l(sys_exit.o)
    0x0800167c   0x0800167c   0x00000002   Code   RO         6508    .text               c_w.l(use_no_semi.o)
    0x0800167e   0x0800167e   0x00000000   Code   RO         6510    .text               c_w.l(indicate_semi.o)
    0x0800167e   0x0800167e   0x00000338   Code   RO         6309    CL$$btod_div_common  c_w.l(btod.o)
    0x080019b6   0x080019b6   0x00000002   PAD
    0x080019b8   0x080019b8   0x00000084   Code   RO         6307    CL$$btod_e2d        c_w.l(btod.o)
    0x08001a3c   0x08001a3c   0x000000dc   Code   RO         6306    CL$$btod_e2e        c_w.l(btod.o)
    0x08001b18   0x08001b18   0x0000002a   Code   RO         6303    CL$$btod_ediv       c_w.l(btod.o)
    0x08001b42   0x08001b42   0x0000002a   Code   RO         6305    CL$$btod_edivd      c_w.l(btod.o)
    0x08001b6c   0x08001b6c   0x0000002a   Code   RO         6302    CL$$btod_emul       c_w.l(btod.o)
    0x08001b96   0x08001b96   0x0000002a   Code   RO         6304    CL$$btod_emuld      c_w.l(btod.o)
    0x08001bc0   0x08001bc0   0x00000244   Code   RO         6308    CL$$btod_mult_common  c_w.l(btod.o)
    0x08001e04   0x08001e04   0x00000056   Code   RO          902    i.ADC_ConversionStop_Disable  stm32f1xx_hal_adc.o
    0x08001e5a   0x08001e5a   0x00000002   PAD
    0x08001e5c   0x08001e5c   0x0000007c   Code   RO          906    i.ADC_Enable        stm32f1xx_hal_adc.o
    0x08001ed8   0x08001ed8   0x0000010c   Code   RO         6023    i.ADC_GETDATA_Thread  my_rocker.o
    0x08001fe4   0x08001fe4   0x000000dc   Code   RO         5505    i.BlueRx_Thread     my_bluetooth.o
    0x080020c0   0x080020c0   0x0000002c   Code   RO         5506    i.BlueRx_Thread_Start  my_bluetooth.o
    0x080020ec   0x080020ec   0x00000050   Code   RO         5507    i.BlueTx_Thread     my_bluetooth.o
    0x0800213c   0x0800213c   0x0000002c   Code   RO         5508    i.BlueTx_Thread_Start  my_bluetooth.o
    0x08002168   0x08002168   0x00000028   Code   RO         5509    i.Blue_Init         my_bluetooth.o
    0x08002190   0x08002190   0x00000002   Code   RO          721    i.BusFault_Handler  stm32f1xx_it.o
    0x08002192   0x08002192   0x00000002   PAD
    0x08002194   0x08002194   0x0000000c   Code   RO          722    i.DMA1_Channel5_IRQHandler  stm32f1xx_it.o
    0x080021a0   0x080021a0   0x0000002a   Code   RO         1558    i.DMA_SetConfig     stm32f1xx_hal_dma.o
    0x080021ca   0x080021ca   0x00000002   Code   RO          723    i.DebugMon_Handler  stm32f1xx_it.o
    0x080021cc   0x080021cc   0x00000004   Code   RO          266    i.Error_Handler     main.o
    0x080021d0   0x080021d0   0x0000005c   Code   RO         5611    i.GameSoundTimer_Func  my_usart.o
    0x0800222c   0x0800222c   0x000000d8   Code   RO         1082    i.HAL_ADCEx_Calibration_Start  stm32f1xx_hal_adc_ex.o
    0x08002304   0x08002304   0x000000fc   Code   RO          908    i.HAL_ADC_ConfigChannel  stm32f1xx_hal_adc.o
    0x08002400   0x08002400   0x00000006   Code   RO          915    i.HAL_ADC_GetValue  stm32f1xx_hal_adc.o
    0x08002406   0x08002406   0x00000002   PAD
    0x08002408   0x08002408   0x0000011c   Code   RO          917    i.HAL_ADC_Init      stm32f1xx_hal_adc.o
    0x08002524   0x08002524   0x00000058   Code   RO          524    i.HAL_ADC_MspInit   adc.o
    0x0800257c   0x0800257c   0x0000013c   Code   RO          921    i.HAL_ADC_PollForConversion  stm32f1xx_hal_adc.o
    0x080026b8   0x080026b8   0x000000c0   Code   RO          923    i.HAL_ADC_Start     stm32f1xx_hal_adc.o
    0x08002778   0x08002778   0x00000046   Code   RO         1559    i.HAL_DMA_Abort     stm32f1xx_hal_dma.o
    0x080027be   0x080027be   0x00000002   PAD
    0x080027c0   0x080027c0   0x00000098   Code   RO         1560    i.HAL_DMA_Abort_IT  stm32f1xx_hal_dma.o
    0x08002858   0x08002858   0x00000154   Code   RO         1564    i.HAL_DMA_IRQHandler  stm32f1xx_hal_dma.o
    0x080029ac   0x080029ac   0x0000005c   Code   RO         1565    i.HAL_DMA_Init      stm32f1xx_hal_dma.o
    0x08002a08   0x08002a08   0x00000070   Code   RO         1569    i.HAL_DMA_Start_IT  stm32f1xx_hal_dma.o
    0x08002a78   0x08002a78   0x000001e0   Code   RO         1495    i.HAL_GPIO_Init     stm32f1xx_hal_gpio.o
    0x08002c58   0x08002c58   0x0000000a   Code   RO         1497    i.HAL_GPIO_ReadPin  stm32f1xx_hal_gpio.o
    0x08002c62   0x08002c62   0x0000000a   Code   RO         1499    i.HAL_GPIO_WritePin  stm32f1xx_hal_gpio.o
    0x08002c6c   0x08002c6c   0x0000000c   Code   RO         1189    i.HAL_GetTick       stm32f1xx_hal.o
    0x08002c78   0x08002c78   0x00000010   Code   RO         1195    i.HAL_IncTick       stm32f1xx_hal.o
    0x08002c88   0x08002c88   0x00000024   Code   RO         1196    i.HAL_Init          stm32f1xx_hal.o
    0x08002cac   0x08002cac   0x00000098   Code   RO          827    i.HAL_InitTick      stm32f1xx_hal_timebase_tim.o
    0x08002d44   0x08002d44   0x00000048   Code   RO          803    i.HAL_MspInit       stm32f1xx_hal_msp.o
    0x08002d8c   0x08002d8c   0x0000001a   Code   RO         1655    i.HAL_NVIC_EnableIRQ  stm32f1xx_hal_cortex.o
    0x08002da6   0x08002da6   0x00000002   PAD
    0x08002da8   0x08002da8   0x00000040   Code   RO         1661    i.HAL_NVIC_SetPriority  stm32f1xx_hal_cortex.o
    0x08002de8   0x08002de8   0x00000024   Code   RO         1662    i.HAL_NVIC_SetPriorityGrouping  stm32f1xx_hal_cortex.o
    0x08002e0c   0x08002e0c   0x000000a4   Code   RO         1456    i.HAL_RCCEx_GetPeriphCLKFreq  stm32f1xx_hal_rcc_ex.o
    0x08002eb0   0x08002eb0   0x000000ec   Code   RO         1457    i.HAL_RCCEx_PeriphCLKConfig  stm32f1xx_hal_rcc_ex.o
    0x08002f9c   0x08002f9c   0x0000012c   Code   RO         1353    i.HAL_RCC_ClockConfig  stm32f1xx_hal_rcc.o
    0x080030c8   0x080030c8   0x00000040   Code   RO         1357    i.HAL_RCC_GetClockConfig  stm32f1xx_hal_rcc.o
    0x08003108   0x08003108   0x00000020   Code   RO         1360    i.HAL_RCC_GetPCLK1Freq  stm32f1xx_hal_rcc.o
    0x08003128   0x08003128   0x00000020   Code   RO         1361    i.HAL_RCC_GetPCLK2Freq  stm32f1xx_hal_rcc.o
    0x08003148   0x08003148   0x0000004c   Code   RO         1362    i.HAL_RCC_GetSysClockFreq  stm32f1xx_hal_rcc.o
    0x08003194   0x08003194   0x00000320   Code   RO         1365    i.HAL_RCC_OscConfig  stm32f1xx_hal_rcc.o
    0x080034b4   0x080034b4   0x00000002   Code   RO         2162    i.HAL_SPI_ErrorCallback  stm32f1xx_hal_spi.o
    0x080034b6   0x080034b6   0x000000b2   Code   RO         2166    i.HAL_SPI_Init      stm32f1xx_hal_spi.o
    0x08003568   0x08003568   0x000000a4   Code   RO          590    i.HAL_SPI_MspInit   spi.o
    0x0800360c   0x0800360c   0x000000cc   Code   RO         2178    i.HAL_SPI_Transmit_DMA  stm32f1xx_hal_spi.o
    0x080036d8   0x080036d8   0x00000002   Code   RO         2180    i.HAL_SPI_TxCpltCallback  stm32f1xx_hal_spi.o
    0x080036da   0x080036da   0x00000002   Code   RO         2181    i.HAL_SPI_TxHalfCpltCallback  stm32f1xx_hal_spi.o
    0x080036dc   0x080036dc   0x00000002   Code   RO         3183    i.HAL_TIMEx_BreakCallback  stm32f1xx_hal_tim_ex.o
    0x080036de   0x080036de   0x00000002   Code   RO         3184    i.HAL_TIMEx_CommutCallback  stm32f1xx_hal_tim_ex.o
    0x080036e0   0x080036e0   0x00000068   Code   RO         3202    i.HAL_TIMEx_MasterConfigSynchronization  stm32f1xx_hal_tim_ex.o
    0x08003748   0x08003748   0x0000005a   Code   RO         2479    i.HAL_TIM_Base_Init  stm32f1xx_hal_tim.o
    0x080037a2   0x080037a2   0x00000002   PAD
    0x080037a4   0x080037a4   0x00000038   Code   RO          638    i.HAL_TIM_Base_MspInit  tim.o
    0x080037dc   0x080037dc   0x00000058   Code   RO         2484    i.HAL_TIM_Base_Start_IT  stm32f1xx_hal_tim.o
    0x08003834   0x08003834   0x000000dc   Code   RO         2488    i.HAL_TIM_ConfigClockSource  stm32f1xx_hal_tim.o
    0x08003910   0x08003910   0x00000002   Code   RO         2513    i.HAL_TIM_IC_CaptureCallback  stm32f1xx_hal_tim.o
    0x08003912   0x08003912   0x00000166   Code   RO         2527    i.HAL_TIM_IRQHandler  stm32f1xx_hal_tim.o
    0x08003a78   0x08003a78   0x00000002   Code   RO         2530    i.HAL_TIM_OC_DelayElapsedCallback  stm32f1xx_hal_tim.o
    0x08003a7a   0x08003a7a   0x00000002   Code   RO         2557    i.HAL_TIM_PWM_PulseFinishedCallback  stm32f1xx_hal_tim.o
    0x08003a7c   0x08003a7c   0x0000002c   Code   RO          267    i.HAL_TIM_PeriodElapsedCallback  main.o
    0x08003aa8   0x08003aa8   0x00000002   Code   RO         2570    i.HAL_TIM_TriggerCallback  stm32f1xx_hal_tim.o
    0x08003aaa   0x08003aaa   0x00000002   Code   RO         3462    i.HAL_UARTEx_RxEventCallback  stm32f1xx_hal_uart.o
    0x08003aac   0x08003aac   0x00000002   Code   RO         3476    i.HAL_UART_ErrorCallback  stm32f1xx_hal_uart.o
    0x08003aae   0x08003aae   0x00000002   PAD
    0x08003ab0   0x08003ab0   0x0000026c   Code   RO         3479    i.HAL_UART_IRQHandler  stm32f1xx_hal_uart.o
    0x08003d1c   0x08003d1c   0x00000064   Code   RO         3480    i.HAL_UART_Init     stm32f1xx_hal_uart.o
    0x08003d80   0x08003d80   0x00000080   Code   RO          680    i.HAL_UART_MspInit  usart.o
    0x08003e00   0x08003e00   0x0000001c   Code   RO         3485    i.HAL_UART_Receive_IT  stm32f1xx_hal_uart.o
    0x08003e1c   0x08003e1c   0x00000048   Code   RO         5612    i.HAL_UART_RxCpltCallback  my_usart.o
    0x08003e64   0x08003e64   0x00000032   Code   RO         3490    i.HAL_UART_Transmit_IT  stm32f1xx_hal_uart.o
    0x08003e96   0x08003e96   0x00000002   PAD
    0x08003e98   0x08003e98   0x0000001c   Code   RO         5613    i.HAL_UART_TxCpltCallback  my_usart.o
    0x08003eb4   0x08003eb4   0x00000002   Code   RO          724    i.HardFault_Handler  stm32f1xx_it.o
    0x08003eb6   0x08003eb6   0x00000002   PAD
    0x08003eb8   0x08003eb8   0x00000018   Code   RO         5981    i.KEY_Init          key.o
    0x08003ed0   0x08003ed0   0x00000042   Code   RO         5726    i.LCD_Address_Set   lcd.o
    0x08003f12   0x08003f12   0x00000012   Code   RO         5894    i.LCD_Clear         lcd_api.o
    0x08003f24   0x08003f24   0x00000016   Code   RO         5728    i.LCD_DrawPoint     lcd.o
    0x08003f3a   0x08003f3a   0x0000003e   Code   RO         5730    i.LCD_Fill          lcd.o
    0x08003f78   0x08003f78   0x000001e0   Code   RO         5731    i.LCD_Init          lcd.o
    0x08004158   0x08004158   0x00000030   Code   RO         5732    i.LCD_Reset         lcd.o
    0x08004188   0x08004188   0x000000f8   Code   RO         5733    i.LCD_ShowChar      lcd.o
    0x08004280   0x08004280   0x00000048   Code   RO         5734    i.LCD_ShowChinese   lcd.o
    0x080042c8   0x080042c8   0x000000e8   Code   RO         5735    i.LCD_ShowChinese12x12  lcd.o
    0x080043b0   0x080043b0   0x000000e0   Code   RO         5736    i.LCD_ShowChinese16x16  lcd.o
    0x08004490   0x08004490   0x000000e8   Code   RO         5737    i.LCD_ShowChinese24x24  lcd.o
    0x08004578   0x08004578   0x000000e0   Code   RO         5738    i.LCD_ShowChinese32x32  lcd.o
    0x08004658   0x08004658   0x0000007e   Code   RO         5740    i.LCD_ShowIntNum    lcd.o
    0x080046d6   0x080046d6   0x00000050   Code   RO         5741    i.LCD_ShowPicture   lcd.o
    0x08004726   0x08004726   0x0000004a   Code   RO         5742    i.LCD_ShowString    lcd.o
    0x08004770   0x08004770   0x000000cc   Code   RO         5895    i.LCD_Thread        lcd_api.o
    0x0800483c   0x0800483c   0x00000030   Code   RO         5896    i.LCD_Thread_Start  lcd_api.o
    0x0800486c   0x0800486c   0x00000014   Code   RO         5743    i.LCD_WR_DATA       lcd.o
    0x08004880   0x08004880   0x0000002c   Code   RO         5745    i.LCD_WR_REG        lcd.o
    0x080048ac   0x080048ac   0x0000002c   Code   RO         5746    i.LCD_Writ_Bus      lcd.o
    0x080048d8   0x080048d8   0x0000001c   Code   RO         5897    i.LCDapi_init       lcd_api.o
    0x080048f4   0x080048f4   0x00000050   Code   RO          525    i.MX_ADC1_Init      adc.o
    0x08004944   0x08004944   0x0000002c   Code   RO          565    i.MX_DMA_Init       dma.o
    0x08004970   0x08004970   0x00000024   Code   RO          471    i.MX_FREERTOS_Init  freertos.o
    0x08004994   0x08004994   0x000000bc   Code   RO          447    i.MX_GPIO_Init      gpio.o
    0x08004a50   0x08004a50   0x00000044   Code   RO          591    i.MX_SPI2_Init      spi.o
    0x08004a94   0x08004a94   0x00000064   Code   RO          639    i.MX_TIM2_Init      tim.o
    0x08004af8   0x08004af8   0x00000038   Code   RO          681    i.MX_USART2_UART_Init  usart.o
    0x08004b30   0x08004b30   0x0000000c   Code   RO           13    i.MY_MainCode_Init  my_maincode.o
    0x08004b3c   0x08004b3c   0x000000b0   Code   RO           14    i.MainCode_Thread   my_maincode.o
    0x08004bec   0x08004bec   0x0000002c   Code   RO           15    i.MainCode_Thread_Start  my_maincode.o
    0x08004c18   0x08004c18   0x00000002   Code   RO          725    i.MemManage_Handler  stm32f1xx_it.o
    0x08004c1a   0x08004c1a   0x00000002   PAD
    0x08004c1c   0x08004c1c   0x00000020   Code   RO         6024    i.My_Rocker_Init    my_rocker.o
    0x08004c3c   0x08004c3c   0x00000054   Code   RO         5615    i.My_Uart2_Init     my_usart.o
    0x08004c90   0x08004c90   0x00000002   Code   RO          726    i.NMI_Handler       stm32f1xx_it.o
    0x08004c92   0x08004c92   0x00000002   PAD
    0x08004c94   0x08004c94   0x0000000c   Code   RO         5510    i.ReBlueRx_QueueStruct  my_bluetooth.o
    0x08004ca0   0x08004ca0   0x0000000c   Code   RO         5511    i.ReBlueTx_QueueStruct  my_bluetooth.o
    0x08004cac   0x08004cac   0x0000000c   Code   RO         5982    i.ReKEY_QueueStruct  key.o
    0x08004cb8   0x08004cb8   0x0000000c   Code   RO         5898    i.ReLCD_QueueStruct  lcd_api.o
    0x08004cc4   0x08004cc4   0x0000000c   Code   RO         6025    i.ReRocker_QueueStruct  my_rocker.o
    0x08004cd0   0x08004cd0   0x00000094   Code   RO           16    i.Read_BlueRx_Queue  my_maincode.o
    0x08004d64   0x08004d64   0x0000003c   Code   RO           17    i.Read_KEYRx_Queue  my_maincode.o
    0x08004da0   0x08004da0   0x00000044   Code   RO           18    i.Read_Rocker_Queue  my_maincode.o
    0x08004de4   0x08004de4   0x0000000c   Code   RO         5617    i.Return2_P_UartStruct  my_usart.o
    0x08004df0   0x08004df0   0x0000002c   Code   RO         6026    i.Rocker_Thread_Start  my_rocker.o
    0x08004e1c   0x08004e1c   0x00000022   Code   RO         2194    i.SPI_DMAError      stm32f1xx_hal_spi.o
    0x08004e3e   0x08004e3e   0x0000000a   Code   RO         2196    i.SPI_DMAHalfTransmitCplt  stm32f1xx_hal_spi.o
    0x08004e48   0x08004e48   0x00000064   Code   RO         2200    i.SPI_DMATransmitCplt  stm32f1xx_hal_spi.o
    0x08004eac   0x08004eac   0x00000020   Code   RO         2204    i.SPI_EndRxTxTransaction  stm32f1xx_hal_spi.o
    0x08004ecc   0x08004ecc   0x000000b8   Code   RO         2209    i.SPI_WaitFlagStateUntilTimeout  stm32f1xx_hal_spi.o
    0x08004f84   0x08004f84   0x00000014   Code   RO         5747    i.SPIv_WriteData    lcd.o
    0x08004f98   0x08004f98   0x00000038   Code   RO           19    i.Set_LCDQueue      my_maincode.o
    0x08004fd0   0x08004fd0   0x00000008   Code   RO          472    i.StartDefaultTask  freertos.o
    0x08004fd8   0x08004fd8   0x00000028   Code   RO         5618    i.Stm32_uart1_Send  my_usart.o
    0x08005000   0x08005000   0x00000028   Code   RO         5619    i.Stm32_uart2_Send  my_usart.o
    0x08005028   0x08005028   0x0000002c   Code   RO         5426    i.SysTick_Handler   port.o
    0x08005054   0x08005054   0x00000078   Code   RO          268    i.SystemClock_Config  main.o
    0x080050cc   0x080050cc   0x00000002   Code   RO         3814    i.SystemInit        system_stm32f1xx.o
    0x080050ce   0x080050ce   0x00000002   PAD
    0x080050d0   0x080050d0   0x0000000c   Code   RO          727    i.TIM2_IRQHandler   stm32f1xx_it.o
    0x080050dc   0x080050dc   0x0000000c   Code   RO          728    i.TIM4_IRQHandler   stm32f1xx_it.o
    0x080050e8   0x080050e8   0x0000006c   Code   RO         2572    i.TIM_Base_SetConfig  stm32f1xx_hal_tim.o
    0x08005154   0x08005154   0x00000014   Code   RO         2583    i.TIM_ETR_SetConfig  stm32f1xx_hal_tim.o
    0x08005168   0x08005168   0x00000010   Code   RO         2584    i.TIM_ITRx_SetConfig  stm32f1xx_hal_tim.o
    0x08005178   0x08005178   0x00000022   Code   RO         2590    i.TIM_TI1_ConfigInputStage  stm32f1xx_hal_tim.o
    0x0800519a   0x0800519a   0x00000024   Code   RO         2592    i.TIM_TI2_ConfigInputStage  stm32f1xx_hal_tim.o
    0x080051be   0x080051be   0x00000010   Code   RO         3493    i.UART_DMAAbortOnError  stm32f1xx_hal_uart.o
    0x080051ce   0x080051ce   0x0000004e   Code   RO         3503    i.UART_EndRxTransfer  stm32f1xx_hal_uart.o
    0x0800521c   0x0800521c   0x000000c2   Code   RO         3505    i.UART_Receive_IT   stm32f1xx_hal_uart.o
    0x080052de   0x080052de   0x00000002   PAD
    0x080052e0   0x080052e0   0x000000b8   Code   RO         3506    i.UART_SetConfig    stm32f1xx_hal_uart.o
    0x08005398   0x08005398   0x00000036   Code   RO         3508    i.UART_Start_Receive_IT  stm32f1xx_hal_uart.o
    0x080053ce   0x080053ce   0x00000002   PAD
    0x080053d0   0x080053d0   0x0000000c   Code   RO          729    i.USART2_IRQHandler  stm32f1xx_it.o
    0x080053dc   0x080053dc   0x0000001c   Code   RO         5620    i.Uart1Rx_Buffer_Close  my_usart.o
    0x080053f8   0x080053f8   0x00000018   Code   RO         5621    i.Uart2Rx_Buffer_Close  my_usart.o
    0x08005410   0x08005410   0x000002dc   Code   RO           20    i.Updata_LCD_Data   my_maincode.o
    0x080056ec   0x080056ec   0x00000020   Code   RO           21    i.UpdateBoundary    my_maincode.o
    0x0800570c   0x0800570c   0x000000e8   Code   RO         5983    i.Update_Key        key.o
    0x080057f4   0x080057f4   0x0000010c   Code   RO         5899    i.Update_LCD        lcd_api.o
    0x08005900   0x08005900   0x00000094   Code   RO         5900    i.Update_LCD_CAR    lcd_api.o
    0x08005994   0x08005994   0x000001a4   Code   RO         5901    i.Update_LCD_Environment  lcd_api.o
    0x08005b38   0x08005b38   0x00000188   Code   RO         5902    i.Update_LCD_Install  lcd_api.o
    0x08005cc0   0x08005cc0   0x000001a0   Code   RO         5903    i.Update_LCD_Install_2  lcd_api.o
    0x08005e60   0x08005e60   0x00000002   Code   RO          730    i.UsageFault_Handler  stm32f1xx_it.o
    0x08005e62   0x08005e62   0x00000028   Code   RO         5623    i.Usart_TX_Data     my_usart.o
    0x08005e8a   0x08005e8a   0x00000002   PAD
    0x08005e8c   0x08005e8c   0x00000028   Code   RO           22    i.Write_BlueTx      my_maincode.o
    0x08005eb4   0x08005eb4   0x00000020   Code   RO         1668    i.__NVIC_SetPriority  stm32f1xx_hal_cortex.o
    0x08005ed4   0x08005ed4   0x0000000e   Code   RO         6476    i.__mathlib_dbl_overflow  m_ws.l(dunder.o)
    0x08005ee2   0x08005ee2   0x00000002   PAD
    0x08005ee4   0x08005ee4   0x00000010   Code   RO         6478    i.__mathlib_dbl_underflow  m_ws.l(dunder.o)
    0x08005ef4   0x08005ef4   0x00000010   Code   RO         6340    i.__mathlib_narrow  m_ws.l(narrow.o)
    0x08005f04   0x08005f04   0x000000bc   Code   RO         6341    i.__mathlib_tofloat  m_ws.l(narrow.o)
    0x08005fc0   0x08005fc0   0x00000016   Code   RO         6448    i.__support_ldexp   m_ws.l(ldexp.o)
    0x08005fd6   0x08005fd6   0x0000000e   Code   RO         6187    i._is_digit         c_w.l(__printf_wp.o)
    0x08005fe4   0x08005fe4   0x00000058   Code   RO         6427    i.frexp             m_ws.l(frexp.o)
    0x0800603c   0x0800603c   0x00000074   Code   RO         6449    i.ldexp             m_ws.l(ldexp.o)
    0x080060b0   0x080060b0   0x0000002e   Code   RO          269    i.main              main.o
    0x080060de   0x080060de   0x00000010   Code   RO         5749    i.mypow             lcd.o
    0x080060ee   0x080060ee   0x00000002   PAD
    0x080060f0   0x080060f0   0x00000038   Code   RO         4969    i.osKernelInitialize  cmsis_os2.o
    0x08006128   0x08006128   0x00000040   Code   RO         4972    i.osKernelStart     cmsis_os2.o
    0x08006168   0x08006168   0x000000a4   Code   RO         5006    i.osThreadNew       cmsis_os2.o
    0x0800620c   0x0800620c   0x0000005c   Code   RO         4451    i.prvAddCurrentTaskToDelayedList  tasks.o
    0x08006268   0x08006268   0x000000d0   Code   RO         4452    i.prvAddNewTaskToReadyList  tasks.o
    0x08006338   0x08006338   0x00000058   Code   RO         4801    i.prvCheckForValidListAndQueue  timers.o
    0x08006390   0x08006390   0x00000026   Code   RO         4019    i.prvCopyDataFromQueue  queue.o
    0x080063b6   0x080063b6   0x0000006c   Code   RO         4020    i.prvCopyDataToQueue  queue.o
    0x08006422   0x08006422   0x00000034   Code   RO         4453    i.prvDeleteTCB      tasks.o
    0x08006456   0x08006456   0x00000002   PAD
    0x08006458   0x08006458   0x0000004c   Code   RO         5376    i.prvHeapInit       heap_4.o
    0x080064a4   0x080064a4   0x00000060   Code   RO         4454    i.prvIdleTask       tasks.o
    0x08006504   0x08006504   0x00000026   Code   RO         4022    i.prvInitialiseNewQueue  queue.o
    0x0800652a   0x0800652a   0x0000009c   Code   RO         4455    i.prvInitialiseNewTask  tasks.o
    0x080065c6   0x080065c6   0x00000002   PAD
    0x080065c8   0x080065c8   0x0000004c   Code   RO         5377    i.prvInsertBlockIntoFreeList  heap_4.o
    0x08006614   0x08006614   0x00000038   Code   RO         4803    i.prvInsertTimerInActiveList  timers.o
    0x0800664c   0x0800664c   0x0000001c   Code   RO         4023    i.prvIsQueueEmpty   queue.o
    0x08006668   0x08006668   0x0000006c   Code   RO         4024    i.prvNotifyQueueSetContainer  queue.o
    0x080066d4   0x080066d4   0x000000cc   Code   RO         4804    i.prvProcessReceivedCommands  timers.o
    0x080067a0   0x080067a0   0x000000b4   Code   RO         4805    i.prvProcessTimerOrBlockTask  timers.o
    0x08006854   0x08006854   0x00000020   Code   RO         4457    i.prvResetNextTaskUnblockTime  tasks.o
    0x08006874   0x08006874   0x00000028   Code   RO         4806    i.prvSampleTimeNow  timers.o
    0x0800689c   0x0800689c   0x0000006c   Code   RO         4807    i.prvSwitchTimerLists  timers.o
    0x08006908   0x08006908   0x00000028   Code   RO         5427    i.prvTaskExitError  port.o
    0x08006930   0x08006930   0x00000024   Code   RO         4808    i.prvTimerTask      timers.o
    0x08006954   0x08006954   0x00000078   Code   RO         4025    i.prvUnlockQueue    queue.o
    0x080069cc   0x080069cc   0x000000d8   Code   RO         5378    i.pvPortMalloc      heap_4.o
    0x08006aa4   0x08006aa4   0x00000018   Code   RO         4460    i.pvTaskIncrementMutexHeldCount  tasks.o
    0x08006abc   0x08006abc   0x00000024   Code   RO         5428    i.pxPortInitialiseStack  port.o
    0x08006ae0   0x08006ae0   0x00000026   Code   RO         3979    i.uxListRemove      list.o
    0x08006b06   0x08006b06   0x00000002   PAD
    0x08006b08   0x08006b08   0x00000014   Code   RO         5018    i.vApplicationGetIdleTaskMemory  cmsis_os2.o
    0x08006b1c   0x08006b1c   0x00000018   Code   RO         5019    i.vApplicationGetTimerTaskMemory  cmsis_os2.o
    0x08006b34   0x08006b34   0x00000016   Code   RO         3980    i.vListInitialise   list.o
    0x08006b4a   0x08006b4a   0x00000006   Code   RO         3981    i.vListInitialiseItem  list.o
    0x08006b50   0x08006b50   0x00000030   Code   RO         3982    i.vListInsert       list.o
    0x08006b80   0x08006b80   0x00000018   Code   RO         3983    i.vListInsertEnd    list.o
    0x08006b98   0x08006b98   0x00000040   Code   RO         5430    i.vPortEnterCritical  port.o
    0x08006bd8   0x08006bd8   0x00000028   Code   RO         5431    i.vPortExitCritical  port.o
    0x08006c00   0x08006c00   0x0000005c   Code   RO         5379    i.vPortFree         heap_4.o
    0x08006c5c   0x08006c5c   0x00000024   Code   RO         5432    i.vPortSetupTimerInterrupt  port.o
    0x08006c80   0x08006c80   0x00000054   Code   RO         5433    i.vPortValidateInterruptPriority  port.o
    0x08006cd4   0x08006cd4   0x00000028   Code   RO         4031    i.vQueueAddToRegistry  queue.o
    0x08006cfc   0x08006cfc   0x00000044   Code   RO         4035    i.vQueueWaitForMessageRestricted  queue.o
    0x08006d40   0x08006d40   0x0000004c   Code   RO         4469    i.vTaskDelay        tasks.o
    0x08006d8c   0x08006d8c   0x00000010   Code   RO         4474    i.vTaskInternalSetTimeOutState  tasks.o
    0x08006d9c   0x08006d9c   0x0000000c   Code   RO         4475    i.vTaskMissedYield  tasks.o
    0x08006da8   0x08006da8   0x00000030   Code   RO         4477    i.vTaskPlaceOnEventList  tasks.o
    0x08006dd8   0x08006dd8   0x00000038   Code   RO         4478    i.vTaskPlaceOnEventListRestricted  tasks.o
    0x08006e10   0x08006e10   0x00000090   Code   RO         4480    i.vTaskPriorityDisinheritAfterTimeout  tasks.o
    0x08006ea0   0x08006ea0   0x00000088   Code   RO         4486    i.vTaskStartScheduler  tasks.o
    0x08006f28   0x08006f28   0x00000010   Code   RO         4488    i.vTaskSuspendAll   tasks.o
    0x08006f38   0x08006f38   0x00000064   Code   RO         4489    i.vTaskSwitchContext  tasks.o
    0x08006f9c   0x08006f9c   0x0000009c   Code   RO         5512    i.validateString    my_bluetooth.o
    0x08007038   0x08007038   0x000000a8   Code   RO         5434    i.xPortStartScheduler  port.o
    0x080070e0   0x080070e0   0x00000022   Code   RO         4036    i.xQueueAddToSet    queue.o
    0x08007102   0x08007102   0x00000008   Code   RO         4041    i.xQueueCreateSet   queue.o
    0x0800710a   0x0800710a   0x00000048   Code   RO         4042    i.xQueueGenericCreate  queue.o
    0x08007152   0x08007152   0x00000066   Code   RO         4043    i.xQueueGenericCreateStatic  queue.o
    0x080071b8   0x080071b8   0x00000088   Code   RO         4044    i.xQueueGenericReset  queue.o
    0x08007240   0x08007240   0x0000016c   Code   RO         4045    i.xQueueGenericSend  queue.o
    0x080073ac   0x080073ac   0x000000ca   Code   RO         4046    i.xQueueGenericSendFromISR  queue.o
    0x08007476   0x08007476   0x000000ae   Code   RO         4049    i.xQueueGiveFromISR  queue.o
    0x08007524   0x08007524   0x00000138   Code   RO         4055    i.xQueueReceive     queue.o
    0x0800765c   0x0800765c   0x00000012   Code   RO         4058    i.xQueueSelectFromSet  queue.o
    0x0800766e   0x0800766e   0x00000002   PAD
    0x08007670   0x08007670   0x00000178   Code   RO         4060    i.xQueueSemaphoreTake  queue.o
    0x080077e8   0x080077e8   0x00000074   Code   RO         4490    i.xTaskCheckForTimeOut  tasks.o
    0x0800785c   0x0800785c   0x0000005a   Code   RO         4491    i.xTaskCreate       tasks.o
    0x080078b6   0x080078b6   0x00000056   Code   RO         4492    i.xTaskCreateStatic  tasks.o
    0x0800790c   0x0800790c   0x0000001c   Code   RO         4496    i.xTaskGetSchedulerState  tasks.o
    0x08007928   0x08007928   0x0000000c   Code   RO         4497    i.xTaskGetTickCount  tasks.o
    0x08007934   0x08007934   0x000000c8   Code   RO         4499    i.xTaskIncrementTick  tasks.o
    0x080079fc   0x080079fc   0x00000080   Code   RO         4502    i.xTaskPriorityDisinherit  tasks.o
    0x08007a7c   0x08007a7c   0x00000078   Code   RO         4503    i.xTaskPriorityInherit  tasks.o
    0x08007af4   0x08007af4   0x00000070   Code   RO         4504    i.xTaskRemoveFromEventList  tasks.o
    0x08007b64   0x08007b64   0x000000c4   Code   RO         4505    i.xTaskResumeAll    tasks.o
    0x08007c28   0x08007c28   0x00000060   Code   RO         4815    i.xTimerCreateTimerTask  timers.o
    0x08007c88   0x08007c88   0x00000068   Code   RO         4816    i.xTimerGenericCommand  timers.o
    0x08007cf0   0x08007cf0   0x0000002c   Code   RO         6324    locale$$code        c_w.l(lc_numeric_c.o)
    0x08007d1c   0x08007d1c   0x0000002c   Code   RO         6435    locale$$code        c_w.l(lc_ctype_c.o)
    0x08007d48   0x08007d48   0x00000062   Code   RO         6416    x$fpl$d2f           fz_ws.l(d2f.o)
    0x08007daa   0x08007daa   0x00000002   PAD
    0x08007dac   0x08007dac   0x00000010   Code   RO         6470    x$fpl$dcheck1       fz_ws.l(dcheck1.o)
    0x08007dbc   0x08007dbc   0x00000018   Code   RO         6439    x$fpl$dcmpinf       fz_ws.l(dcmpi.o)
    0x08007dd4   0x08007dd4   0x000002b0   Code   RO         6101    x$fpl$ddiv          fz_ws.l(ddiv.o)
    0x08008084   0x08008084   0x00000078   Code   RO         6418    x$fpl$deqf          fz_ws.l(deqf.o)
    0x080080fc   0x080080fc   0x0000005a   Code   RO         6104    x$fpl$dfixu         fz_ws.l(dfixu.o)
    0x08008156   0x08008156   0x00000002   PAD
    0x08008158   0x08008158   0x00000078   Code   RO         6441    x$fpl$dleqf         fz_ws.l(dleqf.o)
    0x080081d0   0x080081d0   0x0000009c   Code   RO         6232    x$fpl$dnaninf       fz_ws.l(dnaninf.o)
    0x0800826c   0x0800826c   0x0000000c   Code   RO         6234    x$fpl$dretinf       fz_ws.l(dretinf.o)
    0x08008278   0x08008278   0x0000006c   Code   RO         6420    x$fpl$drleqf        fz_ws.l(drleqf.o)
    0x080082e4   0x080082e4   0x00000056   Code   RO         6108    x$fpl$f2d           fz_ws.l(f2d.o)
    0x0800833a   0x0800833a   0x00000002   PAD
    0x0800833c   0x0800833c   0x0000000c   Code   RO         6236    x$fpl$fcheck1       fz_ws.l(fcheck1.o)
    0x08008348   0x08008348   0x0000003e   Code   RO         6110    x$fpl$ffixu         fz_ws.l(ffixu.o)
    0x08008386   0x08008386   0x00000002   PAD
    0x08008388   0x08008388   0x00000026   Code   RO         6114    x$fpl$ffltu         fz_ws.l(fflt_clz.o)
    0x080083ae   0x080083ae   0x00000002   PAD
    0x080083b0   0x080083b0   0x00000102   Code   RO         6120    x$fpl$fmul          fz_ws.l(fmul.o)
    0x080084b2   0x080084b2   0x0000008c   Code   RO         6238    x$fpl$fnaninf       fz_ws.l(fnaninf.o)
    0x0800853e   0x0800853e   0x0000000a   Code   RO         6240    x$fpl$fretinf       fz_ws.l(fretinf.o)
    0x08008548   0x08008548   0x00000006   Code   RO         6330    x$fpl$ieeestatus    fz_ws.l(istatus.o)
    0x0800854e   0x0800854e   0x00000064   Code   RO         6332    x$fpl$retnan        fz_ws.l(retnan.o)
    0x080085b2   0x080085b2   0x0000005c   Code   RO         6445    x$fpl$scalbn        fz_ws.l(scalbn.o)
    0x0800860e   0x0800860e   0x0000004c   Code   RO         6122    x$fpl$scalbnf       fz_ws.l(scalbnf.o)
    0x0800865a   0x0800865a   0x00000004   Code   RO         6124    x$fpl$scanf1        fz_ws.l(scanf1.o)
    0x0800865e   0x0800865e   0x00000008   Code   RO         6334    x$fpl$scanf2        fz_ws.l(scanf2.o)
    0x08008666   0x08008666   0x00000030   Code   RO         6422    x$fpl$trapveneer    fz_ws.l(trapv.o)
    0x08008696   0x08008696   0x00000000   Code   RO         6250    x$fpl$usenofp       fz_ws.l(usenofp.o)
    0x08008696   0x08008696   0x00000002   PAD
    0x08008698   0x08008698   0x00000024   Data   RO          473    .constdata          freertos.o
    0x080086bc   0x080086bc   0x00000012   Data   RO         1366    .constdata          stm32f1xx_hal_rcc.o
    0x080086ce   0x080086ce   0x00000012   Data   RO         1458    .constdata          stm32f1xx_hal_rcc_ex.o
    0x080086e0   0x080086e0   0x00000010   Data   RO         3815    .constdata          system_stm32f1xx.o
    0x080086f0   0x080086f0   0x00000008   Data   RO         3816    .constdata          system_stm32f1xx.o
    0x080086f8   0x080086f8   0x000039ad   Data   RO         5750    .constdata          lcd.o
    0x0800c0a5   0x0800c0a5   0x000005c0   Data   RO         5905    .constdata          lcd_api.o
    0x0800c665   0x0800c665   0x00000003   PAD
    0x0800c668   0x0800c668   0x00000094   Data   RO         6297    .constdata          c_w.l(bigflt0.o)
    0x0800c6fc   0x0800c6fc   0x0000000c   Data   RO          474    .conststring        freertos.o
    0x0800c708   0x0800c708   0x00000020   Data   RO         6559    Region$$Table       anon$$obj.o
    0x0800c728   0x0800c728   0x00000008   Data   RO         6326    c$$dinf             fz_ws.l(fpconst.o)
    0x0800c730   0x0800c730   0x00000008   Data   RO         6329    c$$dmax             fz_ws.l(fpconst.o)
    0x0800c738   0x0800c738   0x0000001c   Data   RO         6323    locale$$data        c_w.l(lc_numeric_c.o)
    0x0800c754   0x0800c754   0x00000110   Data   RO         6434    locale$$data        c_w.l(lc_ctype_c.o)


    Execution Region RW_IRAM1 (Exec base: 0x20000000, Load base: 0x0800c864, Size: 0x00002e98, Max: 0x00005000, ABSOLUTE)

    Exec Addr    Load Addr    Size         Type   Attr      Idx    E Section Name        Object

    0x20000000   0x0800c864   0x00000030   Data   RW           24    .data               my_maincode.o
    0x20000030   0x0800c894   0x00000004   Data   RW          475    .data               freertos.o
    0x20000034   0x0800c898   0x0000000c   Data   RW         1203    .data               stm32f1xx_hal.o
    0x20000040   0x0800c8a4   0x00000004   Data   RW         3817    .data               system_stm32f1xx.o
    0x20000044   0x0800c8a8   0x0000003c   Data   RW         4508    .data               tasks.o
    0x20000080   0x0800c8e4   0x00000014   Data   RW         4824    .data               timers.o
    0x20000094   0x0800c8f8   0x00000004   Data   RW         5021    .data               cmsis_os2.o
    0x20000098   0x0800c8fc   0x00000018   Data   RW         5384    .data               heap_4.o
    0x200000b0   0x0800c914   0x0000000c   Data   RW         5435    .data               port.o
    0x200000bc   0x0800c920   0x00000012   Data   RW         5514    .data               my_bluetooth.o
    0x200000ce   0x0800c932   0x00000002   PAD
    0x200000d0   0x0800c934   0x0000001c   Data   RW         5625    .data               my_usart.o
    0x200000ec   0x0800c950   0x0000000c   Data   RW         5906    .data               lcd_api.o
    0x200000f8   0x0800c95c   0x00000004   Data   RW         5985    .data               key.o
    0x200000fc   0x0800c960   0x00000010   Data   RW         6028    .data               my_rocker.o
    0x2000010c        -       0x000003cc   Zero   RW           23    .bss                my_maincode.o
    0x200004d8        -       0x00000030   Zero   RW          526    .bss                adc.o
    0x20000508        -       0x0000009c   Zero   RW          593    .bss                spi.o
    0x200005a4        -       0x00000048   Zero   RW          640    .bss                tim.o
    0x200005ec        -       0x00000048   Zero   RW          682    .bss                usart.o
    0x20000634        -       0x00000048   Zero   RW          830    .bss                stm32f1xx_hal_timebase_tim.o
    0x2000067c        -       0x00000040   Zero   RW         4062    .bss                queue.o
    0x200006bc        -       0x000004c4   Zero   RW         4507    .bss                tasks.o
    0x20000b80        -       0x0000011c   Zero   RW         4823    .bss                timers.o
    0x20000c9c        -       0x000006b8   Zero   RW         5020    .bss                cmsis_os2.o
    0x20001354        -       0x00000c00   Zero   RW         5383    .bss                heap_4.o
    0x20001f54        -       0x00000440   Zero   RW         5513    .bss                my_bluetooth.o
    0x20002394        -       0x00000090   Zero   RW         5624    .bss                my_usart.o
    0x20002424        -       0x00000200   Zero   RW         5904    .bss                lcd_api.o
    0x20002624        -       0x0000000e   Zero   RW         5984    .bss                key.o
    0x20002632   0x0800c970   0x00000002   PAD
    0x20002634        -       0x00000200   Zero   RW         6027    .bss                my_rocker.o
    0x20002834        -       0x00000060   Zero   RW         6347    .bss                c_w.l(libspace.o)
    0x20002894   0x0800c970   0x00000004   PAD
    0x20002898        -       0x00000200   Zero   RW            2    HEAP                startup_stm32f103xb.o
    0x20002a98        -       0x00000400   Zero   RW            1    STACK               startup_stm32f103xb.o


==============================================================================

Image component sizes


      Code (inc. data)   RO Data    RW Data    ZI Data      Debug   Object Name

       168         22          0          0         48       1589   adc.o
       328         26          0          4       1720      16264   cmsis_os2.o
        44          4          0          0          0        730   dma.o
         0          0          0          0          0      20120   event_groups.o
        44         12         48          4          0       4297   freertos.o
       188         12          0          0          0        919   gpio.o
       460         24          0         24       3072       4599   heap_4.o
       268         28          0          4         14       2756   key.o
      2334         60      14765          0          0      19028   lcd.o
      1954        198       1472         12        512       7493   lcd_api.o
       138          0          0          0          0       3326   list.o
       214          6          0          0          0     459408   main.o
       608        180          0         18       1088      17403   my_bluetooth.o
      1368         82          0         48        972      28182   my_maincode.o
       356         54          0         16        512       3595   my_rocker.o
       460         90          0         28        144       8614   my_usart.o
       662         70          0         12          0      10653   port.o
      2346         22          0          0         64      23833   queue.o
       232         28          0          0        156       1710   spi.o
        64         26        236          0       1536        796   startup_stm32f103xb.o
        64         14          0         12          0       4558   stm32f1xx_hal.o
      1260         54          0          0          0       6424   stm32f1xx_hal_adc.o
       216          6          0          0          0       1406   stm32f1xx_hal_adc_ex.o
       158         14          0          0          0      28126   stm32f1xx_hal_cortex.o
       808         36          0          0          0       4894   stm32f1xx_hal_dma.o
       500         34          0          0          0       3463   stm32f1xx_hal_gpio.o
        72         10          0          0          0        842   stm32f1xx_hal_msp.o
      1304         94         18          0          0       5653   stm32f1xx_hal_rcc.o
       400         28         18          0          0       2429   stm32f1xx_hal_rcc_ex.o
       748         16          0          0          0       6992   stm32f1xx_hal_spi.o
       978         26          0          0          0       9577   stm32f1xx_hal_tim.o
       108         12          0          0          0       2353   stm32f1xx_hal_tim_ex.o
       152         20          0          0         72       1439   stm32f1xx_hal_timebase_tim.o
      1328         10          0          0          0       8909   stm32f1xx_hal_uart.o
        60         24          0          0          0       4204   stm32f1xx_it.o
         0          0          0          0          0       8896   stream_buffer.o
         2          0         24          4          0       1079   system_stm32f1xx.o
      2352        194          0         60       1220      25341   tasks.o
       156         10          0          0         72       1606   tim.o
       912         82          0         20        284      25799   timers.o
       184         22          0          0         72       1638   usart.o

    ----------------------------------------------------------------------
     24040       1650      16616        268      11560     790943   Object Totals
         0          0         32          0          0          0   (incl. Generated)
        42          0          3          2          2          0   (incl. Padding)

    ----------------------------------------------------------------------

      Code (inc. data)   RO Data    RW Data    ZI Data      Debug   Library Member Name

        60          8          0          0          0         84   __0sscanf.o
         8          0          0          0          0         68   __main.o
        14          0          0          0          0         68   __printf_wp.o
         0          0          0          0          0          0   __rtentry.o
        12          0          0          0          0          0   __rtentry2.o
         6          0          0          0          0          0   __rtentry4.o
        52          8          0          0          0          0   __scatter.o
        26          0          0          0          0          0   __scatter_copy.o
        28          0          0          0          0          0   __scatter_zi.o
        28          0          0          0          0         68   _chval.o
        22          0          0          0          0        100   _rserrno.o
       884          4          0          0          0        100   _scanf.o
       332          0          0          0          0         96   _scanf_int.o
        64          0          0          0          0         84   _sgetc.o
        16          0          0          0          0         68   aeabi_memset.o
       228          4        148          0          0         96   bigflt0.o
      1924        136          0          0          0        756   btod.o
        18          0          0          0          0         80   exit.o
         6          0          0          0          0        152   heapauxi.o
         0          0          0          0          0          0   indicate_semi.o
        18          0          0          0          0         76   isspace.o
        44         10        272          0          0         76   lc_ctype_c.o
        44         10         28          0          0         76   lc_numeric_c.o
         2          0          0          0          0          0   libinit.o
        30          0          0          0          0          0   libinit2.o
         2          0          0          0          0          0   libshutdown.o
         2          0          0          0          0          0   libshutdown2.o
         8          4          0          0         96         68   libspace.o
        38          0          0          0          0         68   llshl.o
        16          4          0          0          0         76   rt_ctype_table.o
         8          4          0          0          0         68   rt_errno_addr_intlibspace.o
         8          4          0          0          0         68   rt_locale_intlibspace.o
        68          0          0          0          0         68   rt_memclr.o
        78          0          0          0          0         80   rt_memclr_w.o
       138          0          0          0          0         68   rt_memcpy_v6.o
       100          0          0          0          0         80   rt_memcpy_w.o
         2          0          0          0          0          0   rtexit.o
        10          0          0          0          0          0   rtexit2.o
        44          8          0          0          0         84   scanf_char.o
      1272         16          0          0          0        168   scanf_fp.o
       800         14          0          0          0        100   scanf_hexfp.o
       308         16          0          0          0        100   scanf_infnan.o
       128          0          0          0          0         68   strcmpv7m.o
        62          0          0          0          0         76   strlen.o
       150          0          0          0          0         80   strncmp.o
        86          0          0          0          0         76   strncpy.o
        36          0          0          0          0         80   strstr.o
        12          4          0          0          0         68   sys_exit.o
        74          0          0          0          0         80   sys_stackheap_outer.o
         2          0          0          0          0         68   use_no_semi.o
        98          4          0          0          0         92   d2f.o
        16          4          0          0          0         68   dcheck1.o
        24          0          0          0          0         68   dcmpi.o
       688        140          0          0          0        208   ddiv.o
       120          4          0          0          0         92   deqf.o
        90          4          0          0          0         92   dfixu.o
       120          4          0          0          0         92   dleqf.o
       156          4          0          0          0         92   dnaninf.o
        12          0          0          0          0         68   dretinf.o
       108          0          0          0          0         80   drleqf.o
        86          4          0          0          0         84   f2d.o
        12          4          0          0          0         68   fcheck1.o
        62          4          0          0          0         84   ffixu.o
        38          0          0          0          0         68   fflt_clz.o
       258          4          0          0          0         84   fmul.o
       140          4          0          0          0         84   fnaninf.o
         0          0         16          0          0          0   fpconst.o
        10          0          0          0          0         68   fretinf.o
         6          0          0          0          0         68   istatus.o
       100          0          0          0          0         68   retnan.o
        92          0          0          0          0         68   scalbn.o
        76          0          0          0          0         68   scalbnf.o
         4          0          0          0          0         68   scanf1.o
         8          0          0          0          0         84   scanf2.o
        48          0          0          0          0         68   trapv.o
         0          0          0          0          0          0   usenofp.o
        30          6          0          0          0        136   dunder.o
        88          8          0          0          0         76   frexp.o
       138          0          0          0          0        160   ldexp.o
       204          4          0          0          0        168   narrow.o

    ----------------------------------------------------------------------
     10180        458        464          0        100       6264   Library Totals
        30          2          0          0          4          0   (incl. Padding)

    ----------------------------------------------------------------------

      Code (inc. data)   RO Data    RW Data    ZI Data      Debug   Library Name

      7318        254        448          0         96       3740   c_w.l
      2372        184         16          0          0       1984   fz_ws.l
       460         18          0          0          0        540   m_ws.l

    ----------------------------------------------------------------------
     10180        458        464          0        100       6264   Library Totals

    ----------------------------------------------------------------------

==============================================================================


      Code (inc. data)   RO Data    RW Data    ZI Data      Debug   

     34220       2108      17080        268      11660     781343   Grand Totals
     34220       2108      17080        268      11660     781343   ELF Image Totals
     34220       2108      17080        268          0          0   ROM Totals

==============================================================================

    Total RO  Size (Code + RO Data)                51300 (  50.10kB)
    Total RW  Size (RW Data + ZI Data)             11928 (  11.65kB)
    Total ROM Size (Code + RO Data + RW Data)      51568 (  50.36kB)

==============================================================================

